Archive member included to satisfy reference by file (symbol)

/home/rosdev/ros2_ws/src/libmicroros/libmicroros.a(librcl-publisher.c.obj)
                              CMakeFiles/competition_pico.dir/competition_pico.c.o (rcl_publish)
/home/rosdev/ros2_ws/src/libmicroros/libmicroros.a(librclc-executor.c.obj)
                              CMakeFiles/competition_pico.dir/competition_pico.c.o (rclc_executor_init)
/home/rosdev/ros2_ws/src/libmicroros/libmicroros.a(librclc-executor_handle.c.obj)
                              /home/rosdev/ros2_ws/src/libmicroros/libmicroros.a(librclc-executor.c.obj) (rclc_executor_handle_counters_zero_init)
/home/rosdev/ros2_ws/src/libmicroros/libmicroros.a(librclc-init.c.obj)
                              CMakeFiles/competition_pico.dir/competition_pico.c.o (rclc_support_init)
/home/rosdev/ros2_ws/src/libmicroros/libmicroros.a(librclc-node.c.obj)
                              CMakeFiles/competition_pico.dir/competition_pico.c.o (rclc_node_init_default)
/home/rosdev/ros2_ws/src/libmicroros/libmicroros.a(librclc-publisher.c.obj)
                              CMakeFiles/competition_pico.dir/competition_pico.c.o (rclc_publisher_init_default)
/home/rosdev/ros2_ws/src/libmicroros/libmicroros.a(librclc-sleep.c.obj)
                              /home/rosdev/ros2_ws/src/libmicroros/libmicroros.a(librclc-executor.c.obj) (rclc_sleep_ms)
/home/rosdev/ros2_ws/src/libmicroros/libmicroros.a(librclc-timer.c.obj)
                              CMakeFiles/competition_pico.dir/competition_pico.c.o (rclc_timer_init_default)
/home/rosdev/ros2_ws/src/libmicroros/libmicroros.a(librcutils-allocator.c.obj)
                              CMakeFiles/competition_pico.dir/competition_pico.c.o (rcutils_get_default_allocator)
/home/rosdev/ros2_ws/src/libmicroros/libmicroros.a(librcutils-error_handling.c.obj)
                              /home/rosdev/ros2_ws/src/libmicroros/libmicroros.a(librclc-executor.c.obj) (rcutils_reset_error)
/home/rosdev/ros2_ws/src/libmicroros/libmicroros.a(librcutils-time_unix.c.obj)
                              /home/rosdev/ros2_ws/src/libmicroros/libmicroros.a(librclc-executor.c.obj) (rcutils_system_time_now)
/home/rosdev/ros2_ws/src/libmicroros/libmicroros.a(librmw-publisher_options.c.obj)
                              /home/rosdev/ros2_ws/src/libmicroros/libmicroros.a(librcl-publisher.c.obj) (rmw_get_default_publisher_options)
/home/rosdev/ros2_ws/src/libmicroros/libmicroros.a(librmw_microxrcedds-custom_transport.c.obj)
                              CMakeFiles/competition_pico.dir/competition_pico.c.o (rmw_uros_set_custom_transport)
/home/rosdev/ros2_ws/src/libmicroros/libmicroros.a(librmw_microxrcedds-ping.c.obj)
                              CMakeFiles/competition_pico.dir/competition_pico.c.o (rmw_uros_ping_agent)
/home/rosdev/ros2_ws/src/libmicroros/libmicroros.a(librmw_microxrcedds-rmw_publish.c.obj)
                              /home/rosdev/ros2_ws/src/libmicroros/libmicroros.a(librcl-publisher.c.obj) (rmw_publish)
/home/rosdev/ros2_ws/src/libmicroros/libmicroros.a(librmw_microxrcedds-rmw_publisher.c.obj)
                              /home/rosdev/ros2_ws/src/libmicroros/libmicroros.a(librcl-publisher.c.obj) (rmw_create_publisher)
/home/rosdev/ros2_ws/src/libmicroros/libmicroros.a(librmw_microxrcedds-rmw_uxrce_transports.c.obj)
                              /home/rosdev/ros2_ws/src/libmicroros/libmicroros.a(librmw_microxrcedds-ping.c.obj) (rmw_uxrce_transport_init)
/home/rosdev/ros2_ws/src/libmicroros/libmicroros.a(librmw_microxrcedds-types.c.obj)
                              /home/rosdev/ros2_ws/src/libmicroros/libmicroros.a(librmw_microxrcedds-rmw_publisher.c.obj) (rmw_uxrce_fini_publisher_memory)
/home/rosdev/ros2_ws/src/libmicroros/libmicroros.a(librmw_microxrcedds-utils.c.obj)
                              /home/rosdev/ros2_ws/src/libmicroros/libmicroros.a(librmw_microxrcedds-rmw_publisher.c.obj) (run_xrce_session)
/home/rosdev/ros2_ws/src/libmicroros/libmicroros.a(librosidl_runtime_c-message_type_support.c.obj)
                              /home/rosdev/ros2_ws/src/libmicroros/libmicroros.a(librmw_microxrcedds-rmw_publisher.c.obj) (get_message_typesupport_handle)
/home/rosdev/ros2_ws/src/libmicroros/libmicroros.a(libsensor_msgs__rosidl_typesupport_c-imu__type_support.cpp.obj)
                              CMakeFiles/competition_pico.dir/competition_pico.c.o (rosidl_typesupport_c__get_message_type_support_handle__sensor_msgs__msg__Imu)
/home/rosdev/ros2_ws/src/libmicroros/libmicroros.a(libsensor_msgs__rosidl_typesupport_introspection_c-imu__type_support.c.obj)
                              /home/rosdev/ros2_ws/src/libmicroros/libmicroros.a(libsensor_msgs__rosidl_typesupport_c-imu__type_support.cpp.obj) (rosidl_typesupport_introspection_c__get_message_type_support_handle__sensor_msgs__msg__Imu)
/home/rosdev/ros2_ws/src/libmicroros/libmicroros.a(libsensor_msgs__rosidl_typesupport_microxrcedds_c-imu__type_support_c.c.obj)
[...]
Memory Configuration

Name             Origin             Length             Attributes
FLASH            0x0000000010000000 0x0000000000200000 xr
RAM              0x0000000020000000 0x0000000000040000 xrw
SCRATCH_X        0x0000000020040000 0x0000000000001000 xrw
SCRATCH_Y        0x0000000020041000 0x0000000000001000 xrw
*default*        0x0000000000000000 0xffffffffffffffff

Linker script and memory map

LOAD /usr/lib/gcc/arm-none-eabi/10.3.1/thumb/v6-m/nofp/crti.o
LOAD /usr/lib/gcc/arm-none-eabi/10.3.1/thumb/v6-m/nofp/crtbegin.o
LOAD /usr/lib/gcc/arm-none-eabi/10.3.1/../../../arm-none-eabi/lib/thumb/v6-m/nofp/crt0.o

.flash_begin    0x0000000010000000        0x0
                0x0000000010000000                __flash_binary_start = .

.boot2          0x0000000010000000      0x100
                0x0000000010000000                __boot2_start__ = .
 *(.boot2)
 .boot2         0x0000000010000000      0x100 pico-sdk/src/rp2040/boot_stage2/CMakeFiles/bs2_default_library.dir/bs2_default_padded_checksummed.S.o
                0x0000000010000100                __boot2_end__ = .
                0x0000000000000001                ASSERT (((__boot2_end__ - __boot2_start__) == 0x100), ERROR: Pico second stage bootloader must be 256 bytes in size)

.text           0x0000000010000100    0x18b74
                0x0000000010000100                __logical_binary_start = .
 *(.vectors)
 .vectors       0x0000000010000100       0xd4 CMakeFiles/competition_pico.dir/_deps/pico_sdk-src/src/rp2_common/pico_crt0/crt0.S.o
                0x0000000010000100                __vectors
                0x0000000010000100                __VECTOR_TABLE
                0x00000000100001c0                isr_invalid
                0x00000000100001c0                __default_isrs_start
                0x00000000100001c2                isr_nmi
                0x00000000100001c4                isr_hardfault
                0x00000000100001c6                isr_svcall
                0x00000000100001c8                isr_pendsv
                0x00000000100001ca                isr_systick
                0x00000000100001cc                isr_irq30
                0x00000000100001cc                __unhandled_user_irq
                0x00000000100001cc                isr_irq13
                0x00000000100001cc                isr_irq27
                0x00000000100001cc                isr_irq31
                0x00000000100001cc                isr_irq5
                0x00000000100001cc                isr_irq11
                0x00000000100001cc                isr_irq23
                0x00000000100001cc                isr_irq18
                0x00000000100001cc                isr_irq28
                0x00000000100001cc                isr_irq19
                0x00000000100001cc                isr_irq0
                0x00000000100001cc                isr_irq6
                0x00000000100001cc                isr_irq22
                0x00000000100001cc                isr_irq17
                0x00000000100001cc                isr_irq14
                0x00000000100001cc                isr_irq2
                0x00000000100001cc                isr_irq10
                0x00000000100001cc                isr_irq8
                0x00000000100001cc                isr_irq24
                0x00000000100001cc                isr_irq1
                0x00000000100001cc                isr_irq7
                0x00000000100001cc                isr_irq21
                0x00000000100001cc                isr_irq20
                0x00000000100001cc                isr_irq15
                0x00000000100001cc                isr_irq25
                0x00000000100001cc                isr_irq4
                0x00000000100001cc                isr_irq16
                0x00000000100001cc                isr_irq29
                0x00000000100001cc                isr_irq26
                0x00000000100001cc                __default_isrs_end
                0x00000000100001cc                isr_irq3
                0x00000000100001cc                isr_irq12
                0x00000000100001cc                isr_irq9
                0x00000000100001d2                unhandled_user_irq_num_in_r0
 *(.binary_info_header)
 .binary_info_header
                0x00000000100001d4       0x14 CMakeFiles/competition_pico.dir/_deps/pico_sdk-src/src/rp2_common/pico_crt0/crt0.S.o
                0x00000000100001e8                __binary_info_header_end = .
 *(.embedded_block)
                0x00000000100001e8                __embedded_block_end = .
 *(.reset)
 .reset         0x00000000100001e8       0x9c CMakeFiles/competition_pico.dir/_deps/pico_sdk-src/src/rp2_common/pico_crt0/crt0.S.o
                0x00000000100001e8                _entry_point
 *(.init)
 .init          0x0000000010000284        0x4 /usr/lib/gcc/arm-none-eabi/10.3.1/thumb/v6-m/nofp/crti.o
                0x0000000010000284                _init
 *(EXCLUDE_FILE(*libm.a: *libc.a:*lib_a-mem*.o *libgcc.a:) .text*)
 .text          0x0000000010000288       0x98 /usr/lib/gcc/arm-none-eabi/10.3.1/thumb/v6-m/nofp/crtbegin.o
 .text.clock_gettime
                0x0000000010000320       0x3c CMakeFiles/competition_pico.dir/pico_uart_transport.c.o
                0x0000000010000320                clock_gettime
 .text.pico_serial_transport_open
                0x000000001000035c       0x1c CMakeFiles/competition_pico.dir/pico_uart_transport.c.o
                0x000000001000035c                pico_serial_transport_open
 .text.pico_serial_transport_close
                0x0000000010000378        0x4 CMakeFiles/competition_pico.dir/pico_uart_transport.c.o
                0x0000000010000378                pico_serial_transport_close
 .text.pico_serial_transport_write
                0x000000001000037c       0x38 CMakeFiles/competition_pico.dir/pico_uart_transport.c.o
                0x000000001000037c                pico_serial_transport_write
 .text.pico_serial_transport_read
                0x00000000100003b4       0x64 CMakeFiles/competition_pico.dir/pico_uart_transport.c.o
                0x00000000100003b4                pico_serial_transport_read
 .text.toQuaternion
                0x0000000010000418      0x1d0 CMakeFiles/competition_pico.dir/competition_pico.c.o
                0x0000000010000418                toQuaternion
 .text.mpu6050_reset
                0x00000000100005e8       0x88 CMakeFiles/competition_pico.dir/competition_pico.c.o
                0x00000000100005e8                mpu6050_reset
 .text.fill_message
                0x0000000010000670      0x4c4 CMakeFiles/competition_pico.dir/competition_pico.c.o
                0x0000000010000670                fill_message
 .text.timer_callback_imu
                0x0000000010000b34       0x20 CMakeFiles/competition_pico.dir/competition_pico.c.o
 .text.fx29_init
                0x0000000010000b54       0x74 CMakeFiles/competition_pico.dir/competition_pico.c.o
                0x0000000010000b54                fx29_init
 .text.fx29_read_force_raw
                0x0000000010000bc8       0x8c CMakeFiles/competition_pico.dir/competition_pico.c.o
                0x0000000010000bc8                fx29_read_force_raw
 .text.timer_callback
                0x0000000010000c54       0x24 CMakeFiles/competition_pico.dir/competition_pico.c.o
                0x0000000010000c54                timer_callback
 .text.startup.main
                0x0000000010000c78      0x198 CMakeFiles/competition_pico.dir/competition_pico.c.o
                0x0000000010000c78                main
 .text.gpio_set_function
                0x0000000010000e10       0x34 CMakeFiles/competition_pico.dir/_deps/pico_sdk-src/src/rp2_common/hardware_gpio/gpio.c.o
                0x0000000010000e10                gpio_set_function
 .text.gpio_set_pulls
                0x0000000010000e44       0x34 CMakeFiles/competition_pico.dir/_deps/pico_sdk-src/src/rp2_common/hardware_gpio/gpio.c.o
                0x0000000010000e44                gpio_set_pulls
 .text.rp2040_chip_version
                0x0000000010000e78        0xc CMakeFiles/competition_pico.dir/_deps/pico_sdk-src/src/rp2040/pico_platform/platform.c.o
                0x0000000010000e78                rp2040_chip_version
 .text.panic    0x0000000010000e84       0x30 CMakeFiles/competition_pico.dir/_deps/pico_sdk-src/src/rp2_common/pico_platform_panic/panic.c.o
                0x0000000010000e84                panic
 .text.hw_claim_or_assert
                0x0000000010000eb4       0x44 CMakeFiles/competition_pico.dir/_deps/pico_sdk-src/src/common/hardware_claim/claim.c.o
                0x0000000010000eb4                hw_claim_or_assert
 .text.hw_claim_unused_from_range
                0x0000000010000ef8       0x9c CMakeFiles/competition_pico.dir/_deps/pico_sdk-src/src/common/hardware_claim/claim.c.o
                0x0000000010000ef8                hw_claim_unused_from_range
 .text.next_striped_spin_lock_num
                0x0000000010000f94       0x18 CMakeFiles/competition_pico.dir/_deps/pico_sdk-src/src/rp2_common/hardware_sync/sync.c.o
                0x0000000010000f94                next_striped_spin_lock_num
 .text.spin_lock_claim_unused
                0x0000000010000fac       0x20 CMakeFiles/competition_pico.dir/_deps/pico_sdk-src/src/rp2_common/hardware_sync/sync.c.o
                0x0000000010000fac                spin_lock_claim_unused
 .text.spin_locks_reset
                0x0000000010000fcc       0x1c CMakeFiles/competition_pico.dir/_deps/pico_sdk-src/src/rp2_common/hardware_sync_spin_lock/sync_spin_lock.c.o
                0x0000000010000fcc                spin_locks_reset
 .text.runtime_init_per_core_irq_priorities
                0x0000000010000fe8       0x24 CMakeFiles/competition_pico.dir/_deps/pico_sdk-src/src/rp2_common/hardware_irq/irq.c.o
                0x0000000010000fe8                runtime_init_per_core_irq_priorities
 .text.irq_set_enabled
                0x000000001000100c       0x24 CMakeFiles/competition_pico.dir/_deps/pico_sdk-src/src/rp2_common/hardware_irq/irq.c.o
                0x000000001000100c                irq_set_enabled
 .text.irq_is_enabled
                0x0000000010001030       0x18 CMakeFiles/competition_pico.dir/_deps/pico_sdk-src/src/rp2_common/hardware_irq/irq.c.o
                0x0000000010001030                irq_is_enabled
 .text.irq_set_pending
                0x0000000010001048       0x10 CMakeFiles/competition_pico.dir/_deps/pico_sdk-src/src/rp2_common/hardware_irq/irq.c.o
                0x0000000010001048                irq_set_pending
 .text.irq_has_shared_handler
                0x0000000010001058       0x24 CMakeFiles/competition_pico.dir/_deps/pico_sdk-src/src/rp2_common/hardware_irq/irq.c.o
                0x0000000010001058                irq_has_shared_handler
 .text.irq_set_exclusive_handler
                0x000000001000107c       0x54 CMakeFiles/competition_pico.dir/_deps/pico_sdk-src/src/rp2_common/hardware_irq/irq.c.o
                0x000000001000107c                irq_set_exclusive_handler
 .text.irq_add_shared_handler
                0x00000000100010d0      0x1e8 CMakeFiles/competition_pico.dir/_deps/pico_sdk-src/src/rp2_common/hardware_irq/irq.c.o
                0x00000000100010d0                irq_add_shared_handler
 .text.irq_add_tail_to_free_list
                0x00000000100012b8       0xb4 CMakeFiles/competition_pico.dir/_deps/pico_sdk-src/src/rp2_common/hardware_irq/irq.c.o
                0x00000000100012b8                irq_add_tail_to_free_list
 .text.user_irq_claim_unused
                0x000000001000136c       0x28 CMakeFiles/competition_pico.dir/_deps/pico_sdk-src/src/rp2_common/hardware_irq/irq.c.o
                0x000000001000136c                user_irq_claim_unused
 .text.lock_init
                0x0000000010001394       0x10 CMakeFiles/competition_pico.dir/_deps/pico_sdk-src/src/common/pico_sync/lock_core.c.o
                0x0000000010001394                lock_init
 .text.runtime_init_mutex
                0x00000000100013a4       0x58 CMakeFiles/competition_pico.dir/_deps/pico_sdk-src/src/common/pico_sync/mutex.c.o
                0x00000000100013a4                runtime_init_mutex
 .text.mutex_init
                0x00000000100013fc       0x1c CMakeFiles/competition_pico.dir/_deps/pico_sdk-src/src/common/pico_sync/mutex.c.o
                0x00000000100013fc                mutex_init
 .text.critical_section_init
                0x0000000010001418       0x20 CMakeFiles/competition_pico.dir/_deps/pico_sdk-src/src/common/pico_sync/critical_section.c.o
                0x0000000010001418                critical_section_init
 .text.critical_section_init_with_lock_num
                0x0000000010001438       0x14 CMakeFiles/competition_pico.dir/_deps/pico_sdk-src/src/common/pico_sync/critical_section.c.o
                0x0000000010001438                critical_section_init_with_lock_num
 .text.sleep_until_callback
                0x000000001000144c       0x30 CMakeFiles/competition_pico.dir/_deps/pico_sdk-src/src/common/pico_time/time.c.o
 .text.alarm_pool_irq_handler
                0x000000001000147c      0x308 CMakeFiles/competition_pico.dir/_deps/pico_sdk-src/src/common/pico_time/time.c.o
 .text.runtime_init_default_alarm_pool
                0x0000000010001784       0xdc CMakeFiles/competition_pico.dir/_deps/pico_sdk-src/src/common/pico_time/time.c.o
                0x0000000010001784                runtime_init_default_alarm_pool
 .text.alarm_pool_get_default
                0x0000000010001860        0x8 CMakeFiles/competition_pico.dir/_deps/pico_sdk-src/src/common/pico_time/time.c.o
                0x0000000010001860                alarm_pool_get_default
 .text.alarm_pool_add_alarm_at
                0x0000000010001868       0xc8 CMakeFiles/competition_pico.dir/_deps/pico_sdk-src/src/common/pico_time/time.c.o
                0x0000000010001868                alarm_pool_add_alarm_at
 .text.alarm_pool_add_alarm_at_force_in_context
                0x0000000010001930       0xb0 CMakeFiles/competition_pico.dir/_deps/pico_sdk-src/src/common/pico_time/time.c.o
                0x0000000010001930                alarm_pool_add_alarm_at_force_in_context
 .text.alarm_pool_cancel_alarm
                0x00000000100019e0       0x7c CMakeFiles/competition_pico.dir/_deps/pico_sdk-src/src/common/pico_time/time.c.o
                0x00000000100019e0                alarm_pool_cancel_alarm
 .text.alarm_pool_core_num
                0x0000000010001a5c        0x4 CMakeFiles/competition_pico.dir/_deps/pico_sdk-src/src/common/pico_time/time.c.o
                0x0000000010001a5c                alarm_pool_core_num
 .text.sleep_until
                0x0000000010001a60       0xd0 CMakeFiles/competition_pico.dir/_deps/pico_sdk-src/src/common/pico_time/time.c.o
                0x0000000010001a60                sleep_until
 .text.sleep_ms
                0x0000000010001b30       0x34 CMakeFiles/competition_pico.dir/_deps/pico_sdk-src/src/common/pico_time/time.c.o
                0x0000000010001b30                sleep_ms
 .text.best_effort_wfe_or_timeout
                0x0000000010001b64       0xfc CMakeFiles/competition_pico.dir/_deps/pico_sdk-src/src/common/pico_time/time.c.o
                0x0000000010001b64                best_effort_wfe_or_timeout
 .text.check_single_timeout_us
                0x0000000010001c60       0x28 CMakeFiles/competition_pico.dir/_deps/pico_sdk-src/src/common/pico_time/timeout_helper.c.o
 .text.init_single_timeout_until
                0x0000000010001c88        0xc CMakeFiles/competition_pico.dir/_deps/pico_sdk-src/src/common/pico_time/timeout_helper.c.o
                0x0000000010001c88                init_single_timeout_until
 .text.timer_hardware_alarm_claim
                0x0000000010001c94       0x14 CMakeFiles/competition_pico.dir/_deps/pico_sdk-src/src/rp2_common/hardware_timer/timer.c.o
                0x0000000010001c94                timer_hardware_alarm_claim
 .text.timer_time_us_64
                0x0000000010001ca8       0x10 CMakeFiles/competition_pico.dir/_deps/pico_sdk-src/src/rp2_common/hardware_timer/timer.c.o
                0x0000000010001ca8                timer_time_us_64
 .text.time_us_64
                0x0000000010001cb8       0x14 CMakeFiles/competition_pico.dir/_deps/pico_sdk-src/src/rp2_common/hardware_timer/timer.c.o
                0x0000000010001cb8                time_us_64
 .text.busy_wait_us
                0x0000000010001ccc       0x54 CMakeFiles/competition_pico.dir/_deps/pico_sdk-src/src/rp2_common/hardware_timer/timer.c.o
                0x0000000010001ccc                busy_wait_us
 .text.busy_wait_until
                0x0000000010001d20       0x20 CMakeFiles/competition_pico.dir/_deps/pico_sdk-src/src/rp2_common/hardware_timer/timer.c.o
                0x0000000010001d20                busy_wait_until
 .text.clock_configure_int_divider
                0x0000000010001d40       0xf4 CMakeFiles/competition_pico.dir/_deps/pico_sdk-src/src/rp2_common/hardware_clocks/clocks.c.o
                0x0000000010001d40                clock_configure_int_divider
 .text.clock_configure_undivided
                0x0000000010001e34       0xe8 CMakeFiles/competition_pico.dir/_deps/pico_sdk-src/src/rp2_common/hardware_clocks/clocks.c.o
                0x0000000010001e34                clock_configure_undivided
 .text.clock_get_hz
                0x0000000010001f1c        0xc CMakeFiles/competition_pico.dir/_deps/pico_sdk-src/src/rp2_common/hardware_clocks/clocks.c.o
                0x0000000010001f1c                clock_get_hz
 .text.pll_init
                0x0000000010001f28       0xa0 CMakeFiles/competition_pico.dir/_deps/pico_sdk-src/src/rp2_common/hardware_pll/pll.c.o
                0x0000000010001f28                pll_init
 .text.watchdog_reboot
                0x0000000010001fc8       0x98 CMakeFiles/competition_pico.dir/_deps/pico_sdk-src/src/rp2_common/hardware_watchdog/watchdog.c.o
                0x0000000010001fc8                watchdog_reboot
 .text.tick_start
                0x0000000010002060       0x10 CMakeFiles/competition_pico.dir/_deps/pico_sdk-src/src/rp2_common/hardware_ticks/ticks.c.o
                0x0000000010002060                tick_start
 .text.rom_func_lookup
                0x0000000010002070       0x10 CMakeFiles/competition_pico.dir/_deps/pico_sdk-src/src/rp2_common/pico_bootrom/bootrom.c.o
                0x0000000010002070                rom_func_lookup
 .text.rom_data_lookup
                0x0000000010002080       0x10 CMakeFiles/competition_pico.dir/_deps/pico_sdk-src/src/rp2_common/pico_bootrom/bootrom.c.o
                0x0000000010002080                rom_data_lookup
 .text.rom_funcs_lookup
                0x0000000010002090       0x44 CMakeFiles/competition_pico.dir/_deps/pico_sdk-src/src/rp2_common/pico_bootrom/bootrom.c.o
                0x0000000010002090                rom_funcs_lookup
 .text.rom_reset_usb_boot_extra
                0x00000000100020d4       0x28 CMakeFiles/competition_pico.dir/_deps/pico_sdk-src/src/rp2_common/pico_bootrom/bootrom.c.o
                0x00000000100020d4                rom_reset_usb_boot_extra
 .text.xosc_init
                0x00000000100020fc       0x28 CMakeFiles/competition_pico.dir/_deps/pico_sdk-src/src/rp2_common/hardware_xosc/xosc.c.o
                0x00000000100020fc                xosc_init
 .text.first_per_core_initializer
                0x0000000010002124        0x4 CMakeFiles/competition_pico.dir/_deps/pico_sdk-src/src/rp2_common/pico_runtime/runtime.c.o
 .text.hard_assertion_failure
                0x0000000010002128        0xc CMakeFiles/competition_pico.dir/_deps/pico_sdk-src/src/rp2_common/pico_runtime/runtime.c.o
                0x0000000010002128                hard_assertion_failure
 .text.runtime_run_initializers
                0x0000000010002134       0x28 CMakeFiles/competition_pico.dir/_deps/pico_sdk-src/src/rp2_common/pico_runtime/runtime.c.o
                0x0000000010002134                runtime_run_initializers
 .text.runtime_init_early_resets
                0x000000001000215c       0x2c CMakeFiles/competition_pico.dir/_deps/pico_sdk-src/src/rp2_common/pico_runtime_init/runtime_init.c.o
                0x000000001000215c                runtime_init_early_resets
 .text.runtime_init_usb_power_down
                0x0000000010002188       0x1c CMakeFiles/competition_pico.dir/_deps/pico_sdk-src/src/rp2_common/pico_runtime_init/runtime_init.c.o
                0x0000000010002188                runtime_init_usb_power_down
 .text.runtime_init_post_clock_resets
                0x00000000100021a4       0x20 CMakeFiles/competition_pico.dir/_deps/pico_sdk-src/src/rp2_common/pico_runtime_init/runtime_init.c.o
                0x00000000100021a4                runtime_init_post_clock_resets
 .text.runtime_init_rp2040_gpio_ie_disable
                0x00000000100021c4       0x14 CMakeFiles/competition_pico.dir/_deps/pico_sdk-src/src/rp2_common/pico_runtime_init/runtime_init.c.o
                0x00000000100021c4                runtime_init_rp2040_gpio_ie_disable
 .text.runtime_init_spin_locks_reset
                0x00000000100021d8        0x8 CMakeFiles/competition_pico.dir/_deps/pico_sdk-src/src/rp2_common/pico_runtime_init/runtime_init.c.o
                0x00000000100021d8                runtime_init_spin_locks_reset
 .text.runtime_init_install_ram_vector_table
                0x00000000100021e0       0x1c CMakeFiles/competition_pico.dir/_deps/pico_sdk-src/src/rp2_common/pico_runtime_init/runtime_init.c.o
                0x00000000100021e0                runtime_init_install_ram_vector_table
 .text.runtime_init_clocks
                0x00000000100021fc       0xd8 CMakeFiles/competition_pico.dir/_deps/pico_sdk-src/src/rp2_common/pico_runtime_init/runtime_init_clocks.c.o
                0x00000000100021fc                runtime_init_clocks
 .text          0x00000000100022d4       0x10 CMakeFiles/competition_pico.dir/_deps/pico_sdk-src/src/rp2_common/pico_bit_ops/bit_ops_aeabi.S.o
 .text.__wrap___aeabi_idiv
                0x00000000100022e4       0x50 CMakeFiles/competition_pico.dir/_deps/pico_sdk-src/src/rp2_common/pico_divider/divider_hardware.S.o
                0x00000000100022e4                __wrap___aeabi_idivmod
                0x00000000100022e4                divmod_s32s32
                0x00000000100022e4                div_s32s32
                0x00000000100022e4                __wrap___aeabi_idiv
                0x00000000100022ec                divmod_s32s32_unsafe
                0x0000000010002318                divmod_s32s32_savestate
 .text.__wrap___aeabi_uidiv
                0x0000000010002334       0x4c CMakeFiles/competition_pico.dir/_deps/pico_sdk-src/src/rp2_common/pico_divider/divider_hardware.S.o
                0x0000000010002334                __wrap___aeabi_uidiv
                0x0000000010002334                __wrap___aeabi_uidivmod
                0x0000000010002334                div_u32u32
                0x0000000010002334                divmod_u32u32
                0x000000001000233c                divmod_u32u32_unsafe
                0x0000000010002364                divmod_u32u32_savestate
 .text.__wrap___aeabi_ldiv
                0x0000000010002380      0x424 CMakeFiles/competition_pico.dir/_deps/pico_sdk-src/src/rp2_common/pico_divider/divider_hardware.S.o
                0x0000000010002380                div_s64s64
                0x0000000010002380                divmod_s64s64
                0x0000000010002380                __wrap___aeabi_ldivmod
                0x00000000100023b0                div_u64u64
                0x00000000100023b0                divmod_u64u64
                0x00000000100023b0                __wrap___aeabi_uldivmod
                0x00000000100023c0                divmod_u64u64_savestate
                0x00000000100023e0                divmod_s64s64_unsafe
                0x0000000010002468                divmod_u64u64_unsafe
 .text.push_r8_r11
                0x00000000100027a4        0xc CMakeFiles/competition_pico.dir/_deps/pico_sdk-src/src/rp2_common/pico_double/double_aeabi_rp2040.S.o
                0x00000000100027a4                push_r8_r11
 .text.pop_r8_r11
                0x00000000100027b0        0xc CMakeFiles/competition_pico.dir/_deps/pico_sdk-src/src/rp2_common/pico_double/double_aeabi_rp2040.S.o
                0x00000000100027b0                pop_r8_r11
 .text.__wrap___aeabi_darithmetic
                0x00000000100027bc       0x80 CMakeFiles/competition_pico.dir/_deps/pico_sdk-src/src/rp2_common/pico_double/double_aeabi_rp2040.S.o
                0x00000000100027bc                __wrap___aeabi_drsub
                0x00000000100027c2                __wrap___aeabi_dsub
                0x00000000100027d4                __wrap___aeabi_dadd
                0x00000000100027e6                __wrap___aeabi_ddiv
                0x0000000010002822                __wrap___aeabi_dmul
 .text.__wrap___aeabi_cdcmple
                0x000000001000283c       0x6c CMakeFiles/competition_pico.dir/_deps/pico_sdk-src/src/rp2_common/pico_double/double_aeabi_rp2040.S.o
                0x000000001000283c                __wrap___aeabi_cdrcmple
                0x000000001000284c                __wrap___aeabi_cdcmple
                0x000000001000284c                __wrap___aeabi_cdcmpeq
 .text.__wrap___aeabi_dcmplt
                0x00000000100028a8        0xc CMakeFiles/competition_pico.dir/_deps/pico_sdk-src/src/rp2_common/pico_double/double_aeabi_rp2040.S.o
                0x00000000100028a8                __wrap___aeabi_dcmplt
 .text.__wrap___aeabi_dcmple
                0x00000000100028b4       0x10 CMakeFiles/competition_pico.dir/_deps/pico_sdk-src/src/rp2_common/pico_double/double_aeabi_rp2040.S.o
                0x00000000100028b4                __wrap___aeabi_dcmple
 .text.__wrap___aeabi_dcmpge
                0x00000000100028c4       0x10 CMakeFiles/competition_pico.dir/_deps/pico_sdk-src/src/rp2_common/pico_double/double_aeabi_rp2040.S.o
                0x00000000100028c4                __wrap___aeabi_dcmpge
 .text.__wrap___aeabi_dcmpgt
                0x00000000100028d4        0xa CMakeFiles/competition_pico.dir/_deps/pico_sdk-src/src/rp2_common/pico_double/double_aeabi_rp2040.S.o
                0x00000000100028d4                __wrap___aeabi_dcmpgt
 .text.__wrap___aeabi_dcmpun
                0x00000000100028de       0x18 CMakeFiles/competition_pico.dir/_deps/pico_sdk-src/src/rp2_common/pico_double/double_aeabi_rp2040.S.o
                0x00000000100028de                __wrap___aeabi_dcmpun
 *fill*         0x00000000100028f6        0x2 
 .text.__wrap___aeabi_i2d
                0x00000000100028f8       0x38 CMakeFiles/competition_pico.dir/_deps/pico_sdk-src/src/rp2_common/pico_double/double_aeabi_rp2040.S.o
                0x00000000100028f8                __wrap___aeabi_ui2d
                0x00000000100028f8                uint2double
                0x0000000010002900                __wrap___aeabi_i2d
                0x0000000010002900                int2double
 .text.__wrap___aeabi_d2iz
                0x0000000010002930       0x48 CMakeFiles/competition_pico.dir/_deps/pico_sdk-src/src/rp2_common/pico_double/double_aeabi_rp2040.S.o
                0x0000000010002930                __wrap___aeabi_d2iz
                0x0000000010002930                double2int_z
 .text.__wrap___aeabi_d2uiz
                0x0000000010002978       0x18 CMakeFiles/competition_pico.dir/_deps/pico_sdk-src/src/rp2_common/pico_double/double_aeabi_rp2040.S.o
                0x0000000010002978                double2uint_z
                0x0000000010002978                double2uint
                0x0000000010002978                __wrap___aeabi_d2uiz
 .text.fix642double
                0x0000000010002990       0x18 CMakeFiles/competition_pico.dir/_deps/pico_sdk-src/src/rp2_common/pico_double/double_aeabi_rp2040.S.o
                0x0000000010002990                fix642double
 .text.__wrap___aeabi_d2f
                0x00000000100029a8       0x18 CMakeFiles/competition_pico.dir/_deps/pico_sdk-src/src/rp2_common/pico_double/double_aeabi_rp2040.S.o
                0x00000000100029a8                __wrap___aeabi_d2f
 .text.__wrap_srqt
                0x00000000100029c0       0x18 CMakeFiles/competition_pico.dir/_deps/pico_sdk-src/src/rp2_common/pico_double/double_aeabi_rp2040.S.o
                0x00000000100029c0                __wrap_sqrt
 .text.__wrap_sincostan_remainder
                0x00000000100029d8       0x14 CMakeFiles/competition_pico.dir/_deps/pico_sdk-src/src/rp2_common/pico_double/double_aeabi_rp2040.S.o
                0x00000000100029d8                sincostan_remainder
 .text.__wrap_cos
                0x00000000100029ec       0x2c CMakeFiles/competition_pico.dir/_deps/pico_sdk-src/src/rp2_common/pico_double/double_aeabi_rp2040.S.o
                0x00000000100029ec                __wrap_cos
 .text.__wrap_sin
                0x0000000010002a18       0x2c CMakeFiles/competition_pico.dir/_deps/pico_sdk-src/src/rp2_common/pico_double/double_aeabi_rp2040.S.o
                0x0000000010002a18                __wrap_sin
 .text.__wrap_atan2
                0x0000000010002a44       0x18 CMakeFiles/competition_pico.dir/_deps/pico_sdk-src/src/rp2_common/pico_double/double_aeabi_rp2040.S.o
                0x0000000010002a44                __wrap_atan2
 .text.__aeabi_double_init
                0x0000000010002a5c       0xa0 CMakeFiles/competition_pico.dir/_deps/pico_sdk-src/src/rp2_common/pico_double/double_init_rom_rp2040.c.o
                0x0000000010002a5c                __aeabi_double_init
 .text.__wrap_atan
                0x0000000010002afc       0x40 CMakeFiles/competition_pico.dir/_deps/pico_sdk-src/src/rp2_common/pico_double/double_math.c.o
                0x0000000010002afc                __wrap_atan
 .text.__wrap_remquo
                0x0000000010002b3c      0x2a0 CMakeFiles/competition_pico.dir/_deps/pico_sdk-src/src/rp2_common/pico_double/double_math.c.o
                0x0000000010002b3c                __wrap_remquo
 .text.__wrap_remainder
                0x0000000010002ddc       0x10 CMakeFiles/competition_pico.dir/_deps/pico_sdk-src/src/rp2_common/pico_double/double_math.c.o
                0x0000000010002ddc                __wrap_remainder
 .text.double_table_shim_on_use_helper
                0x0000000010002dec       0x2c CMakeFiles/competition_pico.dir/_deps/pico_sdk-src/src/rp2_common/pico_double/double_v1_rom_shim_rp2040.S.o
                0x0000000010002dec                double_table_shim_on_use_helper
 .text.__wrap___aeabi_dsub
                0x0000000010002e18       0x10 CMakeFiles/competition_pico.dir/_deps/pico_sdk-src/src/rp2_common/pico_double/double_v1_rom_shim_rp2040.S.o
                0x0000000010002e18                drsub_shim
                0x0000000010002e1e                dsub_shim
 .text.dadd_shim
                0x0000000010002e28      0x15c CMakeFiles/competition_pico.dir/_deps/pico_sdk-src/src/rp2_common/pico_double/double_v1_rom_shim_rp2040.S.o
                0x0000000010002e28                dadd_shim
 .text.dmul_shim
                0x0000000010002f84      0x15c CMakeFiles/competition_pico.dir/_deps/pico_sdk-src/src/rp2_common/pico_double/double_v1_rom_shim_rp2040.S.o
                0x0000000010002f84                dmul_shim
 .text.ddiv_shim
                0x00000000100030e0      0x1b0 CMakeFiles/competition_pico.dir/_deps/pico_sdk-src/src/rp2_common/pico_double/double_v1_rom_shim_rp2040.S.o
                0x00000000100030e0                ddiv_shim
 .text.dsqrt_shim
                0x0000000010003290      0x1a8 CMakeFiles/competition_pico.dir/_deps/pico_sdk-src/src/rp2_common/pico_double/double_v1_rom_shim_rp2040.S.o
                0x00000000100032ac                dsqrt_shim
 .text.dcordic_vec_step
                0x0000000010003438        0xe CMakeFiles/competition_pico.dir/_deps/pico_sdk-src/src/rp2_common/pico_double/double_v1_rom_shim_rp2040.S.o
                0x0000000010003438                dcordic_vec_step
 .text.dcordic_rot_step
                0x0000000010003446       0x76 CMakeFiles/competition_pico.dir/_deps/pico_sdk-src/src/rp2_common/pico_double/double_v1_rom_shim_rp2040.S.o
                0x0000000010003446                dcordic_rot_step
 .text.double2uint_shim
                0x00000000100034bc        0xe CMakeFiles/competition_pico.dir/_deps/pico_sdk-src/src/rp2_common/pico_double/double_v1_rom_shim_rp2040.S.o
                0x00000000100034bc                double2uint_shim
                0x00000000100034be                double2ufix_shim
 .text.double2int64_shim
                0x00000000100034ca       0x1a CMakeFiles/competition_pico.dir/_deps/pico_sdk-src/src/rp2_common/pico_double/double_v1_rom_shim_rp2040.S.o
                0x00000000100034ca                double2int64_shim
                0x00000000100034cc                double2fix64_shim
 .text.double2uint64_shim
                0x00000000100034e4       0x70 CMakeFiles/competition_pico.dir/_deps/pico_sdk-src/src/rp2_common/pico_double/double_v1_rom_shim_rp2040.S.o
                0x00000000100034e4                double2uint64_shim
                0x00000000100034e6                double2ufix64_shim
                0x0000000010003506                d2fix_a
 .text.double2float_shim
                0x0000000010003554       0x5c CMakeFiles/competition_pico.dir/_deps/pico_sdk-src/src/rp2_common/pico_double/double_v1_rom_shim_rp2040.S.o
                0x0000000010003554                double2float_shim
 .text.x2double_shims
                0x00000000100035b0       0x90 CMakeFiles/competition_pico.dir/_deps/pico_sdk-src/src/rp2_common/pico_double/double_v1_rom_shim_rp2040.S.o
                0x00000000100035b0                uint2double_shim
                0x00000000100035b2                ufix2double_shim
                0x00000000100035b8                int2double_shim
                0x00000000100035ba                fix2double_shim
                0x00000000100035c0                uint642double_shim
                0x00000000100035c2                ufix642double_shim
                0x00000000100035c8                int642double_shim
                0x00000000100035ca                fix642double_shim
 .text.dunpacks
                0x0000000010003640       0x3c CMakeFiles/competition_pico.dir/_deps/pico_sdk-src/src/rp2_common/pico_double/double_v1_rom_shim_rp2040.S.o
                0x0000000010003640                dunpacks
 .text.dreduce  0x000000001000367c       0x82 CMakeFiles/competition_pico.dir/_deps/pico_sdk-src/src/rp2_common/pico_double/double_v1_rom_shim_rp2040.S.o
                0x000000001000367c                dreduce
 .text.dcos_shim
                0x00000000100036fe       0x10 CMakeFiles/competition_pico.dir/_deps/pico_sdk-src/src/rp2_common/pico_double/double_v1_rom_shim_rp2040.S.o
                0x00000000100036fe                dcos_shim
 .text.dsin_shim
                0x000000001000370e       0x14 CMakeFiles/competition_pico.dir/_deps/pico_sdk-src/src/rp2_common/pico_double/double_v1_rom_shim_rp2040.S.o
                0x000000001000370e                dsin_shim
 *fill*         0x0000000010003722        0x2 
 .text.dtrig_guts
                0x0000000010003724      0x2ec CMakeFiles/competition_pico.dir/_deps/pico_sdk-src/src/rp2_common/pico_double/double_v1_rom_shim_rp2040.S.o
                0x00000000100037fc                datan2_shim
 .text.__aeabi_lmul
                0x0000000010003a10       0x32 CMakeFiles/competition_pico.dir/_deps/pico_sdk-src/src/rp2_common/pico_int64_ops/pico_int64_ops_aeabi.S.o
                0x0000000010003a10                __wrap___aeabi_lmul
 *fill*         0x0000000010003a42        0x2 
 .text.__wrap___aeabi_farithmetic
                0x0000000010003a44       0x48 CMakeFiles/competition_pico.dir/_deps/pico_sdk-src/src/rp2_common/pico_float/float_aeabi_rp2040.S.o
                0x0000000010003a44                __wrap___aeabi_frsub
                0x0000000010003a4a                __wrap___aeabi_fsub
                0x0000000010003a50                __wrap___aeabi_fadd
                0x0000000010003a56                __wrap___aeabi_fdiv
                0x0000000010003a7e                __wrap___aeabi_fmul
 .text.__wrap___aeabi_ui2f
                0x0000000010003a8c        0xa CMakeFiles/competition_pico.dir/_deps/pico_sdk-src/src/rp2_common/pico_float/float_aeabi_rp2040.S.o
                0x0000000010003a8c                uint2float
                0x0000000010003a8c                __wrap___aeabi_ui2f
 *fill*         0x0000000010003a96        0x2 
 .text.__wrap___aeabi_i2f
                0x0000000010003a98       0x44 CMakeFiles/competition_pico.dir/_deps/pico_sdk-src/src/rp2_common/pico_float/float_aeabi_rp2040.S.o
                0x0000000010003a98                int2float
                0x0000000010003a98                __wrap___aeabi_i2f
 .text.__wrap___aeabi_f2iz
                0x0000000010003adc       0x4e CMakeFiles/competition_pico.dir/_deps/pico_sdk-src/src/rp2_common/pico_float/float_aeabi_rp2040.S.o
                0x0000000010003adc                __wrap___aeabi_f2iz
                0x0000000010003adc                float2int_z
 *fill*         0x0000000010003b2a        0x2 
 .text.float2int
                0x0000000010003b2c       0x14 CMakeFiles/competition_pico.dir/_deps/pico_sdk-src/src/rp2_common/pico_float/float_aeabi_rp2040.S.o
                0x0000000010003b2c                float2int
 .text.__wrap___aeabi_f2uiz
                0x0000000010003b40        0xc CMakeFiles/competition_pico.dir/_deps/pico_sdk-src/src/rp2_common/pico_float/float_aeabi_rp2040.S.o
                0x0000000010003b40                float2uint
                0x0000000010003b40                float2uint_z
                0x0000000010003b40                __wrap___aeabi_f2uiz
 .text.__wrap___aeabi_f2d
                0x0000000010003b4c       0x14 CMakeFiles/competition_pico.dir/_deps/pico_sdk-src/src/rp2_common/pico_float/float_aeabi_rp2040.S.o
                0x0000000010003b4c                __wrap___aeabi_f2d
 .text.__aeabi_float_init
                0x0000000010003b60       0x64 CMakeFiles/competition_pico.dir/_deps/pico_sdk-src/src/rp2_common/pico_float/float_init_rom_rp2040.c.o
                0x0000000010003b60                __aeabi_float_init
 .text.float_table_shim_on_use_helper
                0x0000000010003bc4       0x2c CMakeFiles/competition_pico.dir/_deps/pico_sdk-src/src/rp2_common/pico_float/float_v1_rom_shim_rp2040.S.o
                0x0000000010003bc4                float_table_shim_on_use_helper
 .text.float232_shims
                0x0000000010003bf0       0x18 CMakeFiles/competition_pico.dir/_deps/pico_sdk-src/src/rp2_common/pico_float/float_v1_rom_shim_rp2040.S.o
                0x0000000010003bf0                float2int_shim
                0x0000000010003bf2                float2fix_shim
 .text.float2double_shim
                0x0000000010003c08       0x30 CMakeFiles/competition_pico.dir/_deps/pico_sdk-src/src/rp2_common/pico_float/float_v1_rom_shim_rp2040.S.o
                0x0000000010003c08                float2double_shim
 .text.__wrap_malloc
                0x0000000010003c38       0x24 CMakeFiles/competition_pico.dir/_deps/pico_sdk-src/src/rp2_common/pico_malloc/malloc.c.o
                0x0000000010003c38                __wrap_malloc
 .text.__wrap_calloc
                0x0000000010003c5c       0x28 CMakeFiles/competition_pico.dir/_deps/pico_sdk-src/src/rp2_common/pico_malloc/malloc.c.o
                0x0000000010003c5c                __wrap_calloc
 .text.__wrap_realloc
                0x0000000010003c84       0x24 CMakeFiles/competition_pico.dir/_deps/pico_sdk-src/src/rp2_common/pico_malloc/malloc.c.o
                0x0000000010003c84                __wrap_realloc
 .text.__wrap_free
                0x0000000010003ca8        0x8 CMakeFiles/competition_pico.dir/_deps/pico_sdk-src/src/rp2_common/pico_malloc/malloc.c.o
                0x0000000010003ca8                __wrap_free
 .text          0x0000000010003cb0       0x10 CMakeFiles/competition_pico.dir/_deps/pico_sdk-src/src/rp2_common/pico_mem_ops/mem_ops_aeabi.S.o
                0x0000000010003cb0                __aeabi_mem_init
 .text.memset   0x0000000010003cc0        0xc CMakeFiles/competition_pico.dir/_deps/pico_sdk-src/src/rp2_common/pico_mem_ops/mem_ops_aeabi.S.o
                0x0000000010003cc0                __wrap_memset
 .text.memcpy   0x0000000010003ccc        0xc CMakeFiles/competition_pico.dir/_deps/pico_sdk-src/src/rp2_common/pico_mem_ops/mem_ops_aeabi.S.o
                0x0000000010003ccc                __wrap___aeabi_memcpy
                0x0000000010003ccc                __wrap_memcpy
 .text.__atomic_load_8
                0x0000000010003cd8       0x28 CMakeFiles/competition_pico.dir/_deps/pico_sdk-src/src/rp2_common/pico_atomic/atomic.c.o
                0x0000000010003cd8                __atomic_load_8
 .text.__atomic_store_8
                0x0000000010003d00       0x30 CMakeFiles/competition_pico.dir/_deps/pico_sdk-src/src/rp2_common/pico_atomic/atomic.c.o
                0x0000000010003d00                __atomic_store_8
 .text.__atomic_exchange_8
                0x0000000010003d30       0x38 CMakeFiles/competition_pico.dir/_deps/pico_sdk-src/src/rp2_common/pico_atomic/atomic.c.o
                0x0000000010003d30                __atomic_exchange_8
 .text._out_buffer
                0x0000000010003d68        0x8 CMakeFiles/competition_pico.dir/_deps/pico_sdk-src/src/rp2_common/pico_printf/printf.c.o
 .text._out_null
                0x0000000010003d70        0x4 CMakeFiles/competition_pico.dir/_deps/pico_sdk-src/src/rp2_common/pico_printf/printf.c.o
 .text._out_rev
                0x0000000010003d74       0x9c CMakeFiles/competition_pico.dir/_deps/pico_sdk-src/src/rp2_common/pico_printf/printf.c.o
 .text._ntoa_format
                0x0000000010003e10      0x1cc CMakeFiles/competition_pico.dir/_deps/pico_sdk-src/src/rp2_common/pico_printf/printf.c.o
 .text._out_char
                0x0000000010003fdc       0x10 CMakeFiles/competition_pico.dir/_deps/pico_sdk-src/src/rp2_common/pico_printf/printf.c.o
 .text._etoa    0x0000000010003fec      0x44c CMakeFiles/competition_pico.dir/_deps/pico_sdk-src/src/rp2_common/pico_printf/printf.c.o
 .text._ftoa    0x0000000010004438      0x398 CMakeFiles/competition_pico.dir/_deps/pico_sdk-src/src/rp2_common/pico_printf/printf.c.o
 .text._vsnprintf
                0x00000000100047d0      0xb04 CMakeFiles/competition_pico.dir/_deps/pico_sdk-src/src/rp2_common/pico_printf/printf.c.o
 .text.__wrap_snprintf
                0x00000000100052d4       0x28 CMakeFiles/competition_pico.dir/_deps/pico_sdk-src/src/rp2_common/pico_printf/printf.c.o
                0x00000000100052d4                __wrap_snprintf
 .text.__wrap_vsnprintf
                0x00000000100052fc       0x1c CMakeFiles/competition_pico.dir/_deps/pico_sdk-src/src/rp2_common/pico_printf/printf.c.o
                0x00000000100052fc                __wrap_vsnprintf
 .text.weak_raw_vprintf
                0x0000000010005318       0x30 CMakeFiles/competition_pico.dir/_deps/pico_sdk-src/src/rp2_common/pico_printf/printf.c.o
                0x0000000010005318                weak_raw_vprintf
 .text._exit    0x0000000010005348        0x4 CMakeFiles/competition_pico.dir/_deps/pico_sdk-src/src/rp2_common/pico_clib_interface/newlib_interface.c.o
                0x0000000010005348                _exit
 .text._sbrk    0x000000001000534c       0x34 CMakeFiles/competition_pico.dir/_deps/pico_sdk-src/src/rp2_common/pico_clib_interface/newlib_interface.c.o
                0x000000001000534c                _sbrk
 .text._read    0x0000000010005380       0x24 CMakeFiles/competition_pico.dir/_deps/pico_sdk-src/src/rp2_common/pico_clib_interface/newlib_interface.c.o
                0x0000000010005380                _read
 .text._write   0x00000000100053a4       0x24 CMakeFiles/competition_pico.dir/_deps/pico_sdk-src/src/rp2_common/pico_clib_interface/newlib_interface.c.o
                0x00000000100053a4                _write
 .text._close   0x00000000100053c8        0x8 CMakeFiles/competition_pico.dir/_deps/pico_sdk-src/src/rp2_common/pico_clib_interface/newlib_interface.c.o
                0x00000000100053c8                _close
 .text._lseek   0x00000000100053d0        0x8 CMakeFiles/competition_pico.dir/_deps/pico_sdk-src/src/rp2_common/pico_clib_interface/newlib_interface.c.o
                0x00000000100053d0                _lseek
 .text._fstat   0x00000000100053d8        0x8 CMakeFiles/competition_pico.dir/_deps/pico_sdk-src/src/rp2_common/pico_clib_interface/newlib_interface.c.o
                0x00000000100053d8                _fstat
 .text._isatty  0x00000000100053e0        0xc CMakeFiles/competition_pico.dir/_deps/pico_sdk-src/src/rp2_common/pico_clib_interface/newlib_interface.c.o
                0x00000000100053e0                _isatty
 .text.exit     0x00000000100053ec        0x8 CMakeFiles/competition_pico.dir/_deps/pico_sdk-src/src/rp2_common/pico_clib_interface/newlib_interface.c.o
                0x00000000100053ec                exit
 .text.runtime_init
                0x00000000100053f4       0x2c CMakeFiles/competition_pico.dir/_deps/pico_sdk-src/src/rp2_common/pico_clib_interface/newlib_interface.c.o
                0x00000000100053f4                runtime_init
 .text.stdio_out_chars_no_crlf
                0x0000000010005420       0x10 CMakeFiles/competition_pico.dir/_deps/pico_sdk-src/src/rp2_common/pico_stdio/stdio.c.o
 .text.stdio_out_chars_crlf
                0x0000000010005430       0x10 CMakeFiles/competition_pico.dir/_deps/pico_sdk-src/src/rp2_common/pico_stdio/stdio.c.o
 .text.stdio_put_string
                0x0000000010005440      0x100 CMakeFiles/competition_pico.dir/_deps/pico_sdk-src/src/rp2_common/pico_stdio/stdio.c.o
                0x0000000010005440                stdio_put_string
 .text.stdio_get_until
                0x0000000010005540       0x84 CMakeFiles/competition_pico.dir/_deps/pico_sdk-src/src/rp2_common/pico_stdio/stdio.c.o
                0x0000000010005540                stdio_get_until
 .text.stdio_set_driver_enabled
                0x00000000100055c4       0x30 CMakeFiles/competition_pico.dir/_deps/pico_sdk-src/src/rp2_common/pico_stdio/stdio.c.o
                0x00000000100055c4                stdio_set_driver_enabled
 .text.stdio_init_all
                0x00000000100055f4        0x8 CMakeFiles/competition_pico.dir/_deps/pico_sdk-src/src/rp2_common/pico_stdio/stdio.c.o
                0x00000000100055f4                stdio_init_all
 .text.stdio_getchar_timeout_us
                0x00000000100055fc       0x98 CMakeFiles/competition_pico.dir/_deps/pico_sdk-src/src/rp2_common/pico_stdio/stdio.c.o
                0x00000000100055fc                stdio_getchar_timeout_us
 .text.__wrap_putchar
                0x0000000010005694       0x98 CMakeFiles/competition_pico.dir/_deps/pico_sdk-src/src/rp2_common/pico_stdio/stdio.c.o
                0x0000000010005694                stdio_putchar
                0x0000000010005694                __wrap_putchar
 .text.__wrap_puts
                0x000000001000572c       0x3c CMakeFiles/competition_pico.dir/_deps/pico_sdk-src/src/rp2_common/pico_stdio/stdio.c.o
                0x000000001000572c                __wrap_puts
                0x000000001000572c                stdio_puts
 .text.resetd_init
                0x0000000010005768        0x4 CMakeFiles/competition_pico.dir/_deps/pico_sdk-src/src/rp2_common/pico_stdio_usb/reset_interface.c.o
 .text.resetd_reset
                0x000000001000576c        0xc CMakeFiles/competition_pico.dir/_deps/pico_sdk-src/src/rp2_common/pico_stdio_usb/reset_interface.c.o
 .text.resetd_open
                0x0000000010005778       0x28 CMakeFiles/competition_pico.dir/_deps/pico_sdk-src/src/rp2_common/pico_stdio_usb/reset_interface.c.o
 .text.resetd_xfer_cb
                0x00000000100057a0        0x4 CMakeFiles/competition_pico.dir/_deps/pico_sdk-src/src/rp2_common/pico_stdio_usb/reset_interface.c.o
 .text.resetd_control_xfer_cb
                0x00000000100057a4       0x60 CMakeFiles/competition_pico.dir/_deps/pico_sdk-src/src/rp2_common/pico_stdio_usb/reset_interface.c.o
 .text.tud_descriptor_bos_cb
                0x0000000010005804        0x8 CMakeFiles/competition_pico.dir/_deps/pico_sdk-src/src/rp2_common/pico_stdio_usb/reset_interface.c.o
                0x0000000010005804                tud_descriptor_bos_cb
 .text.tud_vendor_control_xfer_cb
                0x000000001000580c       0x34 CMakeFiles/competition_pico.dir/_deps/pico_sdk-src/src/rp2_common/pico_stdio_usb/reset_interface.c.o
                0x000000001000580c                tud_vendor_control_xfer_cb
 .text.usbd_app_driver_get_cb
                0x0000000010005840        0xc CMakeFiles/competition_pico.dir/_deps/pico_sdk-src/src/rp2_common/pico_stdio_usb/reset_interface.c.o
                0x0000000010005840                usbd_app_driver_get_cb
 .text.tud_cdc_line_coding_cb
                0x000000001000584c       0x2c CMakeFiles/competition_pico.dir/_deps/pico_sdk-src/src/rp2_common/pico_stdio_usb/reset_interface.c.o
                0x000000001000584c                tud_cdc_line_coding_cb
 .text.stdio_usb_set_chars_available_callback
                0x0000000010005878       0x14 CMakeFiles/competition_pico.dir/_deps/pico_sdk-src/src/rp2_common/pico_stdio_usb/stdio_usb.c.o
                0x0000000010005878                stdio_usb_set_chars_available_callback
 .text.usb_irq  0x000000001000588c       0x10 CMakeFiles/competition_pico.dir/_deps/pico_sdk-src/src/rp2_common/pico_stdio_usb/stdio_usb.c.o
 .text.timer_task
                0x000000001000589c       0x64 CMakeFiles/competition_pico.dir/_deps/pico_sdk-src/src/rp2_common/pico_stdio_usb/stdio_usb.c.o
 .text.stdio_usb_in_chars
                0x0000000010005900       0x90 CMakeFiles/competition_pico.dir/_deps/pico_sdk-src/src/rp2_common/pico_stdio_usb/stdio_usb.c.o
                0x0000000010005900                stdio_usb_in_chars
 .text.stdio_usb_out_flush
                0x0000000010005990       0x50 CMakeFiles/competition_pico.dir/_deps/pico_sdk-src/src/rp2_common/pico_stdio_usb/stdio_usb.c.o
 .text.stdio_usb_out_chars
                0x00000000100059e0      0x100 CMakeFiles/competition_pico.dir/_deps/pico_sdk-src/src/rp2_common/pico_stdio_usb/stdio_usb.c.o
 .text.low_priority_worker_irq
                0x0000000010005ae0       0xc8 CMakeFiles/competition_pico.dir/_deps/pico_sdk-src/src/rp2_common/pico_stdio_usb/stdio_usb.c.o
 .text.stdio_usb_init
                0x0000000010005ba8       0xe8 CMakeFiles/competition_pico.dir/_deps/pico_sdk-src/src/rp2_common/pico_stdio_usb/stdio_usb.c.o
                0x0000000010005ba8                stdio_usb_init
 .text.tud_descriptor_device_cb
                0x0000000010005c90        0x8 CMakeFiles/competition_pico.dir/_deps/pico_sdk-src/src/rp2_common/pico_stdio_usb/stdio_usb_descriptors.c.o
                0x0000000010005c90                tud_descriptor_device_cb
 .text.tud_descriptor_configuration_cb
                0x0000000010005c98        0x8 CMakeFiles/competition_pico.dir/_deps/pico_sdk-src/src/rp2_common/pico_stdio_usb/stdio_usb_descriptors.c.o
                0x0000000010005c98                tud_descriptor_configuration_cb
 .text.tud_descriptor_string_cb
                0x0000000010005ca0       0x74 CMakeFiles/competition_pico.dir/_deps/pico_sdk-src/src/rp2_common/pico_stdio_usb/stdio_usb_descriptors.c.o
                0x0000000010005ca0                tud_descriptor_string_cb
 .text.startup._retrieve_unique_id_on_boot
                0x0000000010005d14       0x10 CMakeFiles/competition_pico.dir/_deps/pico_sdk-src/src/rp2_common/pico_unique_id/unique_id.c.o
 .text.pico_get_unique_board_id_string
                0x0000000010005d24      0x1a8 CMakeFiles/competition_pico.dir/_deps/pico_sdk-src/src/rp2_common/pico_unique_id/unique_id.c.o
                0x0000000010005d24                pico_get_unique_board_id_string
 .text.flash_get_unique_id
                0x0000000010005ecc       0x40 CMakeFiles/competition_pico.dir/_deps/pico_sdk-src/src/rp2_common/hardware_flash/flash.c.o
                0x0000000010005ecc                flash_get_unique_id
 .text.dcd_init
                0x0000000010005f0c       0x90 CMakeFiles/competition_pico.dir/_deps/pico_sdk-src/lib/tinyusb/src/portable/raspberrypi/rp2040/dcd_rp2040.c.o
                0x0000000010005f0c                dcd_init
 .text.dcd_int_enable
                0x0000000010005f9c        0xc CMakeFiles/competition_pico.dir/_deps/pico_sdk-src/lib/tinyusb/src/portable/raspberrypi/rp2040/dcd_rp2040.c.o
                0x0000000010005f9c                dcd_int_enable
 .text.dcd_set_address
                0x0000000010005fa8       0x14 CMakeFiles/competition_pico.dir/_deps/pico_sdk-src/lib/tinyusb/src/portable/raspberrypi/rp2040/dcd_rp2040.c.o
                0x0000000010005fa8                dcd_set_address
 .text.dcd_sof_enable
                0x0000000010005fbc       0x1c CMakeFiles/competition_pico.dir/_deps/pico_sdk-src/lib/tinyusb/src/portable/raspberrypi/rp2040/dcd_rp2040.c.o
                0x0000000010005fbc                dcd_sof_enable
 .text.dcd_edpt0_status_complete
                0x0000000010005fd8       0x1c CMakeFiles/competition_pico.dir/_deps/pico_sdk-src/lib/tinyusb/src/portable/raspberrypi/rp2040/dcd_rp2040.c.o
                0x0000000010005fd8                dcd_edpt0_status_complete
 .text.dcd_edpt_open
                0x0000000010005ff4      0x114 CMakeFiles/competition_pico.dir/_deps/pico_sdk-src/lib/tinyusb/src/portable/raspberrypi/rp2040/dcd_rp2040.c.o
                0x0000000010005ff4                dcd_edpt_open
 .text.dcd_edpt_close_all
                0x0000000010006108        0x8 CMakeFiles/competition_pico.dir/_deps/pico_sdk-src/lib/tinyusb/src/portable/raspberrypi/rp2040/dcd_rp2040.c.o
                0x0000000010006108                dcd_edpt_close_all
 .text.dcd_edpt_xfer
                0x0000000010006110       0x24 CMakeFiles/competition_pico.dir/_deps/pico_sdk-src/lib/tinyusb/src/portable/raspberrypi/rp2040/dcd_rp2040.c.o
                0x0000000010006110                dcd_edpt_xfer
 .text.dcd_edpt_stall
                0x0000000010006134       0x38 CMakeFiles/competition_pico.dir/_deps/pico_sdk-src/lib/tinyusb/src/portable/raspberrypi/rp2040/dcd_rp2040.c.o
                0x0000000010006134                dcd_edpt_stall
 .text.dcd_edpt_clear_stall
                0x000000001000616c       0x30 CMakeFiles/competition_pico.dir/_deps/pico_sdk-src/lib/tinyusb/src/portable/raspberrypi/rp2040/dcd_rp2040.c.o
                0x000000001000616c                dcd_edpt_clear_stall
 .text.rp2040_usb_init
                0x000000001000619c       0x40 CMakeFiles/competition_pico.dir/_deps/pico_sdk-src/lib/tinyusb/src/portable/raspberrypi/rp2040/rp2040_usb.c.o
                0x000000001000619c                rp2040_usb_init
 .text.hw_endpoint_xfer_start
                0x00000000100061dc       0x50 CMakeFiles/competition_pico.dir/_deps/pico_sdk-src/lib/tinyusb/src/portable/raspberrypi/rp2040/rp2040_usb.c.o
                0x00000000100061dc                hw_endpoint_xfer_start
 .text.tud_event_hook_cb
                0x000000001000622c        0x4 CMakeFiles/competition_pico.dir/_deps/pico_sdk-src/lib/tinyusb/src/device/usbd.c.o
                0x000000001000622c                tud_event_hook_cb
 .text.tud_sof_cb
                0x0000000010006230        0x4 CMakeFiles/competition_pico.dir/_deps/pico_sdk-src/lib/tinyusb/src/device/usbd.c.o
                0x0000000010006230                tud_sof_cb
 .text.tud_descriptor_device_qualifier_cb
                0x0000000010006234        0x4 CMakeFiles/competition_pico.dir/_deps/pico_sdk-src/lib/tinyusb/src/device/usbd.c.o
                0x0000000010006234                tud_descriptor_device_qualifier_cb
 .text.tud_descriptor_other_speed_configuration_cb
                0x0000000010006238        0x4 CMakeFiles/competition_pico.dir/_deps/pico_sdk-src/lib/tinyusb/src/device/usbd.c.o
                0x0000000010006238                tud_descriptor_other_speed_configuration_cb
 .text.tud_mount_cb
                0x000000001000623c        0x4 CMakeFiles/competition_pico.dir/_deps/pico_sdk-src/lib/tinyusb/src/device/usbd.c.o
                0x000000001000623c                tud_mount_cb
 .text.tud_umount_cb
                0x0000000010006240        0x4 CMakeFiles/competition_pico.dir/_deps/pico_sdk-src/lib/tinyusb/src/device/usbd.c.o
                0x0000000010006240                tud_umount_cb
 .text.tud_suspend_cb
                0x0000000010006244        0x4 CMakeFiles/competition_pico.dir/_deps/pico_sdk-src/lib/tinyusb/src/device/usbd.c.o
                0x0000000010006244                tud_suspend_cb
 .text.tud_resume_cb
                0x0000000010006248        0x4 CMakeFiles/competition_pico.dir/_deps/pico_sdk-src/lib/tinyusb/src/device/usbd.c.o
                0x0000000010006248                tud_resume_cb
 .text.tud_mounted
                0x000000001000624c       0x10 CMakeFiles/competition_pico.dir/_deps/pico_sdk-src/lib/tinyusb/src/device/usbd.c.o
                0x000000001000624c                tud_mounted
 .text.tud_suspended
                0x000000001000625c       0x10 CMakeFiles/competition_pico.dir/_deps/pico_sdk-src/lib/tinyusb/src/device/usbd.c.o
                0x000000001000625c                tud_suspended
 .text.tud_rhport_init
                0x000000001000626c       0xf4 CMakeFiles/competition_pico.dir/_deps/pico_sdk-src/lib/tinyusb/src/device/usbd.c.o
                0x000000001000626c                tud_rhport_init
 .text.tud_task_ext
                0x0000000010006360      0x800 CMakeFiles/competition_pico.dir/_deps/pico_sdk-src/lib/tinyusb/src/device/usbd.c.o
                0x0000000010006360                tud_task_ext
 .text.usbd_open_edpt_pair
                0x0000000010006b60       0x9c CMakeFiles/competition_pico.dir/_deps/pico_sdk-src/lib/tinyusb/src/device/usbd.c.o
                0x0000000010006b60                usbd_open_edpt_pair
 .text.usbd_edpt_open
                0x0000000010006bfc       0x34 CMakeFiles/competition_pico.dir/_deps/pico_sdk-src/lib/tinyusb/src/device/usbd.c.o
                0x0000000010006bfc                usbd_edpt_open
 .text.usbd_edpt_claim
                0x0000000010006c30       0x28 CMakeFiles/competition_pico.dir/_deps/pico_sdk-src/lib/tinyusb/src/device/usbd.c.o
                0x0000000010006c30                usbd_edpt_claim
 .text.usbd_edpt_release
                0x0000000010006c58       0x28 CMakeFiles/competition_pico.dir/_deps/pico_sdk-src/lib/tinyusb/src/device/usbd.c.o
                0x0000000010006c58                usbd_edpt_release
 .text.usbd_edpt_xfer
                0x0000000010006c80       0x4c CMakeFiles/competition_pico.dir/_deps/pico_sdk-src/lib/tinyusb/src/device/usbd.c.o
                0x0000000010006c80                usbd_edpt_xfer
 .text.tud_control_status
                0x0000000010006ccc       0x30 CMakeFiles/competition_pico.dir/_deps/pico_sdk-src/lib/tinyusb/src/device/usbd_control.c.o
                0x0000000010006ccc                tud_control_status
 .text.tud_control_xfer
                0x0000000010006cfc       0xbc CMakeFiles/competition_pico.dir/_deps/pico_sdk-src/lib/tinyusb/src/device/usbd_control.c.o
                0x0000000010006cfc                tud_control_xfer
 .text.usbd_control_reset
                0x0000000010006db8       0x14 CMakeFiles/competition_pico.dir/_deps/pico_sdk-src/lib/tinyusb/src/device/usbd_control.c.o
                0x0000000010006db8                usbd_control_reset
 .text.usbd_control_set_complete_callback
                0x0000000010006dcc        0xc CMakeFiles/competition_pico.dir/_deps/pico_sdk-src/lib/tinyusb/src/device/usbd_control.c.o
                0x0000000010006dcc                usbd_control_set_complete_callback
 .text.usbd_control_set_request
                0x0000000010006dd8       0x1c CMakeFiles/competition_pico.dir/_deps/pico_sdk-src/lib/tinyusb/src/device/usbd_control.c.o
                0x0000000010006dd8                usbd_control_set_request
 .text.usbd_control_xfer_cb
                0x0000000010006df4       0xf0 CMakeFiles/competition_pico.dir/_deps/pico_sdk-src/lib/tinyusb/src/device/usbd_control.c.o
                0x0000000010006df4                usbd_control_xfer_cb
 .text._prep_out_transaction.isra.0
                0x0000000010006ee4       0x6c CMakeFiles/competition_pico.dir/_deps/pico_sdk-src/lib/tinyusb/src/class/cdc/cdc_device.c.o
 .text.tud_cdc_n_connected
                0x0000000010006f50       0x2c CMakeFiles/competition_pico.dir/_deps/pico_sdk-src/lib/tinyusb/src/class/cdc/cdc_device.c.o
                0x0000000010006f50                tud_cdc_n_connected
 .text.tud_cdc_n_available
                0x0000000010006f7c       0x18 CMakeFiles/competition_pico.dir/_deps/pico_sdk-src/lib/tinyusb/src/class/cdc/cdc_device.c.o
                0x0000000010006f7c                tud_cdc_n_available
 .text.tud_cdc_n_read
                0x0000000010006f94       0x94 CMakeFiles/competition_pico.dir/_deps/pico_sdk-src/lib/tinyusb/src/class/cdc/cdc_device.c.o
                0x0000000010006f94                tud_cdc_n_read
 .text.tud_cdc_n_write_flush
                0x0000000010007028       0x78 CMakeFiles/competition_pico.dir/_deps/pico_sdk-src/lib/tinyusb/src/class/cdc/cdc_device.c.o
                0x0000000010007028                tud_cdc_n_write_flush
 .text.tud_cdc_n_write
                0x00000000100070a0       0x44 CMakeFiles/competition_pico.dir/_deps/pico_sdk-src/lib/tinyusb/src/class/cdc/cdc_device.c.o
                0x00000000100070a0                tud_cdc_n_write
 .text.tud_cdc_n_write_available
                0x00000000100070e4       0x18 CMakeFiles/competition_pico.dir/_deps/pico_sdk-src/lib/tinyusb/src/class/cdc/cdc_device.c.o
                0x00000000100070e4                tud_cdc_n_write_available
 .text.cdcd_init
                0x00000000100070fc       0x70 CMakeFiles/competition_pico.dir/_deps/pico_sdk-src/lib/tinyusb/src/class/cdc/cdc_device.c.o
                0x00000000100070fc                cdcd_init
 .text.cdcd_deinit
                0x000000001000716c       0x24 CMakeFiles/competition_pico.dir/_deps/pico_sdk-src/lib/tinyusb/src/class/cdc/cdc_device.c.o
                0x000000001000716c                cdcd_deinit
 .text.cdcd_reset
                0x0000000010007190       0x4c CMakeFiles/competition_pico.dir/_deps/pico_sdk-src/lib/tinyusb/src/class/cdc/cdc_device.c.o
                0x0000000010007190                cdcd_reset
 .text.cdcd_open
                0x00000000100071dc       0xa8 CMakeFiles/competition_pico.dir/_deps/pico_sdk-src/lib/tinyusb/src/class/cdc/cdc_device.c.o
                0x00000000100071dc                cdcd_open
 .text.cdcd_control_xfer_cb
                0x0000000010007284       0xe8 CMakeFiles/competition_pico.dir/_deps/pico_sdk-src/lib/tinyusb/src/class/cdc/cdc_device.c.o
                0x0000000010007284                cdcd_control_xfer_cb
 .text.cdcd_xfer_cb
                0x000000001000736c       0xfc CMakeFiles/competition_pico.dir/_deps/pico_sdk-src/lib/tinyusb/src/class/cdc/cdc_device.c.o
                0x000000001000736c                cdcd_xfer_cb
 .text.vendord_init
                0x0000000010007468       0x5c CMakeFiles/competition_pico.dir/_deps/pico_sdk-src/lib/tinyusb/src/class/vendor/vendor_device.c.o
                0x0000000010007468                vendord_init
 .text.vendord_deinit
                0x00000000100074c4       0x1c CMakeFiles/competition_pico.dir/_deps/pico_sdk-src/lib/tinyusb/src/class/vendor/vendor_device.c.o
                0x00000000100074c4                vendord_deinit
 .text.vendord_reset
                0x00000000100074e0       0x28 CMakeFiles/competition_pico.dir/_deps/pico_sdk-src/lib/tinyusb/src/class/vendor/vendor_device.c.o
                0x00000000100074e0                vendord_reset
 .text.vendord_open
                0x0000000010007508      0x128 CMakeFiles/competition_pico.dir/_deps/pico_sdk-src/lib/tinyusb/src/class/vendor/vendor_device.c.o
                0x0000000010007508                vendord_open
 .text.vendord_xfer_cb
                0x0000000010007630       0x9c CMakeFiles/competition_pico.dir/_deps/pico_sdk-src/lib/tinyusb/src/class/vendor/vendor_device.c.o
                0x0000000010007630                vendord_xfer_cb
 .text.tusb_rhport_init
                0x00000000100076cc       0x48 CMakeFiles/competition_pico.dir/_deps/pico_sdk-src/lib/tinyusb/src/tusb.c.o
                0x00000000100076cc                tusb_rhport_init
 .text.tu_edpt_claim
                0x0000000010007714       0x50 CMakeFiles/competition_pico.dir/_deps/pico_sdk-src/lib/tinyusb/src/tusb.c.o
                0x0000000010007714                tu_edpt_claim
 .text.tu_edpt_release
                0x0000000010007764       0x38 CMakeFiles/competition_pico.dir/_deps/pico_sdk-src/lib/tinyusb/src/tusb.c.o
                0x0000000010007764                tu_edpt_release
 .text.tu_edpt_validate
                0x000000001000779c       0x78 CMakeFiles/competition_pico.dir/_deps/pico_sdk-src/lib/tinyusb/src/tusb.c.o
                0x000000001000779c                tu_edpt_validate
 .text.tu_edpt_bind_driver
                0x0000000010007814       0x34 CMakeFiles/competition_pico.dir/_deps/pico_sdk-src/lib/tinyusb/src/tusb.c.o
                0x0000000010007814                tu_edpt_bind_driver
 .text.tu_edpt_stream_init
                0x0000000010007848       0x6c CMakeFiles/competition_pico.dir/_deps/pico_sdk-src/lib/tinyusb/src/tusb.c.o
                0x0000000010007848                tu_edpt_stream_init
 .text.tu_edpt_stream_deinit
                0x00000000100078b4        0x4 CMakeFiles/competition_pico.dir/_deps/pico_sdk-src/lib/tinyusb/src/tusb.c.o
                0x00000000100078b4                tu_edpt_stream_deinit
 .text.tu_edpt_stream_write_zlp_if_needed
                0x00000000100078b8       0x58 CMakeFiles/competition_pico.dir/_deps/pico_sdk-src/lib/tinyusb/src/tusb.c.o
                0x00000000100078b8                tu_edpt_stream_write_zlp_if_needed
 .text.tu_edpt_stream_write_xfer
                0x0000000010007910       0x64 CMakeFiles/competition_pico.dir/_deps/pico_sdk-src/lib/tinyusb/src/tusb.c.o
                0x0000000010007910                tu_edpt_stream_write_xfer
 .text.tu_edpt_stream_read_xfer
                0x0000000010007974       0xdc CMakeFiles/competition_pico.dir/_deps/pico_sdk-src/lib/tinyusb/src/tusb.c.o
                0x0000000010007974                tu_edpt_stream_read_xfer
 .text.tu_fifo_config
                0x0000000010007a50       0x70 CMakeFiles/competition_pico.dir/_deps/pico_sdk-src/lib/tinyusb/src/common/tusb_fifo.c.o
                0x0000000010007a50                tu_fifo_config
 .text.tu_fifo_count
                0x0000000010007ac0       0x2c CMakeFiles/competition_pico.dir/_deps/pico_sdk-src/lib/tinyusb/src/common/tusb_fifo.c.o
                0x0000000010007ac0                tu_fifo_count
 .text.tu_fifo_empty
                0x0000000010007aec       0x10 CMakeFiles/competition_pico.dir/_deps/pico_sdk-src/lib/tinyusb/src/common/tusb_fifo.c.o
                0x0000000010007aec                tu_fifo_empty
 .text.tu_fifo_remaining
                0x0000000010007afc       0x2c CMakeFiles/competition_pico.dir/_deps/pico_sdk-src/lib/tinyusb/src/common/tusb_fifo.c.o
                0x0000000010007afc                tu_fifo_remaining
 .text.tu_fifo_read
                0x0000000010007b28       0xa0 CMakeFiles/competition_pico.dir/_deps/pico_sdk-src/lib/tinyusb/src/common/tusb_fifo.c.o
                0x0000000010007b28                tu_fifo_read
 .text.tu_fifo_read_n
                0x0000000010007bc8       0xec CMakeFiles/competition_pico.dir/_deps/pico_sdk-src/lib/tinyusb/src/common/tusb_fifo.c.o
                0x0000000010007bc8                tu_fifo_read_n
 .text.tu_fifo_write
                0x0000000010007cb4       0x88 CMakeFiles/competition_pico.dir/_deps/pico_sdk-src/lib/tinyusb/src/common/tusb_fifo.c.o
                0x0000000010007cb4                tu_fifo_write
 .text.tu_fifo_write_n
                0x0000000010007d3c      0x168 CMakeFiles/competition_pico.dir/_deps/pico_sdk-src/lib/tinyusb/src/common/tusb_fifo.c.o
                0x0000000010007d3c                tu_fifo_write_n
 .text.tu_fifo_clear
                0x0000000010007ea4       0x40 CMakeFiles/competition_pico.dir/_deps/pico_sdk-src/lib/tinyusb/src/common/tusb_fifo.c.o
                0x0000000010007ea4                tu_fifo_clear
 .text.tu_fifo_set_overwritable
                0x0000000010007ee4       0x48 CMakeFiles/competition_pico.dir/_deps/pico_sdk-src/lib/tinyusb/src/common/tusb_fifo.c.o
                0x0000000010007ee4                tu_fifo_set_overwritable
 .text.i2c_write_blocking_internal
                0x0000000010007f2c      0x174 CMakeFiles/competition_pico.dir/_deps/pico_sdk-src/src/rp2_common/hardware_i2c/i2c.c.o
 .text.i2c_read_blocking_internal
                0x00000000100080a0      0x108 CMakeFiles/competition_pico.dir/_deps/pico_sdk-src/src/rp2_common/hardware_i2c/i2c.c.o
 .text.i2c_set_baudrate
                0x00000000100081a8       0xc0 CMakeFiles/competition_pico.dir/_deps/pico_sdk-src/src/rp2_common/hardware_i2c/i2c.c.o
                0x00000000100081a8                i2c_set_baudrate
 .text.i2c_init
                0x0000000010008268       0x54 CMakeFiles/competition_pico.dir/_deps/pico_sdk-src/src/rp2_common/hardware_i2c/i2c.c.o
                0x0000000010008268                i2c_init
 .text.i2c_write_blocking_until
                0x00000000100082bc       0x48 CMakeFiles/competition_pico.dir/_deps/pico_sdk-src/src/rp2_common/hardware_i2c/i2c.c.o
                0x00000000100082bc                i2c_write_blocking_until
 .text.i2c_read_blocking_until
                0x0000000010008304       0x48 CMakeFiles/competition_pico.dir/_deps/pico_sdk-src/src/rp2_common/hardware_i2c/i2c.c.o
                0x0000000010008304                i2c_read_blocking_until
 .text.rcl_get_zero_initialized_publisher
                0x000000001000834c        0xc /home/rosdev/ros2_ws/src/libmicroros/libmicroros.a(librcl-publisher.c.obj)
                0x000000001000834c                rcl_get_zero_initialized_publisher
 .text.rcl_publisher_init
                0x0000000010008358      0x138 /home/rosdev/ros2_ws/src/libmicroros/libmicroros.a(librcl-publisher.c.obj)
                0x0000000010008358                rcl_publisher_init
 .text.rcl_publisher_get_default_options
                0x0000000010008490       0x50 /home/rosdev/ros2_ws/src/libmicroros/libmicroros.a(librcl-publisher.c.obj)
                0x0000000010008490                rcl_publisher_get_default_options
 .text.rcl_publish
                0x00000000100084e0       0x4c /home/rosdev/ros2_ws/src/libmicroros/libmicroros.a(librcl-publisher.c.obj)
                0x00000000100084e0                rcl_publish
 .text.rcl_publisher_is_valid
                0x000000001000852c       0x30 /home/rosdev/ros2_ws/src/libmicroros/libmicroros.a(librcl-publisher.c.obj)
                0x000000001000852c                rcl_publisher_is_valid
 .text.rcl_publisher_is_valid_except_context
                0x000000001000855c       0x1c /home/rosdev/ros2_ws/src/libmicroros/libmicroros.a(librcl-publisher.c.obj)
                0x000000001000855c                rcl_publisher_is_valid_except_context
 .text._rclc_check_for_new_data
                0x0000000010008578       0x90 /home/rosdev/ros2_ws/src/libmicroros/libmicroros.a(librclc-executor.c.obj)
 .text._rclc_take_new_data
                0x0000000010008608      0x2c8 /home/rosdev/ros2_ws/src/libmicroros/libmicroros.a(librclc-executor.c.obj)
 .text._rclc_execute.part.0
                0x00000000100088d0      0x29c /home/rosdev/ros2_ws/src/libmicroros/libmicroros.a(librclc-executor.c.obj)
 .text.rclc_executor_trigger_any
                0x0000000010008b6c       0x7c /home/rosdev/ros2_ws/src/libmicroros/libmicroros.a(librclc-executor.c.obj)
                0x0000000010008b6c                rclc_executor_trigger_any
 .text.rclc_executor_init
                0x0000000010008be8       0xc0 /home/rosdev/ros2_ws/src/libmicroros/libmicroros.a(librclc-executor.c.obj)
                0x0000000010008be8                rclc_executor_init
 .text.rclc_executor_add_timer
                0x0000000010008ca8       0x58 /home/rosdev/ros2_ws/src/libmicroros/libmicroros.a(librclc-executor.c.obj)
                0x0000000010008ca8                rclc_executor_add_timer
 .text.rclc_executor_prepare
                0x0000000010008d00       0x88 /home/rosdev/ros2_ws/src/libmicroros/libmicroros.a(librclc-executor.c.obj)
                0x0000000010008d00                rclc_executor_prepare
 .text.rclc_executor_spin_some.part.0
                0x0000000010008d88      0x378 /home/rosdev/ros2_ws/src/libmicroros/libmicroros.a(librclc-executor.c.obj)
 .text.rclc_executor_spin_some
                0x0000000010009100       0x30 /home/rosdev/ros2_ws/src/libmicroros/libmicroros.a(librclc-executor.c.obj)
                0x0000000010009100                rclc_executor_spin_some
 .text.rclc_executor_handle_counters_zero_init
                0x0000000010009130       0x18 /home/rosdev/ros2_ws/src/libmicroros/libmicroros.a(librclc-executor_handle.c.obj)
                0x0000000010009130                rclc_executor_handle_counters_zero_init
 .text.rclc_executor_handle_init
                0x0000000010009148       0x28 /home/rosdev/ros2_ws/src/libmicroros/libmicroros.a(librclc-executor_handle.c.obj)
                0x0000000010009148                rclc_executor_handle_init
 .text.rclc_support_init
                0x0000000010009170       0x94 /home/rosdev/ros2_ws/src/libmicroros/libmicroros.a(librclc-init.c.obj)
                0x0000000010009170                rclc_support_init
 .text.rclc_node_init_default
                0x0000000010009204       0x74 /home/rosdev/ros2_ws/src/libmicroros/libmicroros.a(librclc-node.c.obj)
                0x0000000010009204                rclc_node_init_default
 .text.rclc_publisher_init_default
                0x0000000010009278       0x68 /home/rosdev/ros2_ws/src/libmicroros/libmicroros.a(librclc-publisher.c.obj)
                0x0000000010009278                rclc_publisher_init_default
 .text.rclc_timer_init_default
                0x00000000100092e0       0x60 /home/rosdev/ros2_ws/src/libmicroros/libmicroros.a(librclc-timer.c.obj)
                0x00000000100092e0                rclc_timer_init_default
 .text.__default_zero_allocate
                0x0000000010009340        0x8 /home/rosdev/ros2_ws/src/libmicroros/libmicroros.a(librcutils-allocator.c.obj)
 .text.__default_reallocate
                0x0000000010009348        0x8 /home/rosdev/ros2_ws/src/libmicroros/libmicroros.a(librcutils-allocator.c.obj)
 .text.__default_deallocate
                0x0000000010009350        0x8 /home/rosdev/ros2_ws/src/libmicroros/libmicroros.a(librcutils-allocator.c.obj)
 .text.__default_allocate
                0x0000000010009358        0x8 /home/rosdev/ros2_ws/src/libmicroros/libmicroros.a(librcutils-allocator.c.obj)
 .text.rcutils_get_default_allocator
                0x0000000010009360       0x14 /home/rosdev/ros2_ws/src/libmicroros/libmicroros.a(librcutils-allocator.c.obj)
                0x0000000010009360                rcutils_get_default_allocator
 .text.rcutils_allocator_is_valid
                0x0000000010009374       0x24 /home/rosdev/ros2_ws/src/libmicroros/libmicroros.a(librcutils-allocator.c.obj)
                0x0000000010009374                rcutils_allocator_is_valid
 .text.rcutils_get_error_string
                0x0000000010009398       0x34 /home/rosdev/ros2_ws/src/libmicroros/libmicroros.a(librcutils-error_handling.c.obj)
                0x0000000010009398                rcutils_get_error_string
 .text.rcutils_reset_error
                0x00000000100093cc       0x38 /home/rosdev/ros2_ws/src/libmicroros/libmicroros.a(librcutils-error_handling.c.obj)
                0x00000000100093cc                rcutils_reset_error
 .text.rcutils_system_time_now
                0x0000000010009404       0x4c /home/rosdev/ros2_ws/src/libmicroros/libmicroros.a(librcutils-time_unix.c.obj)
                0x0000000010009404                rcutils_system_time_now
 .text.rcutils_steady_time_now
                0x0000000010009450       0x4c /home/rosdev/ros2_ws/src/libmicroros/libmicroros.a(librcutils-time_unix.c.obj)
                0x0000000010009450                rcutils_steady_time_now
 .text.rmw_get_default_publisher_options
                0x000000001000949c        0x8 /home/rosdev/ros2_ws/src/libmicroros/libmicroros.a(librmw-publisher_options.c.obj)
                0x000000001000949c                rmw_get_default_publisher_options
 .text.rmw_uros_set_custom_transport
                0x00000000100094a4       0x34 /home/rosdev/ros2_ws/src/libmicroros/libmicroros.a(librmw_microxrcedds-custom_transport.c.obj)
                0x00000000100094a4                rmw_uros_set_custom_transport
 .text.rmw_uros_ping_agent
                0x00000000100094d8       0xa0 /home/rosdev/ros2_ws/src/libmicroros/libmicroros.a(librmw_microxrcedds-ping.c.obj)
                0x00000000100094d8                rmw_uros_ping_agent
 .text.flush_session
                0x0000000010009578        0xc /home/rosdev/ros2_ws/src/libmicroros/libmicroros.a(librmw_microxrcedds-rmw_publish.c.obj)
                0x0000000010009578                flush_session
 .text.rmw_publish
                0x0000000010009584       0xd8 /home/rosdev/ros2_ws/src/libmicroros/libmicroros.a(librmw_microxrcedds-rmw_publish.c.obj)
                0x0000000010009584                rmw_publish
 .text.rmw_create_publisher
                0x000000001000965c      0x20c /home/rosdev/ros2_ws/src/libmicroros/libmicroros.a(librmw_microxrcedds-rmw_publisher.c.obj)
                0x000000001000965c                rmw_create_publisher
 .text.rmw_publisher_get_actual_qos
                0x0000000010009868       0x20 /home/rosdev/ros2_ws/src/libmicroros/libmicroros.a(librmw_microxrcedds-rmw_publisher.c.obj)
                0x0000000010009868                rmw_publisher_get_actual_qos
 .text.rmw_destroy_publisher
                0x0000000010009888       0xf4 /home/rosdev/ros2_ws/src/libmicroros/libmicroros.a(librmw_microxrcedds-rmw_publisher.c.obj)
                0x0000000010009888                rmw_destroy_publisher
 .text.rmw_uxrce_transport_init
                0x000000001000997c       0x2c /home/rosdev/ros2_ws/src/libmicroros/libmicroros.a(librmw_microxrcedds-rmw_uxrce_transports.c.obj)
                0x000000001000997c                rmw_uxrce_transport_init
 .text.rmw_uxrce_init_service_memory
                0x00000000100099a8       0x48 /home/rosdev/ros2_ws/src/libmicroros/libmicroros.a(librmw_microxrcedds-types.c.obj)
                0x00000000100099a8                rmw_uxrce_init_service_memory
 .text.rmw_uxrce_init_client_memory
                0x00000000100099f0       0x48 /home/rosdev/ros2_ws/src/libmicroros/libmicroros.a(librmw_microxrcedds-types.c.obj)
                0x00000000100099f0                rmw_uxrce_init_client_memory
 .text.rmw_uxrce_init_publisher_memory
                0x0000000010009a38       0x48 /home/rosdev/ros2_ws/src/libmicroros/libmicroros.a(librmw_microxrcedds-types.c.obj)
                0x0000000010009a38                rmw_uxrce_init_publisher_memory
 .text.rmw_uxrce_init_subscription_memory
                0x0000000010009a80       0x48 /home/rosdev/ros2_ws/src/libmicroros/libmicroros.a(librmw_microxrcedds-types.c.obj)
                0x0000000010009a80                rmw_uxrce_init_subscription_memory
 .text.rmw_uxrce_init_node_memory
                0x0000000010009ac8       0x48 /home/rosdev/ros2_ws/src/libmicroros/libmicroros.a(librmw_microxrcedds-types.c.obj)
                0x0000000010009ac8                rmw_uxrce_init_node_memory
 .text.rmw_uxrce_init_session_memory
                0x0000000010009b10       0x50 /home/rosdev/ros2_ws/src/libmicroros/libmicroros.a(librmw_microxrcedds-types.c.obj)
                0x0000000010009b10                rmw_uxrce_init_session_memory
 .text.rmw_uxrce_init_topic_memory
                0x0000000010009b60       0x48 /home/rosdev/ros2_ws/src/libmicroros/libmicroros.a(librmw_microxrcedds-types.c.obj)
                0x0000000010009b60                rmw_uxrce_init_topic_memory
 .text.rmw_uxrce_init_static_input_buffer_memory
                0x0000000010009ba8       0x50 /home/rosdev/ros2_ws/src/libmicroros/libmicroros.a(librmw_microxrcedds-types.c.obj)
                0x0000000010009ba8                rmw_uxrce_init_static_input_buffer_memory
 .text.rmw_uxrce_init_init_options_impl_memory
                0x0000000010009bf8       0x48 /home/rosdev/ros2_ws/src/libmicroros/libmicroros.a(librmw_microxrcedds-types.c.obj)
                0x0000000010009bf8                rmw_uxrce_init_init_options_impl_memory
 .text.rmw_uxrce_init_wait_set_memory
                0x0000000010009c40       0x48 /home/rosdev/ros2_ws/src/libmicroros/libmicroros.a(librmw_microxrcedds-types.c.obj)
                0x0000000010009c40                rmw_uxrce_init_wait_set_memory
 .text.rmw_uxrce_init_guard_condition_memory
                0x0000000010009c88       0x48 /home/rosdev/ros2_ws/src/libmicroros/libmicroros.a(librmw_microxrcedds-types.c.obj)
                0x0000000010009c88                rmw_uxrce_init_guard_condition_memory
 .text.rmw_uxrce_fini_session_memory
                0x0000000010009cd0       0x10 /home/rosdev/ros2_ws/src/libmicroros/libmicroros.a(librmw_microxrcedds-types.c.obj)
                0x0000000010009cd0                rmw_uxrce_fini_session_memory
 .text.rmw_uxrce_fini_node_memory
                0x0000000010009ce0       0x34 /home/rosdev/ros2_ws/src/libmicroros/libmicroros.a(librmw_microxrcedds-types.c.obj)
                0x0000000010009ce0                rmw_uxrce_fini_node_memory
 .text.rmw_uxrce_fini_publisher_memory
                0x0000000010009d14       0x34 /home/rosdev/ros2_ws/src/libmicroros/libmicroros.a(librmw_microxrcedds-types.c.obj)
                0x0000000010009d14                rmw_uxrce_fini_publisher_memory
 .text.rmw_uxrce_fini_subscription_memory
                0x0000000010009d48       0x34 /home/rosdev/ros2_ws/src/libmicroros/libmicroros.a(librmw_microxrcedds-types.c.obj)
                0x0000000010009d48                rmw_uxrce_fini_subscription_memory
 .text.rmw_uxrce_fini_service_memory
                0x0000000010009d7c       0x34 /home/rosdev/ros2_ws/src/libmicroros/libmicroros.a(librmw_microxrcedds-types.c.obj)
                0x0000000010009d7c                rmw_uxrce_fini_service_memory
 .text.rmw_uxrce_fini_client_memory
                0x0000000010009db0       0x34 /home/rosdev/ros2_ws/src/libmicroros/libmicroros.a(librmw_microxrcedds-types.c.obj)
                0x0000000010009db0                rmw_uxrce_fini_client_memory
 .text.rmw_uxrce_fini_topic_memory
                0x0000000010009de4       0x18 /home/rosdev/ros2_ws/src/libmicroros/libmicroros.a(librmw_microxrcedds-types.c.obj)
                0x0000000010009de4                rmw_uxrce_fini_topic_memory
 .text.rmw_uxrce_get_static_input_buffer_for_entity
                0x0000000010009dfc       0xbc /home/rosdev/ros2_ws/src/libmicroros/libmicroros.a(librmw_microxrcedds-types.c.obj)
                0x0000000010009dfc                rmw_uxrce_get_static_input_buffer_for_entity
 .text.rmw_uxrce_find_static_input_buffer_by_owner
                0x0000000010009eb8       0x5c /home/rosdev/ros2_ws/src/libmicroros/libmicroros.a(librmw_microxrcedds-types.c.obj)
                0x0000000010009eb8                rmw_uxrce_find_static_input_buffer_by_owner
 .text.rmw_uxrce_clean_expired_static_input_buffer
                0x0000000010009f14       0xfc /home/rosdev/ros2_ws/src/libmicroros/libmicroros.a(librmw_microxrcedds-types.c.obj)
                0x0000000010009f14                rmw_uxrce_clean_expired_static_input_buffer
 .text.run_xrce_session
                0x000000001000a010       0x40 /home/rosdev/ros2_ws/src/libmicroros/libmicroros.a(librmw_microxrcedds-utils.c.obj)
                0x000000001000a010                run_xrce_session
 .text.convert_qos_profile
                0x000000001000a050       0x2c /home/rosdev/ros2_ws/src/libmicroros/libmicroros.a(librmw_microxrcedds-utils.c.obj)
                0x000000001000a050                convert_qos_profile
 .text.generate_type_name
                0x000000001000a07c       0x68 /home/rosdev/ros2_ws/src/libmicroros/libmicroros.a(librmw_microxrcedds-utils.c.obj)
                0x000000001000a07c                generate_type_name
 .text.generate_topic_name
                0x000000001000a0e4       0x38 /home/rosdev/ros2_ws/src/libmicroros/libmicroros.a(librmw_microxrcedds-utils.c.obj)
                0x000000001000a0e4                generate_topic_name
 .text.is_uxrce_rmw_identifier_valid
                0x000000001000a11c       0x20 /home/rosdev/ros2_ws/src/libmicroros/libmicroros.a(librmw_microxrcedds-utils.c.obj)
                0x000000001000a11c                is_uxrce_rmw_identifier_valid
 .text.get_message_typesupport_handle
                0x000000001000a13c        0x8 /home/rosdev/ros2_ws/src/libmicroros/libmicroros.a(librosidl_runtime_c-message_type_support.c.obj)
                0x000000001000a13c                get_message_typesupport_handle
 .text.get_message_typesupport_handle_function
                0x000000001000a144       0x18 /home/rosdev/ros2_ws/src/libmicroros/libmicroros.a(librosidl_runtime_c-message_type_support.c.obj)
                0x000000001000a144                get_message_typesupport_handle_function
 .text.rosidl_typesupport_c__get_message_type_support_handle__sensor_msgs__msg__Imu
                0x000000001000a15c       0x1c /home/rosdev/ros2_ws/src/libmicroros/libmicroros.a(libsensor_msgs__rosidl_typesupport_c-imu__type_support.cpp.obj)
                0x000000001000a15c                rosidl_typesupport_c__get_message_type_support_handle__sensor_msgs__msg__Imu
 .text.startup._GLOBAL__sub_I_rosidl_typesupport_c__get_message_type_support_handle__sensor_msgs__msg__Imu
                0x000000001000a178       0x14 /home/rosdev/ros2_ws/src/libmicroros/libmicroros.a(libsensor_msgs__rosidl_typesupport_c-imu__type_support.cpp.obj)
 .text.sensor_msgs__msg__Imu__rosidl_typesupport_introspection_c__size_function__Imu__orientation_covariance
                0x000000001000a18c        0x4 /home/rosdev/ros2_ws/src/libmicroros/libmicroros.a(libsensor_msgs__rosidl_typesupport_introspection_c-imu__type_support.c.obj)
                0x000000001000a18c                sensor_msgs__msg__Imu__rosidl_typesupport_introspection_c__size_function__Imu__orientation_covariance
 .text.sensor_msgs__msg__Imu__rosidl_typesupport_introspection_c__get_const_function__Imu__orientation_covariance
                0x000000001000a190        0x8 /home/rosdev/ros2_ws/src/libmicroros/libmicroros.a(libsensor_msgs__rosidl_typesupport_introspection_c-imu__type_support.c.obj)
                0x000000001000a190                sensor_msgs__msg__Imu__rosidl_typesupport_introspection_c__get_const_function__Imu__orientation_covariance
 .text.sensor_msgs__msg__Imu__rosidl_typesupport_introspection_c__fetch_function__Imu__orientation_covariance
                0x000000001000a198       0x10 /home/rosdev/ros2_ws/src/libmicroros/libmicroros.a(libsensor_msgs__rosidl_typesupport_introspection_c-imu__type_support.c.obj)
                0x000000001000a198                sensor_msgs__msg__Imu__rosidl_typesupport_introspection_c__fetch_function__Imu__orientation_covariance
 .text.sensor_msgs__msg__Imu__rosidl_typesupport_introspection_c__assign_function__Imu__orientation_covariance
                0x000000001000a1a8       0x10 /home/rosdev/ros2_ws/src/libmicroros/libmicroros.a(libsensor_msgs__rosidl_typesupport_introspection_c-imu__type_support.c.obj)
                0x000000001000a1a8                sensor_msgs__msg__Imu__rosidl_typesupport_introspection_c__assign_function__Imu__orientation_covariance
 .text.sensor_msgs__msg__Imu__rosidl_typesupport_introspection_c__Imu_init_function
                0x000000001000a1b8        0x8 /home/rosdev/ros2_ws/src/libmicroros/libmicroros.a(libsensor_msgs__rosidl_typesupport_introspection_c-imu__type_support.c.obj)
                0x000000001000a1b8                sensor_msgs__msg__Imu__rosidl_typesupport_introspection_c__Imu_init_function
 .text.sensor_msgs__msg__Imu__rosidl_typesupport_introspection_c__Imu_fini_function
                0x000000001000a1c0        0x8 /home/rosdev/ros2_ws/src/libmicroros/libmicroros.a(libsensor_msgs__rosidl_typesupport_introspection_c-imu__type_support.c.obj)
                0x000000001000a1c0                sensor_msgs__msg__Imu__rosidl_typesupport_introspection_c__Imu_fini_function
 .text.sensor_msgs__msg__Imu__rosidl_typesupport_introspection_c__size_function__Imu__angular_velocity_covariance
                0x000000001000a1c8        0x4 /home/rosdev/ros2_ws/src/libmicroros/libmicroros.a(libsensor_msgs__rosidl_typesupport_introspection_c-imu__type_support.c.obj)
                0x000000001000a1c8                sensor_msgs__msg__Imu__rosidl_typesupport_introspection_c__size_function__Imu__angular_velocity_covariance
 .text.sensor_msgs__msg__Imu__rosidl_typesupport_introspection_c__size_function__Imu__linear_acceleration_covariance
                0x000000001000a1cc        0x4 /home/rosdev/ros2_ws/src/libmicroros/libmicroros.a(libsensor_msgs__rosidl_typesupport_introspection_c-imu__type_support.c.obj)
                0x000000001000a1cc                sensor_msgs__msg__Imu__rosidl_typesupport_introspection_c__size_function__Imu__linear_acceleration_covariance
 .text.sensor_msgs__msg__Imu__rosidl_typesupport_introspection_c__get_function__Imu__orientation_covariance
                0x000000001000a1d0        0x8 /home/rosdev/ros2_ws/src/libmicroros/libmicroros.a(libsensor_msgs__rosidl_typesupport_introspection_c-imu__type_support.c.obj)
                0x000000001000a1d0                sensor_msgs__msg__Imu__rosidl_typesupport_introspection_c__get_function__Imu__orientation_covariance
 .text.sensor_msgs__msg__Imu__rosidl_typesupport_introspection_c__get_const_function__Imu__linear_acceleration_covariance
                0x000000001000a1d8        0x8 /home/rosdev/ros2_ws/src/libmicroros/libmicroros.a(libsensor_msgs__rosidl_typesupport_introspection_c-imu__type_support.c.obj)
                0x000000001000a1d8                sensor_msgs__msg__Imu__rosidl_typesupport_introspection_c__get_const_function__Imu__linear_acceleration_covariance
 .text.sensor_msgs__msg__Imu__rosidl_typesupport_introspection_c__get_function__Imu__linear_acceleration_covariance
                0x000000001000a1e0        0x8 /home/rosdev/ros2_ws/src/libmicroros/libmicroros.a(libsensor_msgs__rosidl_typesupport_introspection_c-imu__type_support.c.obj)
                0x000000001000a1e0                sensor_msgs__msg__Imu__rosidl_typesupport_introspection_c__get_function__Imu__linear_acceleration_covariance
 .text.sensor_msgs__msg__Imu__rosidl_typesupport_introspection_c__get_const_function__Imu__angular_velocity_covariance
                0x000000001000a1e8        0x8 /home/rosdev/ros2_ws/src/libmicroros/libmicroros.a(libsensor_msgs__rosidl_typesupport_introspection_c-imu__type_support.c.obj)
                0x000000001000a1e8                sensor_msgs__msg__Imu__rosidl_typesupport_introspection_c__get_const_function__Imu__angular_velocity_covariance
 .text.sensor_msgs__msg__Imu__rosidl_typesupport_introspection_c__get_function__Imu__angular_velocity_covariance
                0x000000001000a1f0        0x8 /home/rosdev/ros2_ws/src/libmicroros/libmicroros.a(libsensor_msgs__rosidl_typesupport_introspection_c-imu__type_support.c.obj)
                0x000000001000a1f0                sensor_msgs__msg__Imu__rosidl_typesupport_introspection_c__get_function__Imu__angular_velocity_covariance
 .text.sensor_msgs__msg__Imu__rosidl_typesupport_introspection_c__fetch_function__Imu__linear_acceleration_covariance
                0x000000001000a1f8       0x10 /home/rosdev/ros2_ws/src/libmicroros/libmicroros.a(libsensor_msgs__rosidl_typesupport_introspection_c-imu__type_support.c.obj)
                0x000000001000a1f8                sensor_msgs__msg__Imu__rosidl_typesupport_introspection_c__fetch_function__Imu__linear_acceleration_covariance
 .text.sensor_msgs__msg__Imu__rosidl_typesupport_introspection_c__assign_function__Imu__linear_acceleration_covariance
                0x000000001000a208       0x10 /home/rosdev/ros2_ws/src/libmicroros/libmicroros.a(libsensor_msgs__rosidl_typesupport_introspection_c-imu__type_support.c.obj)
                0x000000001000a208                sensor_msgs__msg__Imu__rosidl_typesupport_introspection_c__assign_function__Imu__linear_acceleration_covariance
 .text.sensor_msgs__msg__Imu__rosidl_typesupport_introspection_c__fetch_function__Imu__angular_velocity_covariance
                0x000000001000a218       0x10 /home/rosdev/ros2_ws/src/libmicroros/libmicroros.a(libsensor_msgs__rosidl_typesupport_introspection_c-imu__type_support.c.obj)
                0x000000001000a218                sensor_msgs__msg__Imu__rosidl_typesupport_introspection_c__fetch_function__Imu__angular_velocity_covariance
 .text.sensor_msgs__msg__Imu__rosidl_typesupport_introspection_c__assign_function__Imu__angular_velocity_covariance
                0x000000001000a228       0x10 /home/rosdev/ros2_ws/src/libmicroros/libmicroros.a(libsensor_msgs__rosidl_typesupport_introspection_c-imu__type_support.c.obj)
                0x000000001000a228                sensor_msgs__msg__Imu__rosidl_typesupport_introspection_c__assign_function__Imu__angular_velocity_covariance
 .text.rosidl_typesupport_introspection_c__get_message_type_support_handle__sensor_msgs__msg__Imu
                0x000000001000a238       0x40 /home/rosdev/ros2_ws/src/libmicroros/libmicroros.a(libsensor_msgs__rosidl_typesupport_introspection_c-imu__type_support.c.obj)
                0x000000001000a238                rosidl_typesupport_introspection_c__get_message_type_support_handle__sensor_msgs__msg__Imu
 .text.get_serialized_size_sensor_msgs__msg__Imu.part.0
                0x000000001000a278       0x58 /home/rosdev/ros2_ws/src/libmicroros/libmicroros.a(libsensor_msgs__rosidl_typesupport_microxrcedds_c-imu__type_support_c.c.obj)
 .text.get_serialized_size_sensor_msgs__msg__Imu
                0x000000001000a2d0       0x10 /home/rosdev/ros2_ws/src/libmicroros/libmicroros.a(libsensor_msgs__rosidl_typesupport_microxrcedds_c-imu__type_support_c.c.obj)