Archive member included to satisfy reference by file (symbol)

/home/rosdev/ros2_ws/src/libmicroros/libmicroros.a(librcl-publisher.c.obj)
                              CMakeFiles/competition_pico.dir/competition_pico.c.o (rcl_publish)
/home/rosdev/ros2_ws/src/libmicroros/libmicroros.a(librclc-executor.c.obj)
                              CMakeFiles/competition_pico.dir/competition_pico.c.o (rclc_executor_init)
/home/rosdev/ros2_ws/src/libmicroros/libmicroros.a(librclc-executor_handle.c.obj)
                              /home/rosdev/ros2_ws/src/libmicroros/libmicroros.a(librclc-executor.c.obj) (rclc_executor_handle_counters_zero_init)
/home/rosdev/ros2_ws/src/libmicroros/libmicroros.a(librclc-init.c.obj)
                              CMakeFiles/competition_pico.dir/competition_pico.c.o (rclc_support_init)
/home/rosdev/ros2_ws/src/libmicroros/libmicroros.a(librclc-node.c.obj)
                              CMakeFiles/competition_pico.dir/competition_pico.c.o (rclc_node_init_default)
/home/rosdev/ros2_ws/src/libmicroros/libmicroros.a(librclc-publisher.c.obj)
                              CMakeFiles/competition_pico.dir/competition_pico.c.o (rclc_publisher_init_default)
/home/rosdev/ros2_ws/src/libmicroros/libmicroros.a(librclc-sleep.c.obj)
                              /home/rosdev/ros2_ws/src/libmicroros/libmicroros.a(librclc-executor.c.obj) (rclc_sleep_ms)
/home/rosdev/ros2_ws/src/libmicroros/libmicroros.a(librclc-timer.c.obj)
                              CMakeFiles/competition_pico.dir/competition_pico.c.o (rclc_timer_init_default)
/home/rosdev/ros2_ws/src/libmicroros/libmicroros.a(librcutils-allocator.c.obj)
                              CMakeFiles/competition_pico.dir/competition_pico.c.o (rcutils_get_default_allocator)
/home/rosdev/ros2_ws/src/libmicroros/libmicroros.a(librcutils-error_handling.c.obj)
                              /home/rosdev/ros2_ws/src/libmicroros/libmicroros.a(librclc-executor.c.obj) (rcutils_reset_error)
/home/rosdev/ros2_ws/src/libmicroros/libmicroros.a(librcutils-time_unix.c.obj)
                              /home/rosdev/ros2_ws/src/libmicroros/libmicroros.a(librclc-executor.c.obj) (rcutils_system_time_now)
/home/rosdev/ros2_ws/src/libmicroros/libmicroros.a(librmw-publisher_options.c.obj)
                              /home/rosdev/ros2_ws/src/libmicroros/libmicroros.a(librcl-publisher.c.obj) (rmw_get_default_publisher_options)
/home/rosdev/ros2_ws/src/libmicroros/libmicroros.a(librmw_microxrcedds-custom_transport.c.obj)
                              CMakeFiles/competition_pico.dir/competition_pico.c.o (rmw_uros_set_custom_transport)
/home/rosdev/ros2_ws/src/libmicroros/libmicroros.a(librmw_microxrcedds-ping.c.obj)
                              CMakeFiles/competition_pico.dir/competition_pico.c.o (rmw_uros_ping_agent)
/home/rosdev/ros2_ws/src/libmicroros/libmicroros.a(librmw_microxrcedds-rmw_publish.c.obj)
                              /home/rosdev/ros2_ws/src/libmicroros/libmicroros.a(librcl-publisher.c.obj) (rmw_publish)
/home/rosdev/ros2_ws/src/libmicroros/libmicroros.a(librmw_microxrcedds-rmw_publisher.c.obj)
                              /home/rosdev/ros2_ws/src/libmicroros/libmicroros.a(librcl-publisher.c.obj) (rmw_create_publisher)
/home/rosdev/ros2_ws/src/libmicroros/libmicroros.a(librmw_microxrcedds-rmw_uxrce_transports.c.obj)
                              /home/rosdev/ros2_ws/src/libmicroros/libmicroros.a(librmw_microxrcedds-ping.c.obj) (rmw_uxrce_transport_init)
/home/rosdev/ros2_ws/src/libmicroros/libmicroros.a(librmw_microxrcedds-types.c.obj)
                              /home/rosdev/ros2_ws/src/libmicroros/libmicroros.a(librmw_microxrcedds-rmw_publisher.c.obj) (rmw_uxrce_fini_publisher_memory)
/home/rosdev/ros2_ws/src/libmicroros/libmicroros.a(librmw_microxrcedds-utils.c.obj)
                              /home/rosdev/ros2_ws/src/libmicroros/libmicroros.a(librmw_microxrcedds-rmw_publisher.c.obj) (run_xrce_session)
/home/rosdev/ros2_ws/src/libmicroros/libmicroros.a(librosidl_runtime_c-message_type_support.c.obj)
                              /home/rosdev/ros2_ws/src/libmicroros/libmicroros.a(librmw_microxrcedds-rmw_publisher.c.obj) (get_message_typesupport_handle)
/home/rosdev/ros2_ws/src/libmicroros/libmicroros.a(libsensor_msgs__rosidl_typesupport_c-imu__type_support.cpp.obj)
                              CMakeFiles/competition_pico.dir/competition_pico.c.o (rosidl_typesupport_c__get_message_type_support_handle__sensor_msgs__msg__Imu)
/home/rosdev/ros2_ws/src/libmicroros/libmicroros.a(libsensor_msgs__rosidl_typesupport_introspection_c-imu__type_support.c.obj)
                              /home/rosdev/ros2_ws/src/libmicroros/libmicroros.a(libsensor_msgs__rosidl_typesupport_c-imu__type_support.cpp.obj) (rosidl_typesupport_introspection_c__get_message_type_support_handle__sensor_msgs__msg__Imu)
/home/rosdev/ros2_ws/src/libmicroros/libmicroros.a(libsensor_msgs__rosidl_typesupport_microxrcedds_c-imu__type_support_c.c.obj)
[...]
Memory Configuration

Name             Origin             Length             Attributes
FLASH            0x0000000010000000 0x0000000000200000 xr
RAM              0x0000000020000000 0x0000000000040000 xrw
SCRATCH_X        0x0000000020040000 0x0000000000001000 xrw
SCRATCH_Y        0x0000000020041000 0x0000000000001000 xrw
*default*        0x0000000000000000 0xffffffffffffffff

Linker script and memory map

LOAD /usr/lib/gcc/arm-none-eabi/10.3.1/thumb/v6-m/nofp/crti.o
LOAD /usr/lib/gcc/arm-none-eabi/10.3.1/thumb/v6-m/nofp/crtbegin.o
LOAD /usr/lib/gcc/arm-none-eabi/10.3.1/../../../arm-none-eabi/lib/thumb/v6-m/nofp/crt0.o

.flash_begin    0x0000000010000000        0x0
                0x0000000010000000                __flash_binary_start = .

.boot2          0x0000000010000000      0x100
                0x0000000010000000                __boot2_start__ = .
 *(.boot2)
 .boot2         0x0000000010000000      0x100 pico-sdk/src/rp2040/boot_stage2/CMakeFiles/bs2_default_library.dir/bs2_default_padded_checksummed.S.o
                0x0000000010000100                __boot2_end__ = .
                0x0000000000000001                ASSERT (((__boot2_end__ - __boot2_start__) == 0x100), ERROR: Pico second stage bootloader must be 256 bytes in size)

.text           0x0000000010000100    0x18b54
                0x0000000010000100                __logical_binary_start = .
 *(.vectors)
 .vectors       0x0000000010000100       0xd4 CMakeFiles/competition_pico.dir/home/rosdev/pico-sdk/src/rp2_common/pico_crt0/crt0.S.o
                0x0000000010000100                __vectors
                0x0000000010000100                __VECTOR_TABLE
                0x00000000100001c0                isr_invalid
                0x00000000100001c0                __default_isrs_start
                0x00000000100001c2                isr_nmi
                0x00000000100001c4                isr_hardfault
                0x00000000100001c6                isr_svcall
                0x00000000100001c8                isr_pendsv
                0x00000000100001ca                isr_systick
                0x00000000100001cc                isr_irq30
                0x00000000100001cc                __unhandled_user_irq
                0x00000000100001cc                isr_irq13
                0x00000000100001cc                isr_irq27
                0x00000000100001cc                isr_irq31
                0x00000000100001cc                isr_irq5
                0x00000000100001cc                isr_irq11
                0x00000000100001cc                isr_irq23
                0x00000000100001cc                isr_irq18
                0x00000000100001cc                isr_irq28
                0x00000000100001cc                isr_irq19
                0x00000000100001cc                isr_irq0
                0x00000000100001cc                isr_irq6
                0x00000000100001cc                isr_irq22
                0x00000000100001cc                isr_irq17
                0x00000000100001cc                isr_irq14
                0x00000000100001cc                isr_irq2
                0x00000000100001cc                isr_irq10
                0x00000000100001cc                isr_irq8
                0x00000000100001cc                isr_irq24
                0x00000000100001cc                isr_irq1
                0x00000000100001cc                isr_irq7
                0x00000000100001cc                isr_irq21
                0x00000000100001cc                isr_irq20
                0x00000000100001cc                isr_irq15
                0x00000000100001cc                isr_irq25
                0x00000000100001cc                isr_irq4
                0x00000000100001cc                isr_irq16
                0x00000000100001cc                isr_irq29
                0x00000000100001cc                isr_irq26
                0x00000000100001cc                __default_isrs_end
                0x00000000100001cc                isr_irq3
                0x00000000100001cc                isr_irq12
                0x00000000100001cc                isr_irq9
                0x00000000100001d2                unhandled_user_irq_num_in_r0
 *(.binary_info_header)
 .binary_info_header
                0x00000000100001d4       0x14 CMakeFiles/competition_pico.dir/home/rosdev/pico-sdk/src/rp2_common/pico_crt0/crt0.S.o
                0x00000000100001e8                __binary_info_header_end = .
 *(.embedded_block)
                0x00000000100001e8                __embedded_block_end = .
 *(.reset)
 .reset         0x00000000100001e8       0x9c CMakeFiles/competition_pico.dir/home/rosdev/pico-sdk/src/rp2_common/pico_crt0/crt0.S.o
                0x00000000100001e8                _entry_point
 *(.init)
 .init          0x0000000010000284        0x4 /usr/lib/gcc/arm-none-eabi/10.3.1/thumb/v6-m/nofp/crti.o
                0x0000000010000284                _init
 *(EXCLUDE_FILE(*libm.a: *libc.a:*lib_a-mem*.o *libgcc.a:) .text*)
 .text          0x0000000010000288       0x98 /usr/lib/gcc/arm-none-eabi/10.3.1/thumb/v6-m/nofp/crtbegin.o
 .text.clock_gettime
                0x0000000010000320       0x3c CMakeFiles/competition_pico.dir/pico_uart_transport.c.o
                0x0000000010000320                clock_gettime
 .text.pico_serial_transport_open
                0x000000001000035c       0x1c CMakeFiles/competition_pico.dir/pico_uart_transport.c.o
                0x000000001000035c                pico_serial_transport_open
 .text.pico_serial_transport_close
                0x0000000010000378        0x4 CMakeFiles/competition_pico.dir/pico_uart_transport.c.o
                0x0000000010000378                pico_serial_transport_close
 .text.pico_serial_transport_write
                0x000000001000037c       0x38 CMakeFiles/competition_pico.dir/pico_uart_transport.c.o
                0x000000001000037c                pico_serial_transport_write
 .text.pico_serial_transport_read
                0x00000000100003b4       0x64 CMakeFiles/competition_pico.dir/pico_uart_transport.c.o
                0x00000000100003b4                pico_serial_transport_read
 .text.mpu6050_reset
                0x0000000010000418       0x88 CMakeFiles/competition_pico.dir/competition_pico.c.o
                0x0000000010000418                mpu6050_reset
 .text.fx29_init
                0x00000000100004a0       0x38 CMakeFiles/competition_pico.dir/competition_pico.c.o
                0x00000000100004a0                fx29_init
 .text.fx29_read_force_raw
                0x00000000100004d8       0x84 CMakeFiles/competition_pico.dir/competition_pico.c.o
                0x00000000100004d8                fx29_read_force_raw
 .text.timer_callback
                0x000000001000055c       0x24 CMakeFiles/competition_pico.dir/competition_pico.c.o
                0x000000001000055c                timer_callback
 .text.startup.main
                0x0000000010000580      0x1e4 CMakeFiles/competition_pico.dir/competition_pico.c.o
                0x0000000010000580                main
 .text.toQuaternion
                0x0000000010000764      0x1d0 CMakeFiles/competition_pico.dir/competition_pico.c.o
                0x0000000010000764                toQuaternion
 .text.fill_message
                0x0000000010000934      0x49c CMakeFiles/competition_pico.dir/competition_pico.c.o
                0x0000000010000934                fill_message
 .text.timer_callback_imu
                0x0000000010000dd0       0x20 CMakeFiles/competition_pico.dir/competition_pico.c.o
 .text.gpio_set_function
                0x0000000010000df0       0x34 CMakeFiles/competition_pico.dir/home/rosdev/pico-sdk/src/rp2_common/hardware_gpio/gpio.c.o
                0x0000000010000df0                gpio_set_function
 .text.gpio_set_pulls
                0x0000000010000e24       0x34 CMakeFiles/competition_pico.dir/home/rosdev/pico-sdk/src/rp2_common/hardware_gpio/gpio.c.o
                0x0000000010000e24                gpio_set_pulls
 .text.rp2040_chip_version
                0x0000000010000e58        0xc CMakeFiles/competition_pico.dir/home/rosdev/pico-sdk/src/rp2040/pico_platform/platform.c.o
                0x0000000010000e58                rp2040_chip_version
 .text.panic    0x0000000010000e64       0x30 CMakeFiles/competition_pico.dir/home/rosdev/pico-sdk/src/rp2_common/pico_platform_panic/panic.c.o
                0x0000000010000e64                panic
 .text.hw_claim_or_assert
                0x0000000010000e94       0x44 CMakeFiles/competition_pico.dir/home/rosdev/pico-sdk/src/common/hardware_claim/claim.c.o
                0x0000000010000e94                hw_claim_or_assert
 .text.hw_claim_unused_from_range
                0x0000000010000ed8       0x9c CMakeFiles/competition_pico.dir/home/rosdev/pico-sdk/src/common/hardware_claim/claim.c.o
                0x0000000010000ed8                hw_claim_unused_from_range
 .text.next_striped_spin_lock_num
                0x0000000010000f74       0x18 CMakeFiles/competition_pico.dir/home/rosdev/pico-sdk/src/rp2_common/hardware_sync/sync.c.o
                0x0000000010000f74                next_striped_spin_lock_num
 .text.spin_lock_claim_unused
                0x0000000010000f8c       0x20 CMakeFiles/competition_pico.dir/home/rosdev/pico-sdk/src/rp2_common/hardware_sync/sync.c.o
                0x0000000010000f8c                spin_lock_claim_unused
 .text.spin_locks_reset
                0x0000000010000fac       0x1c CMakeFiles/competition_pico.dir/home/rosdev/pico-sdk/src/rp2_common/hardware_sync_spin_lock/sync_spin_lock.c.o
                0x0000000010000fac                spin_locks_reset
 .text.runtime_init_per_core_irq_priorities
                0x0000000010000fc8       0x24 CMakeFiles/competition_pico.dir/home/rosdev/pico-sdk/src/rp2_common/hardware_irq/irq.c.o
                0x0000000010000fc8                runtime_init_per_core_irq_priorities
 .text.irq_set_enabled
                0x0000000010000fec       0x24 CMakeFiles/competition_pico.dir/home/rosdev/pico-sdk/src/rp2_common/hardware_irq/irq.c.o
                0x0000000010000fec                irq_set_enabled
 .text.irq_is_enabled
                0x0000000010001010       0x18 CMakeFiles/competition_pico.dir/home/rosdev/pico-sdk/src/rp2_common/hardware_irq/irq.c.o
                0x0000000010001010                irq_is_enabled
 .text.irq_set_pending
                0x0000000010001028       0x10 CMakeFiles/competition_pico.dir/home/rosdev/pico-sdk/src/rp2_common/hardware_irq/irq.c.o
                0x0000000010001028                irq_set_pending
 .text.irq_has_shared_handler
                0x0000000010001038       0x24 CMakeFiles/competition_pico.dir/home/rosdev/pico-sdk/src/rp2_common/hardware_irq/irq.c.o
                0x0000000010001038                irq_has_shared_handler
 .text.irq_set_exclusive_handler
                0x000000001000105c       0x54 CMakeFiles/competition_pico.dir/home/rosdev/pico-sdk/src/rp2_common/hardware_irq/irq.c.o
                0x000000001000105c                irq_set_exclusive_handler
 .text.irq_add_shared_handler
                0x00000000100010b0      0x1e8 CMakeFiles/competition_pico.dir/home/rosdev/pico-sdk/src/rp2_common/hardware_irq/irq.c.o
                0x00000000100010b0                irq_add_shared_handler
 .text.irq_add_tail_to_free_list
                0x0000000010001298       0xb4 CMakeFiles/competition_pico.dir/home/rosdev/pico-sdk/src/rp2_common/hardware_irq/irq.c.o
                0x0000000010001298                irq_add_tail_to_free_list
 .text.user_irq_claim_unused
                0x000000001000134c       0x28 CMakeFiles/competition_pico.dir/home/rosdev/pico-sdk/src/rp2_common/hardware_irq/irq.c.o
                0x000000001000134c                user_irq_claim_unused
 .text.lock_init
                0x0000000010001374       0x10 CMakeFiles/competition_pico.dir/home/rosdev/pico-sdk/src/common/pico_sync/lock_core.c.o
                0x0000000010001374                lock_init
 .text.runtime_init_mutex
                0x0000000010001384       0x58 CMakeFiles/competition_pico.dir/home/rosdev/pico-sdk/src/common/pico_sync/mutex.c.o
                0x0000000010001384                runtime_init_mutex
 .text.mutex_init
                0x00000000100013dc       0x1c CMakeFiles/competition_pico.dir/home/rosdev/pico-sdk/src/common/pico_sync/mutex.c.o
                0x00000000100013dc                mutex_init
 .text.critical_section_init
                0x00000000100013f8       0x20 CMakeFiles/competition_pico.dir/home/rosdev/pico-sdk/src/common/pico_sync/critical_section.c.o
                0x00000000100013f8                critical_section_init
 .text.critical_section_init_with_lock_num
                0x0000000010001418       0x14 CMakeFiles/competition_pico.dir/home/rosdev/pico-sdk/src/common/pico_sync/critical_section.c.o
                0x0000000010001418                critical_section_init_with_lock_num
 .text.sleep_until_callback
                0x000000001000142c       0x30 CMakeFiles/competition_pico.dir/home/rosdev/pico-sdk/src/common/pico_time/time.c.o
 .text.alarm_pool_irq_handler
                0x000000001000145c      0x308 CMakeFiles/competition_pico.dir/home/rosdev/pico-sdk/src/common/pico_time/time.c.o
 .text.runtime_init_default_alarm_pool
                0x0000000010001764       0xdc CMakeFiles/competition_pico.dir/home/rosdev/pico-sdk/src/common/pico_time/time.c.o
                0x0000000010001764                runtime_init_default_alarm_pool
 .text.alarm_pool_get_default
                0x0000000010001840        0x8 CMakeFiles/competition_pico.dir/home/rosdev/pico-sdk/src/common/pico_time/time.c.o
                0x0000000010001840                alarm_pool_get_default
 .text.alarm_pool_add_alarm_at
                0x0000000010001848       0xc8 CMakeFiles/competition_pico.dir/home/rosdev/pico-sdk/src/common/pico_time/time.c.o
                0x0000000010001848                alarm_pool_add_alarm_at
 .text.alarm_pool_add_alarm_at_force_in_context
                0x0000000010001910       0xb0 CMakeFiles/competition_pico.dir/home/rosdev/pico-sdk/src/common/pico_time/time.c.o
                0x0000000010001910                alarm_pool_add_alarm_at_force_in_context
 .text.alarm_pool_cancel_alarm
                0x00000000100019c0       0x7c CMakeFiles/competition_pico.dir/home/rosdev/pico-sdk/src/common/pico_time/time.c.o
                0x00000000100019c0                alarm_pool_cancel_alarm
 .text.alarm_pool_core_num
                0x0000000010001a3c        0x4 CMakeFiles/competition_pico.dir/home/rosdev/pico-sdk/src/common/pico_time/time.c.o
                0x0000000010001a3c                alarm_pool_core_num
 .text.sleep_until
                0x0000000010001a40       0xd0 CMakeFiles/competition_pico.dir/home/rosdev/pico-sdk/src/common/pico_time/time.c.o
                0x0000000010001a40                sleep_until
 .text.sleep_ms
                0x0000000010001b10       0x34 CMakeFiles/competition_pico.dir/home/rosdev/pico-sdk/src/common/pico_time/time.c.o
                0x0000000010001b10                sleep_ms
 .text.best_effort_wfe_or_timeout
                0x0000000010001b44       0xfc CMakeFiles/competition_pico.dir/home/rosdev/pico-sdk/src/common/pico_time/time.c.o
                0x0000000010001b44                best_effort_wfe_or_timeout
 .text.check_single_timeout_us
                0x0000000010001c40       0x28 CMakeFiles/competition_pico.dir/home/rosdev/pico-sdk/src/common/pico_time/timeout_helper.c.o
 .text.init_single_timeout_until
                0x0000000010001c68        0xc CMakeFiles/competition_pico.dir/home/rosdev/pico-sdk/src/common/pico_time/timeout_helper.c.o
                0x0000000010001c68                init_single_timeout_until
 .text.timer_hardware_alarm_claim
                0x0000000010001c74       0x14 CMakeFiles/competition_pico.dir/home/rosdev/pico-sdk/src/rp2_common/hardware_timer/timer.c.o
                0x0000000010001c74                timer_hardware_alarm_claim
 .text.timer_time_us_64
                0x0000000010001c88       0x10 CMakeFiles/competition_pico.dir/home/rosdev/pico-sdk/src/rp2_common/hardware_timer/timer.c.o
                0x0000000010001c88                timer_time_us_64
 .text.time_us_64
                0x0000000010001c98       0x14 CMakeFiles/competition_pico.dir/home/rosdev/pico-sdk/src/rp2_common/hardware_timer/timer.c.o
                0x0000000010001c98                time_us_64
 .text.busy_wait_us
                0x0000000010001cac       0x54 CMakeFiles/competition_pico.dir/home/rosdev/pico-sdk/src/rp2_common/hardware_timer/timer.c.o
                0x0000000010001cac                busy_wait_us
 .text.busy_wait_until
                0x0000000010001d00       0x20 CMakeFiles/competition_pico.dir/home/rosdev/pico-sdk/src/rp2_common/hardware_timer/timer.c.o
                0x0000000010001d00                busy_wait_until
 .text.clock_configure_int_divider
                0x0000000010001d20       0xf4 CMakeFiles/competition_pico.dir/home/rosdev/pico-sdk/src/rp2_common/hardware_clocks/clocks.c.o
                0x0000000010001d20                clock_configure_int_divider
 .text.clock_configure_undivided
                0x0000000010001e14       0xe8 CMakeFiles/competition_pico.dir/home/rosdev/pico-sdk/src/rp2_common/hardware_clocks/clocks.c.o
                0x0000000010001e14                clock_configure_undivided
 .text.clock_get_hz
                0x0000000010001efc        0xc CMakeFiles/competition_pico.dir/home/rosdev/pico-sdk/src/rp2_common/hardware_clocks/clocks.c.o
                0x0000000010001efc                clock_get_hz
 .text.pll_init
                0x0000000010001f08       0xa0 CMakeFiles/competition_pico.dir/home/rosdev/pico-sdk/src/rp2_common/hardware_pll/pll.c.o
                0x0000000010001f08                pll_init
 .text.watchdog_reboot
                0x0000000010001fa8       0x98 CMakeFiles/competition_pico.dir/home/rosdev/pico-sdk/src/rp2_common/hardware_watchdog/watchdog.c.o
                0x0000000010001fa8                watchdog_reboot
 .text.tick_start
                0x0000000010002040       0x10 CMakeFiles/competition_pico.dir/home/rosdev/pico-sdk/src/rp2_common/hardware_ticks/ticks.c.o
                0x0000000010002040                tick_start
 .text.rom_func_lookup
                0x0000000010002050       0x10 CMakeFiles/competition_pico.dir/home/rosdev/pico-sdk/src/rp2_common/pico_bootrom/bootrom.c.o
                0x0000000010002050                rom_func_lookup
 .text.rom_data_lookup
                0x0000000010002060       0x10 CMakeFiles/competition_pico.dir/home/rosdev/pico-sdk/src/rp2_common/pico_bootrom/bootrom.c.o
                0x0000000010002060                rom_data_lookup
 .text.rom_funcs_lookup
                0x0000000010002070       0x44 CMakeFiles/competition_pico.dir/home/rosdev/pico-sdk/src/rp2_common/pico_bootrom/bootrom.c.o
                0x0000000010002070                rom_funcs_lookup
 .text.rom_reset_usb_boot_extra
                0x00000000100020b4       0x28 CMakeFiles/competition_pico.dir/home/rosdev/pico-sdk/src/rp2_common/pico_bootrom/bootrom.c.o
                0x00000000100020b4                rom_reset_usb_boot_extra
 .text.xosc_init
                0x00000000100020dc       0x28 CMakeFiles/competition_pico.dir/home/rosdev/pico-sdk/src/rp2_common/hardware_xosc/xosc.c.o
                0x00000000100020dc                xosc_init
 .text.first_per_core_initializer
                0x0000000010002104        0x4 CMakeFiles/competition_pico.dir/home/rosdev/pico-sdk/src/rp2_common/pico_runtime/runtime.c.o
 .text.hard_assertion_failure
                0x0000000010002108        0xc CMakeFiles/competition_pico.dir/home/rosdev/pico-sdk/src/rp2_common/pico_runtime/runtime.c.o
                0x0000000010002108                hard_assertion_failure
 .text.runtime_run_initializers
                0x0000000010002114       0x28 CMakeFiles/competition_pico.dir/home/rosdev/pico-sdk/src/rp2_common/pico_runtime/runtime.c.o
                0x0000000010002114                runtime_run_initializers
 .text.runtime_init_early_resets
                0x000000001000213c       0x2c CMakeFiles/competition_pico.dir/home/rosdev/pico-sdk/src/rp2_common/pico_runtime_init/runtime_init.c.o
                0x000000001000213c                runtime_init_early_resets
 .text.runtime_init_usb_power_down
                0x0000000010002168       0x1c CMakeFiles/competition_pico.dir/home/rosdev/pico-sdk/src/rp2_common/pico_runtime_init/runtime_init.c.o
                0x0000000010002168                runtime_init_usb_power_down
 .text.runtime_init_post_clock_resets
                0x0000000010002184       0x20 CMakeFiles/competition_pico.dir/home/rosdev/pico-sdk/src/rp2_common/pico_runtime_init/runtime_init.c.o
                0x0000000010002184                runtime_init_post_clock_resets
 .text.runtime_init_rp2040_gpio_ie_disable
                0x00000000100021a4       0x14 CMakeFiles/competition_pico.dir/home/rosdev/pico-sdk/src/rp2_common/pico_runtime_init/runtime_init.c.o
                0x00000000100021a4                runtime_init_rp2040_gpio_ie_disable
 .text.runtime_init_spin_locks_reset
                0x00000000100021b8        0x8 CMakeFiles/competition_pico.dir/home/rosdev/pico-sdk/src/rp2_common/pico_runtime_init/runtime_init.c.o
                0x00000000100021b8                runtime_init_spin_locks_reset
 .text.runtime_init_install_ram_vector_table
                0x00000000100021c0       0x1c CMakeFiles/competition_pico.dir/home/rosdev/pico-sdk/src/rp2_common/pico_runtime_init/runtime_init.c.o
                0x00000000100021c0                runtime_init_install_ram_vector_table
 .text.runtime_init_clocks
                0x00000000100021dc       0xd8 CMakeFiles/competition_pico.dir/home/rosdev/pico-sdk/src/rp2_common/pico_runtime_init/runtime_init_clocks.c.o
                0x00000000100021dc                runtime_init_clocks
 .text          0x00000000100022b4       0x10 CMakeFiles/competition_pico.dir/home/rosdev/pico-sdk/src/rp2_common/pico_bit_ops/bit_ops_aeabi.S.o
 .text.__wrap___aeabi_idiv
                0x00000000100022c4       0x50 CMakeFiles/competition_pico.dir/home/rosdev/pico-sdk/src/rp2_common/pico_divider/divider_hardware.S.o
                0x00000000100022c4                __wrap___aeabi_idivmod
                0x00000000100022c4                divmod_s32s32
                0x00000000100022c4                div_s32s32
                0x00000000100022c4                __wrap___aeabi_idiv
                0x00000000100022cc                divmod_s32s32_unsafe
                0x00000000100022f8                divmod_s32s32_savestate
 .text.__wrap___aeabi_uidiv
                0x0000000010002314       0x4c CMakeFiles/competition_pico.dir/home/rosdev/pico-sdk/src/rp2_common/pico_divider/divider_hardware.S.o
                0x0000000010002314                __wrap___aeabi_uidiv
                0x0000000010002314                __wrap___aeabi_uidivmod
                0x0000000010002314                div_u32u32
                0x0000000010002314                divmod_u32u32
                0x000000001000231c                divmod_u32u32_unsafe
                0x0000000010002344                divmod_u32u32_savestate
 .text.__wrap___aeabi_ldiv
                0x0000000010002360      0x424 CMakeFiles/competition_pico.dir/home/rosdev/pico-sdk/src/rp2_common/pico_divider/divider_hardware.S.o
                0x0000000010002360                div_s64s64
                0x0000000010002360                divmod_s64s64
                0x0000000010002360                __wrap___aeabi_ldivmod
                0x0000000010002390                div_u64u64
                0x0000000010002390                divmod_u64u64
                0x0000000010002390                __wrap___aeabi_uldivmod
                0x00000000100023a0                divmod_u64u64_savestate
                0x00000000100023c0                divmod_s64s64_unsafe
                0x0000000010002448                divmod_u64u64_unsafe
 .text.push_r8_r11
                0x0000000010002784        0xc CMakeFiles/competition_pico.dir/home/rosdev/pico-sdk/src/rp2_common/pico_double/double_aeabi_rp2040.S.o
                0x0000000010002784                push_r8_r11
 .text.pop_r8_r11
                0x0000000010002790        0xc CMakeFiles/competition_pico.dir/home/rosdev/pico-sdk/src/rp2_common/pico_double/double_aeabi_rp2040.S.o
                0x0000000010002790                pop_r8_r11
 .text.__wrap___aeabi_darithmetic
                0x000000001000279c       0x80 CMakeFiles/competition_pico.dir/home/rosdev/pico-sdk/src/rp2_common/pico_double/double_aeabi_rp2040.S.o
                0x000000001000279c                __wrap___aeabi_drsub
                0x00000000100027a2                __wrap___aeabi_dsub
                0x00000000100027b4                __wrap___aeabi_dadd
                0x00000000100027c6                __wrap___aeabi_ddiv
                0x0000000010002802                __wrap___aeabi_dmul
 .text.__wrap___aeabi_cdcmple
                0x000000001000281c       0x6c CMakeFiles/competition_pico.dir/home/rosdev/pico-sdk/src/rp2_common/pico_double/double_aeabi_rp2040.S.o
                0x000000001000281c                __wrap___aeabi_cdrcmple
                0x000000001000282c                __wrap___aeabi_cdcmple
                0x000000001000282c                __wrap___aeabi_cdcmpeq
 .text.__wrap___aeabi_dcmplt
                0x0000000010002888        0xc CMakeFiles/competition_pico.dir/home/rosdev/pico-sdk/src/rp2_common/pico_double/double_aeabi_rp2040.S.o
                0x0000000010002888                __wrap___aeabi_dcmplt
 .text.__wrap___aeabi_dcmple
                0x0000000010002894       0x10 CMakeFiles/competition_pico.dir/home/rosdev/pico-sdk/src/rp2_common/pico_double/double_aeabi_rp2040.S.o
                0x0000000010002894                __wrap___aeabi_dcmple
 .text.__wrap___aeabi_dcmpge
                0x00000000100028a4       0x10 CMakeFiles/competition_pico.dir/home/rosdev/pico-sdk/src/rp2_common/pico_double/double_aeabi_rp2040.S.o
                0x00000000100028a4                __wrap___aeabi_dcmpge
 .text.__wrap___aeabi_dcmpgt
                0x00000000100028b4        0xa CMakeFiles/competition_pico.dir/home/rosdev/pico-sdk/src/rp2_common/pico_double/double_aeabi_rp2040.S.o
                0x00000000100028b4                __wrap___aeabi_dcmpgt
 .text.__wrap___aeabi_dcmpun
                0x00000000100028be       0x18 CMakeFiles/competition_pico.dir/home/rosdev/pico-sdk/src/rp2_common/pico_double/double_aeabi_rp2040.S.o
                0x00000000100028be                __wrap___aeabi_dcmpun
 *fill*         0x00000000100028d6        0x2 
 .text.__wrap___aeabi_i2d
                0x00000000100028d8       0x38 CMakeFiles/competition_pico.dir/home/rosdev/pico-sdk/src/rp2_common/pico_double/double_aeabi_rp2040.S.o
                0x00000000100028d8                __wrap___aeabi_ui2d
                0x00000000100028d8                uint2double
                0x00000000100028e0                __wrap___aeabi_i2d
                0x00000000100028e0                int2double
 .text.__wrap___aeabi_d2iz
                0x0000000010002910       0x48 CMakeFiles/competition_pico.dir/home/rosdev/pico-sdk/src/rp2_common/pico_double/double_aeabi_rp2040.S.o
                0x0000000010002910                __wrap___aeabi_d2iz
                0x0000000010002910                double2int_z
 .text.__wrap___aeabi_d2uiz
                0x0000000010002958       0x18 CMakeFiles/competition_pico.dir/home/rosdev/pico-sdk/src/rp2_common/pico_double/double_aeabi_rp2040.S.o
                0x0000000010002958                double2uint_z
                0x0000000010002958                double2uint
                0x0000000010002958                __wrap___aeabi_d2uiz
 .text.fix642double
                0x0000000010002970       0x18 CMakeFiles/competition_pico.dir/home/rosdev/pico-sdk/src/rp2_common/pico_double/double_aeabi_rp2040.S.o
                0x0000000010002970                fix642double
 .text.__wrap___aeabi_d2f
                0x0000000010002988       0x18 CMakeFiles/competition_pico.dir/home/rosdev/pico-sdk/src/rp2_common/pico_double/double_aeabi_rp2040.S.o
                0x0000000010002988                __wrap___aeabi_d2f
 .text.__wrap_srqt
                0x00000000100029a0       0x18 CMakeFiles/competition_pico.dir/home/rosdev/pico-sdk/src/rp2_common/pico_double/double_aeabi_rp2040.S.o
                0x00000000100029a0                __wrap_sqrt
 .text.__wrap_sincostan_remainder
                0x00000000100029b8       0x14 CMakeFiles/competition_pico.dir/home/rosdev/pico-sdk/src/rp2_common/pico_double/double_aeabi_rp2040.S.o
                0x00000000100029b8                sincostan_remainder
 .text.__wrap_cos
                0x00000000100029cc       0x2c CMakeFiles/competition_pico.dir/home/rosdev/pico-sdk/src/rp2_common/pico_double/double_aeabi_rp2040.S.o
                0x00000000100029cc                __wrap_cos
 .text.__wrap_sin
                0x00000000100029f8       0x2c CMakeFiles/competition_pico.dir/home/rosdev/pico-sdk/src/rp2_common/pico_double/double_aeabi_rp2040.S.o
                0x00000000100029f8                __wrap_sin
 .text.__wrap_atan2
                0x0000000010002a24       0x18 CMakeFiles/competition_pico.dir/home/rosdev/pico-sdk/src/rp2_common/pico_double/double_aeabi_rp2040.S.o
                0x0000000010002a24                __wrap_atan2
 .text.__aeabi_double_init
                0x0000000010002a3c       0xa0 CMakeFiles/competition_pico.dir/home/rosdev/pico-sdk/src/rp2_common/pico_double/double_init_rom_rp2040.c.o
                0x0000000010002a3c                __aeabi_double_init
 .text.__wrap_atan
                0x0000000010002adc       0x40 CMakeFiles/competition_pico.dir/home/rosdev/pico-sdk/src/rp2_common/pico_double/double_math.c.o
                0x0000000010002adc                __wrap_atan
 .text.__wrap_remquo
                0x0000000010002b1c      0x2a0 CMakeFiles/competition_pico.dir/home/rosdev/pico-sdk/src/rp2_common/pico_double/double_math.c.o
                0x0000000010002b1c                __wrap_remquo
 .text.__wrap_remainder
                0x0000000010002dbc       0x10 CMakeFiles/competition_pico.dir/home/rosdev/pico-sdk/src/rp2_common/pico_double/double_math.c.o
                0x0000000010002dbc                __wrap_remainder
 .text.double_table_shim_on_use_helper
                0x0000000010002dcc       0x2c CMakeFiles/competition_pico.dir/home/rosdev/pico-sdk/src/rp2_common/pico_double/double_v1_rom_shim_rp2040.S.o
                0x0000000010002dcc                double_table_shim_on_use_helper
 .text.__wrap___aeabi_dsub
                0x0000000010002df8       0x10 CMakeFiles/competition_pico.dir/home/rosdev/pico-sdk/src/rp2_common/pico_double/double_v1_rom_shim_rp2040.S.o
                0x0000000010002df8                drsub_shim
                0x0000000010002dfe                dsub_shim
 .text.dadd_shim
                0x0000000010002e08      0x15c CMakeFiles/competition_pico.dir/home/rosdev/pico-sdk/src/rp2_common/pico_double/double_v1_rom_shim_rp2040.S.o
                0x0000000010002e08                dadd_shim
 .text.dmul_shim
                0x0000000010002f64      0x15c CMakeFiles/competition_pico.dir/home/rosdev/pico-sdk/src/rp2_common/pico_double/double_v1_rom_shim_rp2040.S.o
                0x0000000010002f64                dmul_shim
 .text.ddiv_shim
                0x00000000100030c0      0x1b0 CMakeFiles/competition_pico.dir/home/rosdev/pico-sdk/src/rp2_common/pico_double/double_v1_rom_shim_rp2040.S.o
                0x00000000100030c0                ddiv_shim
 .text.dsqrt_shim
                0x0000000010003270      0x1a8 CMakeFiles/competition_pico.dir/home/rosdev/pico-sdk/src/rp2_common/pico_double/double_v1_rom_shim_rp2040.S.o
                0x000000001000328c                dsqrt_shim
 .text.dcordic_vec_step
                0x0000000010003418        0xe CMakeFiles/competition_pico.dir/home/rosdev/pico-sdk/src/rp2_common/pico_double/double_v1_rom_shim_rp2040.S.o
                0x0000000010003418                dcordic_vec_step
 .text.dcordic_rot_step
                0x0000000010003426       0x76 CMakeFiles/competition_pico.dir/home/rosdev/pico-sdk/src/rp2_common/pico_double/double_v1_rom_shim_rp2040.S.o
                0x0000000010003426                dcordic_rot_step
 .text.double2uint_shim
                0x000000001000349c        0xe CMakeFiles/competition_pico.dir/home/rosdev/pico-sdk/src/rp2_common/pico_double/double_v1_rom_shim_rp2040.S.o
                0x000000001000349c                double2uint_shim
                0x000000001000349e                double2ufix_shim
 .text.double2int64_shim
                0x00000000100034aa       0x1a CMakeFiles/competition_pico.dir/home/rosdev/pico-sdk/src/rp2_common/pico_double/double_v1_rom_shim_rp2040.S.o
                0x00000000100034aa                double2int64_shim
                0x00000000100034ac                double2fix64_shim
 .text.double2uint64_shim
                0x00000000100034c4       0x70 CMakeFiles/competition_pico.dir/home/rosdev/pico-sdk/src/rp2_common/pico_double/double_v1_rom_shim_rp2040.S.o
                0x00000000100034c4                double2uint64_shim
                0x00000000100034c6                double2ufix64_shim
                0x00000000100034e6                d2fix_a
 .text.double2float_shim
                0x0000000010003534       0x5c CMakeFiles/competition_pico.dir/home/rosdev/pico-sdk/src/rp2_common/pico_double/double_v1_rom_shim_rp2040.S.o
                0x0000000010003534                double2float_shim
 .text.x2double_shims
                0x0000000010003590       0x90 CMakeFiles/competition_pico.dir/home/rosdev/pico-sdk/src/rp2_common/pico_double/double_v1_rom_shim_rp2040.S.o
                0x0000000010003590                uint2double_shim
                0x0000000010003592                ufix2double_shim
                0x0000000010003598                int2double_shim
                0x000000001000359a                fix2double_shim
                0x00000000100035a0                uint642double_shim
                0x00000000100035a2                ufix642double_shim
                0x00000000100035a8                int642double_shim
                0x00000000100035aa                fix642double_shim
 .text.dunpacks
                0x0000000010003620       0x3c CMakeFiles/competition_pico.dir/home/rosdev/pico-sdk/src/rp2_common/pico_double/double_v1_rom_shim_rp2040.S.o
                0x0000000010003620                dunpacks
 .text.dreduce  0x000000001000365c       0x82 CMakeFiles/competition_pico.dir/home/rosdev/pico-sdk/src/rp2_common/pico_double/double_v1_rom_shim_rp2040.S.o
                0x000000001000365c                dreduce
 .text.dcos_shim
                0x00000000100036de       0x10 CMakeFiles/competition_pico.dir/home/rosdev/pico-sdk/src/rp2_common/pico_double/double_v1_rom_shim_rp2040.S.o
                0x00000000100036de                dcos_shim
 .text.dsin_shim
                0x00000000100036ee       0x14 CMakeFiles/competition_pico.dir/home/rosdev/pico-sdk/src/rp2_common/pico_double/double_v1_rom_shim_rp2040.S.o
                0x00000000100036ee                dsin_shim
 *fill*         0x0000000010003702        0x2 
 .text.dtrig_guts
                0x0000000010003704      0x2ec CMakeFiles/competition_pico.dir/home/rosdev/pico-sdk/src/rp2_common/pico_double/double_v1_rom_shim_rp2040.S.o
                0x00000000100037dc                datan2_shim
 .text.__aeabi_lmul
                0x00000000100039f0       0x32 CMakeFiles/competition_pico.dir/home/rosdev/pico-sdk/src/rp2_common/pico_int64_ops/pico_int64_ops_aeabi.S.o
                0x00000000100039f0                __wrap___aeabi_lmul
 *fill*         0x0000000010003a22        0x2 
 .text.__wrap___aeabi_farithmetic
                0x0000000010003a24       0x48 CMakeFiles/competition_pico.dir/home/rosdev/pico-sdk/src/rp2_common/pico_float/float_aeabi_rp2040.S.o
                0x0000000010003a24                __wrap___aeabi_frsub
                0x0000000010003a2a                __wrap___aeabi_fsub
                0x0000000010003a30                __wrap___aeabi_fadd
                0x0000000010003a36                __wrap___aeabi_fdiv
                0x0000000010003a5e                __wrap___aeabi_fmul
 .text.__wrap___aeabi_ui2f
                0x0000000010003a6c        0xa CMakeFiles/competition_pico.dir/home/rosdev/pico-sdk/src/rp2_common/pico_float/float_aeabi_rp2040.S.o
                0x0000000010003a6c                uint2float
                0x0000000010003a6c                __wrap___aeabi_ui2f
 *fill*         0x0000000010003a76        0x2 
 .text.__wrap___aeabi_i2f
                0x0000000010003a78       0x44 CMakeFiles/competition_pico.dir/home/rosdev/pico-sdk/src/rp2_common/pico_float/float_aeabi_rp2040.S.o
                0x0000000010003a78                int2float
                0x0000000010003a78                __wrap___aeabi_i2f
 .text.__wrap___aeabi_f2iz
                0x0000000010003abc       0x4e CMakeFiles/competition_pico.dir/home/rosdev/pico-sdk/src/rp2_common/pico_float/float_aeabi_rp2040.S.o
                0x0000000010003abc                __wrap___aeabi_f2iz
                0x0000000010003abc                float2int_z
 *fill*         0x0000000010003b0a        0x2 
 .text.float2int
                0x0000000010003b0c       0x14 CMakeFiles/competition_pico.dir/home/rosdev/pico-sdk/src/rp2_common/pico_float/float_aeabi_rp2040.S.o
                0x0000000010003b0c                float2int
 .text.__wrap___aeabi_f2uiz
                0x0000000010003b20        0xc CMakeFiles/competition_pico.dir/home/rosdev/pico-sdk/src/rp2_common/pico_float/float_aeabi_rp2040.S.o
                0x0000000010003b20                float2uint
                0x0000000010003b20                float2uint_z
                0x0000000010003b20                __wrap___aeabi_f2uiz
 .text.__wrap___aeabi_f2d
                0x0000000010003b2c       0x14 CMakeFiles/competition_pico.dir/home/rosdev/pico-sdk/src/rp2_common/pico_float/float_aeabi_rp2040.S.o
                0x0000000010003b2c                __wrap___aeabi_f2d
 .text.__aeabi_float_init
                0x0000000010003b40       0x64 CMakeFiles/competition_pico.dir/home/rosdev/pico-sdk/src/rp2_common/pico_float/float_init_rom_rp2040.c.o
                0x0000000010003b40                __aeabi_float_init
 .text.float_table_shim_on_use_helper
                0x0000000010003ba4       0x2c CMakeFiles/competition_pico.dir/home/rosdev/pico-sdk/src/rp2_common/pico_float/float_v1_rom_shim_rp2040.S.o
                0x0000000010003ba4                float_table_shim_on_use_helper
 .text.float232_shims
                0x0000000010003bd0       0x18 CMakeFiles/competition_pico.dir/home/rosdev/pico-sdk/src/rp2_common/pico_float/float_v1_rom_shim_rp2040.S.o
                0x0000000010003bd0                float2int_shim
                0x0000000010003bd2                float2fix_shim
 .text.float2double_shim
                0x0000000010003be8       0x30 CMakeFiles/competition_pico.dir/home/rosdev/pico-sdk/src/rp2_common/pico_float/float_v1_rom_shim_rp2040.S.o
                0x0000000010003be8                float2double_shim
 .text.__wrap_malloc
                0x0000000010003c18       0x24 CMakeFiles/competition_pico.dir/home/rosdev/pico-sdk/src/rp2_common/pico_malloc/malloc.c.o
                0x0000000010003c18                __wrap_malloc
 .text.__wrap_calloc
                0x0000000010003c3c       0x28 CMakeFiles/competition_pico.dir/home/rosdev/pico-sdk/src/rp2_common/pico_malloc/malloc.c.o
                0x0000000010003c3c                __wrap_calloc
 .text.__wrap_realloc
                0x0000000010003c64       0x24 CMakeFiles/competition_pico.dir/home/rosdev/pico-sdk/src/rp2_common/pico_malloc/malloc.c.o
                0x0000000010003c64                __wrap_realloc
 .text.__wrap_free
                0x0000000010003c88        0x8 CMakeFiles/competition_pico.dir/home/rosdev/pico-sdk/src/rp2_common/pico_malloc/malloc.c.o
                0x0000000010003c88                __wrap_free
 .text          0x0000000010003c90       0x10 CMakeFiles/competition_pico.dir/home/rosdev/pico-sdk/src/rp2_common/pico_mem_ops/mem_ops_aeabi.S.o
                0x0000000010003c90                __aeabi_mem_init
 .text.memset   0x0000000010003ca0        0xc CMakeFiles/competition_pico.dir/home/rosdev/pico-sdk/src/rp2_common/pico_mem_ops/mem_ops_aeabi.S.o
                0x0000000010003ca0                __wrap_memset
 .text.memcpy   0x0000000010003cac        0xc CMakeFiles/competition_pico.dir/home/rosdev/pico-sdk/src/rp2_common/pico_mem_ops/mem_ops_aeabi.S.o
                0x0000000010003cac                __wrap___aeabi_memcpy
                0x0000000010003cac                __wrap_memcpy
 .text.__atomic_load_8
                0x0000000010003cb8       0x28 CMakeFiles/competition_pico.dir/home/rosdev/pico-sdk/src/rp2_common/pico_atomic/atomic.c.o
                0x0000000010003cb8                __atomic_load_8
 .text.__atomic_store_8
                0x0000000010003ce0       0x30 CMakeFiles/competition_pico.dir/home/rosdev/pico-sdk/src/rp2_common/pico_atomic/atomic.c.o
                0x0000000010003ce0                __atomic_store_8
 .text.__atomic_exchange_8
                0x0000000010003d10       0x38 CMakeFiles/competition_pico.dir/home/rosdev/pico-sdk/src/rp2_common/pico_atomic/atomic.c.o
                0x0000000010003d10                __atomic_exchange_8
 .text._out_buffer
                0x0000000010003d48        0x8 CMakeFiles/competition_pico.dir/home/rosdev/pico-sdk/src/rp2_common/pico_printf/printf.c.o
 .text._out_null
                0x0000000010003d50        0x4 CMakeFiles/competition_pico.dir/home/rosdev/pico-sdk/src/rp2_common/pico_printf/printf.c.o
 .text._out_rev
                0x0000000010003d54       0x9c CMakeFiles/competition_pico.dir/home/rosdev/pico-sdk/src/rp2_common/pico_printf/printf.c.o
 .text._ntoa_format
                0x0000000010003df0      0x1cc CMakeFiles/competition_pico.dir/home/rosdev/pico-sdk/src/rp2_common/pico_printf/printf.c.o
 .text._out_char
                0x0000000010003fbc       0x10 CMakeFiles/competition_pico.dir/home/rosdev/pico-sdk/src/rp2_common/pico_printf/printf.c.o
 .text._etoa    0x0000000010003fcc      0x44c CMakeFiles/competition_pico.dir/home/rosdev/pico-sdk/src/rp2_common/pico_printf/printf.c.o
 .text._ftoa    0x0000000010004418      0x398 CMakeFiles/competition_pico.dir/home/rosdev/pico-sdk/src/rp2_common/pico_printf/printf.c.o
 .text._vsnprintf
                0x00000000100047b0      0xb04 CMakeFiles/competition_pico.dir/home/rosdev/pico-sdk/src/rp2_common/pico_printf/printf.c.o
 .text.__wrap_snprintf
                0x00000000100052b4       0x28 CMakeFiles/competition_pico.dir/home/rosdev/pico-sdk/src/rp2_common/pico_printf/printf.c.o
                0x00000000100052b4                __wrap_snprintf
 .text.__wrap_vsnprintf
                0x00000000100052dc       0x1c CMakeFiles/competition_pico.dir/home/rosdev/pico-sdk/src/rp2_common/pico_printf/printf.c.o
                0x00000000100052dc                __wrap_vsnprintf
 .text.weak_raw_vprintf
                0x00000000100052f8       0x30 CMakeFiles/competition_pico.dir/home/rosdev/pico-sdk/src/rp2_common/pico_printf/printf.c.o
                0x00000000100052f8                weak_raw_vprintf
 .text._exit    0x0000000010005328        0x4 CMakeFiles/competition_pico.dir/home/rosdev/pico-sdk/src/rp2_common/pico_clib_interface/newlib_interface.c.o
                0x0000000010005328                _exit
 .text._sbrk    0x000000001000532c       0x34 CMakeFiles/competition_pico.dir/home/rosdev/pico-sdk/src/rp2_common/pico_clib_interface/newlib_interface.c.o
                0x000000001000532c                _sbrk
 .text._read    0x0000000010005360       0x24 CMakeFiles/competition_pico.dir/home/rosdev/pico-sdk/src/rp2_common/pico_clib_interface/newlib_interface.c.o
                0x0000000010005360                _read
 .text._write   0x0000000010005384       0x24 CMakeFiles/competition_pico.dir/home/rosdev/pico-sdk/src/rp2_common/pico_clib_interface/newlib_interface.c.o
                0x0000000010005384                _write
 .text._close   0x00000000100053a8        0x8 CMakeFiles/competition_pico.dir/home/rosdev/pico-sdk/src/rp2_common/pico_clib_interface/newlib_interface.c.o
                0x00000000100053a8                _close
 .text._lseek   0x00000000100053b0        0x8 CMakeFiles/competition_pico.dir/home/rosdev/pico-sdk/src/rp2_common/pico_clib_interface/newlib_interface.c.o
                0x00000000100053b0                _lseek
 .text._fstat   0x00000000100053b8        0x8 CMakeFiles/competition_pico.dir/home/rosdev/pico-sdk/src/rp2_common/pico_clib_interface/newlib_interface.c.o
                0x00000000100053b8                _fstat
 .text._isatty  0x00000000100053c0        0xc CMakeFiles/competition_pico.dir/home/rosdev/pico-sdk/src/rp2_common/pico_clib_interface/newlib_interface.c.o
                0x00000000100053c0                _isatty
 .text.exit     0x00000000100053cc        0x8 CMakeFiles/competition_pico.dir/home/rosdev/pico-sdk/src/rp2_common/pico_clib_interface/newlib_interface.c.o
                0x00000000100053cc                exit
 .text.runtime_init
                0x00000000100053d4       0x2c CMakeFiles/competition_pico.dir/home/rosdev/pico-sdk/src/rp2_common/pico_clib_interface/newlib_interface.c.o
                0x00000000100053d4                runtime_init
 .text.stdio_out_chars_no_crlf
                0x0000000010005400       0x10 CMakeFiles/competition_pico.dir/home/rosdev/pico-sdk/src/rp2_common/pico_stdio/stdio.c.o
 .text.stdio_out_chars_crlf
                0x0000000010005410       0x10 CMakeFiles/competition_pico.dir/home/rosdev/pico-sdk/src/rp2_common/pico_stdio/stdio.c.o
 .text.stdio_put_string
                0x0000000010005420      0x100 CMakeFiles/competition_pico.dir/home/rosdev/pico-sdk/src/rp2_common/pico_stdio/stdio.c.o
                0x0000000010005420                stdio_put_string
 .text.stdio_get_until
                0x0000000010005520       0x84 CMakeFiles/competition_pico.dir/home/rosdev/pico-sdk/src/rp2_common/pico_stdio/stdio.c.o
                0x0000000010005520                stdio_get_until
 .text.stdio_set_driver_enabled
                0x00000000100055a4       0x30 CMakeFiles/competition_pico.dir/home/rosdev/pico-sdk/src/rp2_common/pico_stdio/stdio.c.o
                0x00000000100055a4                stdio_set_driver_enabled
 .text.stdio_init_all
                0x00000000100055d4        0x8 CMakeFiles/competition_pico.dir/home/rosdev/pico-sdk/src/rp2_common/pico_stdio/stdio.c.o
                0x00000000100055d4                stdio_init_all
 .text.stdio_getchar_timeout_us
                0x00000000100055dc       0x98 CMakeFiles/competition_pico.dir/home/rosdev/pico-sdk/src/rp2_common/pico_stdio/stdio.c.o
                0x00000000100055dc                stdio_getchar_timeout_us
 .text.__wrap_putchar
                0x0000000010005674       0x98 CMakeFiles/competition_pico.dir/home/rosdev/pico-sdk/src/rp2_common/pico_stdio/stdio.c.o
                0x0000000010005674                stdio_putchar
                0x0000000010005674                __wrap_putchar
 .text.__wrap_puts
                0x000000001000570c       0x3c CMakeFiles/competition_pico.dir/home/rosdev/pico-sdk/src/rp2_common/pico_stdio/stdio.c.o
                0x000000001000570c                __wrap_puts
                0x000000001000570c                stdio_puts
 .text.resetd_init
                0x0000000010005748        0x4 CMakeFiles/competition_pico.dir/home/rosdev/pico-sdk/src/rp2_common/pico_stdio_usb/reset_interface.c.o
 .text.resetd_reset
                0x000000001000574c        0xc CMakeFiles/competition_pico.dir/home/rosdev/pico-sdk/src/rp2_common/pico_stdio_usb/reset_interface.c.o
 .text.resetd_open
                0x0000000010005758       0x28 CMakeFiles/competition_pico.dir/home/rosdev/pico-sdk/src/rp2_common/pico_stdio_usb/reset_interface.c.o
 .text.resetd_xfer_cb
                0x0000000010005780        0x4 CMakeFiles/competition_pico.dir/home/rosdev/pico-sdk/src/rp2_common/pico_stdio_usb/reset_interface.c.o
 .text.resetd_control_xfer_cb
                0x0000000010005784       0x60 CMakeFiles/competition_pico.dir/home/rosdev/pico-sdk/src/rp2_common/pico_stdio_usb/reset_interface.c.o
 .text.tud_descriptor_bos_cb
                0x00000000100057e4        0x8 CMakeFiles/competition_pico.dir/home/rosdev/pico-sdk/src/rp2_common/pico_stdio_usb/reset_interface.c.o
                0x00000000100057e4                tud_descriptor_bos_cb
 .text.tud_vendor_control_xfer_cb
                0x00000000100057ec       0x34 CMakeFiles/competition_pico.dir/home/rosdev/pico-sdk/src/rp2_common/pico_stdio_usb/reset_interface.c.o
                0x00000000100057ec                tud_vendor_control_xfer_cb
 .text.usbd_app_driver_get_cb
                0x0000000010005820        0xc CMakeFiles/competition_pico.dir/home/rosdev/pico-sdk/src/rp2_common/pico_stdio_usb/reset_interface.c.o
                0x0000000010005820                usbd_app_driver_get_cb
 .text.tud_cdc_line_coding_cb
                0x000000001000582c       0x2c CMakeFiles/competition_pico.dir/home/rosdev/pico-sdk/src/rp2_common/pico_stdio_usb/reset_interface.c.o
                0x000000001000582c                tud_cdc_line_coding_cb
 .text.stdio_usb_set_chars_available_callback
                0x0000000010005858       0x14 CMakeFiles/competition_pico.dir/home/rosdev/pico-sdk/src/rp2_common/pico_stdio_usb/stdio_usb.c.o
                0x0000000010005858                stdio_usb_set_chars_available_callback
 .text.usb_irq  0x000000001000586c       0x10 CMakeFiles/competition_pico.dir/home/rosdev/pico-sdk/src/rp2_common/pico_stdio_usb/stdio_usb.c.o
 .text.timer_task
                0x000000001000587c       0x64 CMakeFiles/competition_pico.dir/home/rosdev/pico-sdk/src/rp2_common/pico_stdio_usb/stdio_usb.c.o
 .text.stdio_usb_in_chars
                0x00000000100058e0       0x90 CMakeFiles/competition_pico.dir/home/rosdev/pico-sdk/src/rp2_common/pico_stdio_usb/stdio_usb.c.o
                0x00000000100058e0                stdio_usb_in_chars
 .text.stdio_usb_out_flush
                0x0000000010005970       0x50 CMakeFiles/competition_pico.dir/home/rosdev/pico-sdk/src/rp2_common/pico_stdio_usb/stdio_usb.c.o
 .text.stdio_usb_out_chars
                0x00000000100059c0      0x100 CMakeFiles/competition_pico.dir/home/rosdev/pico-sdk/src/rp2_common/pico_stdio_usb/stdio_usb.c.o
 .text.low_priority_worker_irq
                0x0000000010005ac0       0xc8 CMakeFiles/competition_pico.dir/home/rosdev/pico-sdk/src/rp2_common/pico_stdio_usb/stdio_usb.c.o
 .text.stdio_usb_init
                0x0000000010005b88       0xe8 CMakeFiles/competition_pico.dir/home/rosdev/pico-sdk/src/rp2_common/pico_stdio_usb/stdio_usb.c.o
                0x0000000010005b88                stdio_usb_init
 .text.tud_descriptor_device_cb
                0x0000000010005c70        0x8 CMakeFiles/competition_pico.dir/home/rosdev/pico-sdk/src/rp2_common/pico_stdio_usb/stdio_usb_descriptors.c.o
                0x0000000010005c70                tud_descriptor_device_cb
 .text.tud_descriptor_configuration_cb
                0x0000000010005c78        0x8 CMakeFiles/competition_pico.dir/home/rosdev/pico-sdk/src/rp2_common/pico_stdio_usb/stdio_usb_descriptors.c.o
                0x0000000010005c78                tud_descriptor_configuration_cb
 .text.tud_descriptor_string_cb
                0x0000000010005c80       0x74 CMakeFiles/competition_pico.dir/home/rosdev/pico-sdk/src/rp2_common/pico_stdio_usb/stdio_usb_descriptors.c.o
                0x0000000010005c80                tud_descriptor_string_cb
 .text.startup._retrieve_unique_id_on_boot
                0x0000000010005cf4       0x10 CMakeFiles/competition_pico.dir/home/rosdev/pico-sdk/src/rp2_common/pico_unique_id/unique_id.c.o
 .text.pico_get_unique_board_id_string
                0x0000000010005d04      0x1a8 CMakeFiles/competition_pico.dir/home/rosdev/pico-sdk/src/rp2_common/pico_unique_id/unique_id.c.o
                0x0000000010005d04                pico_get_unique_board_id_string
 .text.flash_get_unique_id
                0x0000000010005eac       0x40 CMakeFiles/competition_pico.dir/home/rosdev/pico-sdk/src/rp2_common/hardware_flash/flash.c.o
                0x0000000010005eac                flash_get_unique_id
 .text.dcd_init
                0x0000000010005eec       0x90 CMakeFiles/competition_pico.dir/home/rosdev/pico-sdk/lib/tinyusb/src/portable/raspberrypi/rp2040/dcd_rp2040.c.o
                0x0000000010005eec                dcd_init
 .text.dcd_int_enable
                0x0000000010005f7c        0xc CMakeFiles/competition_pico.dir/home/rosdev/pico-sdk/lib/tinyusb/src/portable/raspberrypi/rp2040/dcd_rp2040.c.o
                0x0000000010005f7c                dcd_int_enable
 .text.dcd_set_address
                0x0000000010005f88       0x14 CMakeFiles/competition_pico.dir/home/rosdev/pico-sdk/lib/tinyusb/src/portable/raspberrypi/rp2040/dcd_rp2040.c.o
                0x0000000010005f88                dcd_set_address
 .text.dcd_sof_enable
                0x0000000010005f9c       0x1c CMakeFiles/competition_pico.dir/home/rosdev/pico-sdk/lib/tinyusb/src/portable/raspberrypi/rp2040/dcd_rp2040.c.o
                0x0000000010005f9c                dcd_sof_enable
 .text.dcd_edpt0_status_complete
                0x0000000010005fb8       0x1c CMakeFiles/competition_pico.dir/home/rosdev/pico-sdk/lib/tinyusb/src/portable/raspberrypi/rp2040/dcd_rp2040.c.o
                0x0000000010005fb8                dcd_edpt0_status_complete
 .text.dcd_edpt_open
                0x0000000010005fd4      0x114 CMakeFiles/competition_pico.dir/home/rosdev/pico-sdk/lib/tinyusb/src/portable/raspberrypi/rp2040/dcd_rp2040.c.o
                0x0000000010005fd4                dcd_edpt_open
 .text.dcd_edpt_close_all
                0x00000000100060e8        0x8 CMakeFiles/competition_pico.dir/home/rosdev/pico-sdk/lib/tinyusb/src/portable/raspberrypi/rp2040/dcd_rp2040.c.o
                0x00000000100060e8                dcd_edpt_close_all
 .text.dcd_edpt_xfer
                0x00000000100060f0       0x24 CMakeFiles/competition_pico.dir/home/rosdev/pico-sdk/lib/tinyusb/src/portable/raspberrypi/rp2040/dcd_rp2040.c.o
                0x00000000100060f0                dcd_edpt_xfer
 .text.dcd_edpt_stall
                0x0000000010006114       0x38 CMakeFiles/competition_pico.dir/home/rosdev/pico-sdk/lib/tinyusb/src/portable/raspberrypi/rp2040/dcd_rp2040.c.o
                0x0000000010006114                dcd_edpt_stall
 .text.dcd_edpt_clear_stall
                0x000000001000614c       0x30 CMakeFiles/competition_pico.dir/home/rosdev/pico-sdk/lib/tinyusb/src/portable/raspberrypi/rp2040/dcd_rp2040.c.o
                0x000000001000614c                dcd_edpt_clear_stall
 .text.rp2040_usb_init
                0x000000001000617c       0x40 CMakeFiles/competition_pico.dir/home/rosdev/pico-sdk/lib/tinyusb/src/portable/raspberrypi/rp2040/rp2040_usb.c.o
                0x000000001000617c                rp2040_usb_init
 .text.hw_endpoint_xfer_start
                0x00000000100061bc       0x50 CMakeFiles/competition_pico.dir/home/rosdev/pico-sdk/lib/tinyusb/src/portable/raspberrypi/rp2040/rp2040_usb.c.o
                0x00000000100061bc                hw_endpoint_xfer_start
 .text.tud_event_hook_cb
                0x000000001000620c        0x4 CMakeFiles/competition_pico.dir/home/rosdev/pico-sdk/lib/tinyusb/src/device/usbd.c.o
                0x000000001000620c                tud_event_hook_cb
 .text.tud_sof_cb
                0x0000000010006210        0x4 CMakeFiles/competition_pico.dir/home/rosdev/pico-sdk/lib/tinyusb/src/device/usbd.c.o
                0x0000000010006210                tud_sof_cb
 .text.tud_descriptor_device_qualifier_cb
                0x0000000010006214        0x4 CMakeFiles/competition_pico.dir/home/rosdev/pico-sdk/lib/tinyusb/src/device/usbd.c.o
                0x0000000010006214                tud_descriptor_device_qualifier_cb
 .text.tud_descriptor_other_speed_configuration_cb
                0x0000000010006218        0x4 CMakeFiles/competition_pico.dir/home/rosdev/pico-sdk/lib/tinyusb/src/device/usbd.c.o
                0x0000000010006218                tud_descriptor_other_speed_configuration_cb
 .text.tud_mount_cb
                0x000000001000621c        0x4 CMakeFiles/competition_pico.dir/home/rosdev/pico-sdk/lib/tinyusb/src/device/usbd.c.o
                0x000000001000621c                tud_mount_cb
 .text.tud_umount_cb
                0x0000000010006220        0x4 CMakeFiles/competition_pico.dir/home/rosdev/pico-sdk/lib/tinyusb/src/device/usbd.c.o
                0x0000000010006220                tud_umount_cb
 .text.tud_suspend_cb
                0x0000000010006224        0x4 CMakeFiles/competition_pico.dir/home/rosdev/pico-sdk/lib/tinyusb/src/device/usbd.c.o
                0x0000000010006224                tud_suspend_cb
 .text.tud_resume_cb
                0x0000000010006228        0x4 CMakeFiles/competition_pico.dir/home/rosdev/pico-sdk/lib/tinyusb/src/device/usbd.c.o
                0x0000000010006228                tud_resume_cb
 .text.tud_mounted
                0x000000001000622c       0x10 CMakeFiles/competition_pico.dir/home/rosdev/pico-sdk/lib/tinyusb/src/device/usbd.c.o
                0x000000001000622c                tud_mounted
 .text.tud_suspended
                0x000000001000623c       0x10 CMakeFiles/competition_pico.dir/home/rosdev/pico-sdk/lib/tinyusb/src/device/usbd.c.o
                0x000000001000623c                tud_suspended
 .text.tud_rhport_init
                0x000000001000624c       0xf4 CMakeFiles/competition_pico.dir/home/rosdev/pico-sdk/lib/tinyusb/src/device/usbd.c.o
                0x000000001000624c                tud_rhport_init
 .text.tud_task_ext
                0x0000000010006340      0x800 CMakeFiles/competition_pico.dir/home/rosdev/pico-sdk/lib/tinyusb/src/device/usbd.c.o
                0x0000000010006340                tud_task_ext
 .text.usbd_open_edpt_pair
                0x0000000010006b40       0x9c CMakeFiles/competition_pico.dir/home/rosdev/pico-sdk/lib/tinyusb/src/device/usbd.c.o
                0x0000000010006b40                usbd_open_edpt_pair
 .text.usbd_edpt_open
                0x0000000010006bdc       0x34 CMakeFiles/competition_pico.dir/home/rosdev/pico-sdk/lib/tinyusb/src/device/usbd.c.o
                0x0000000010006bdc                usbd_edpt_open
 .text.usbd_edpt_claim
                0x0000000010006c10       0x28 CMakeFiles/competition_pico.dir/home/rosdev/pico-sdk/lib/tinyusb/src/device/usbd.c.o
                0x0000000010006c10                usbd_edpt_claim
 .text.usbd_edpt_release
                0x0000000010006c38       0x28 CMakeFiles/competition_pico.dir/home/rosdev/pico-sdk/lib/tinyusb/src/device/usbd.c.o
                0x0000000010006c38                usbd_edpt_release
 .text.usbd_edpt_xfer
                0x0000000010006c60       0x4c CMakeFiles/competition_pico.dir/home/rosdev/pico-sdk/lib/tinyusb/src/device/usbd.c.o
                0x0000000010006c60                usbd_edpt_xfer
 .text.tud_control_status
                0x0000000010006cac       0x30 CMakeFiles/competition_pico.dir/home/rosdev/pico-sdk/lib/tinyusb/src/device/usbd_control.c.o
                0x0000000010006cac                tud_control_status
 .text.tud_control_xfer
                0x0000000010006cdc       0xbc CMakeFiles/competition_pico.dir/home/rosdev/pico-sdk/lib/tinyusb/src/device/usbd_control.c.o
                0x0000000010006cdc                tud_control_xfer
 .text.usbd_control_reset
                0x0000000010006d98       0x14 CMakeFiles/competition_pico.dir/home/rosdev/pico-sdk/lib/tinyusb/src/device/usbd_control.c.o
                0x0000000010006d98                usbd_control_reset
 .text.usbd_control_set_complete_callback
                0x0000000010006dac        0xc CMakeFiles/competition_pico.dir/home/rosdev/pico-sdk/lib/tinyusb/src/device/usbd_control.c.o
                0x0000000010006dac                usbd_control_set_complete_callback
 .text.usbd_control_set_request
                0x0000000010006db8       0x1c CMakeFiles/competition_pico.dir/home/rosdev/pico-sdk/lib/tinyusb/src/device/usbd_control.c.o
                0x0000000010006db8                usbd_control_set_request
 .text.usbd_control_xfer_cb
                0x0000000010006dd4       0xf0 CMakeFiles/competition_pico.dir/home/rosdev/pico-sdk/lib/tinyusb/src/device/usbd_control.c.o
                0x0000000010006dd4                usbd_control_xfer_cb
 .text._prep_out_transaction.isra.0
                0x0000000010006ec4       0x6c CMakeFiles/competition_pico.dir/home/rosdev/pico-sdk/lib/tinyusb/src/class/cdc/cdc_device.c.o
 .text.tud_cdc_n_connected
                0x0000000010006f30       0x2c CMakeFiles/competition_pico.dir/home/rosdev/pico-sdk/lib/tinyusb/src/class/cdc/cdc_device.c.o
                0x0000000010006f30                tud_cdc_n_connected
 .text.tud_cdc_n_available
                0x0000000010006f5c       0x18 CMakeFiles/competition_pico.dir/home/rosdev/pico-sdk/lib/tinyusb/src/class/cdc/cdc_device.c.o
                0x0000000010006f5c                tud_cdc_n_available
 .text.tud_cdc_n_read
                0x0000000010006f74       0x94 CMakeFiles/competition_pico.dir/home/rosdev/pico-sdk/lib/tinyusb/src/class/cdc/cdc_device.c.o
                0x0000000010006f74                tud_cdc_n_read
 .text.tud_cdc_n_write_flush
                0x0000000010007008       0x78 CMakeFiles/competition_pico.dir/home/rosdev/pico-sdk/lib/tinyusb/src/class/cdc/cdc_device.c.o
                0x0000000010007008                tud_cdc_n_write_flush
 .text.tud_cdc_n_write
                0x0000000010007080       0x44 CMakeFiles/competition_pico.dir/home/rosdev/pico-sdk/lib/tinyusb/src/class/cdc/cdc_device.c.o
                0x0000000010007080                tud_cdc_n_write
 .text.tud_cdc_n_write_available
                0x00000000100070c4       0x18 CMakeFiles/competition_pico.dir/home/rosdev/pico-sdk/lib/tinyusb/src/class/cdc/cdc_device.c.o
                0x00000000100070c4                tud_cdc_n_write_available
 .text.cdcd_init
                0x00000000100070dc       0x70 CMakeFiles/competition_pico.dir/home/rosdev/pico-sdk/lib/tinyusb/src/class/cdc/cdc_device.c.o
                0x00000000100070dc                cdcd_init
 .text.cdcd_deinit
                0x000000001000714c       0x24 CMakeFiles/competition_pico.dir/home/rosdev/pico-sdk/lib/tinyusb/src/class/cdc/cdc_device.c.o
                0x000000001000714c                cdcd_deinit
 .text.cdcd_reset
                0x0000000010007170       0x4c CMakeFiles/competition_pico.dir/home/rosdev/pico-sdk/lib/tinyusb/src/class/cdc/cdc_device.c.o
                0x0000000010007170                cdcd_reset
 .text.cdcd_open
                0x00000000100071bc       0xa8 CMakeFiles/competition_pico.dir/home/rosdev/pico-sdk/lib/tinyusb/src/class/cdc/cdc_device.c.o
                0x00000000100071bc                cdcd_open
 .text.cdcd_control_xfer_cb
                0x0000000010007264       0xe8 CMakeFiles/competition_pico.dir/home/rosdev/pico-sdk/lib/tinyusb/src/class/cdc/cdc_device.c.o
                0x0000000010007264                cdcd_control_xfer_cb
 .text.cdcd_xfer_cb
                0x000000001000734c       0xfc CMakeFiles/competition_pico.dir/home/rosdev/pico-sdk/lib/tinyusb/src/class/cdc/cdc_device.c.o
                0x000000001000734c                cdcd_xfer_cb
 .text.vendord_init
                0x0000000010007448       0x5c CMakeFiles/competition_pico.dir/home/rosdev/pico-sdk/lib/tinyusb/src/class/vendor/vendor_device.c.o
                0x0000000010007448                vendord_init
 .text.vendord_deinit
                0x00000000100074a4       0x1c CMakeFiles/competition_pico.dir/home/rosdev/pico-sdk/lib/tinyusb/src/class/vendor/vendor_device.c.o
                0x00000000100074a4                vendord_deinit
 .text.vendord_reset
                0x00000000100074c0       0x28 CMakeFiles/competition_pico.dir/home/rosdev/pico-sdk/lib/tinyusb/src/class/vendor/vendor_device.c.o
                0x00000000100074c0                vendord_reset
 .text.vendord_open
                0x00000000100074e8      0x128 CMakeFiles/competition_pico.dir/home/rosdev/pico-sdk/lib/tinyusb/src/class/vendor/vendor_device.c.o
                0x00000000100074e8                vendord_open
 .text.vendord_xfer_cb
                0x0000000010007610       0x9c CMakeFiles/competition_pico.dir/home/rosdev/pico-sdk/lib/tinyusb/src/class/vendor/vendor_device.c.o
                0x0000000010007610                vendord_xfer_cb
 .text.tusb_rhport_init
                0x00000000100076ac       0x48 CMakeFiles/competition_pico.dir/home/rosdev/pico-sdk/lib/tinyusb/src/tusb.c.o
                0x00000000100076ac                tusb_rhport_init
 .text.tu_edpt_claim
                0x00000000100076f4       0x50 CMakeFiles/competition_pico.dir/home/rosdev/pico-sdk/lib/tinyusb/src/tusb.c.o
                0x00000000100076f4                tu_edpt_claim
 .text.tu_edpt_release
                0x0000000010007744       0x38 CMakeFiles/competition_pico.dir/home/rosdev/pico-sdk/lib/tinyusb/src/tusb.c.o
                0x0000000010007744                tu_edpt_release
 .text.tu_edpt_validate
                0x000000001000777c       0x78 CMakeFiles/competition_pico.dir/home/rosdev/pico-sdk/lib/tinyusb/src/tusb.c.o
                0x000000001000777c                tu_edpt_validate
 .text.tu_edpt_bind_driver
                0x00000000100077f4       0x34 CMakeFiles/competition_pico.dir/home/rosdev/pico-sdk/lib/tinyusb/src/tusb.c.o
                0x00000000100077f4                tu_edpt_bind_driver
 .text.tu_edpt_stream_init
                0x0000000010007828       0x6c CMakeFiles/competition_pico.dir/home/rosdev/pico-sdk/lib/tinyusb/src/tusb.c.o
                0x0000000010007828                tu_edpt_stream_init
 .text.tu_edpt_stream_deinit
                0x0000000010007894        0x4 CMakeFiles/competition_pico.dir/home/rosdev/pico-sdk/lib/tinyusb/src/tusb.c.o
                0x0000000010007894                tu_edpt_stream_deinit
 .text.tu_edpt_stream_write_zlp_if_needed
                0x0000000010007898       0x58 CMakeFiles/competition_pico.dir/home/rosdev/pico-sdk/lib/tinyusb/src/tusb.c.o
                0x0000000010007898                tu_edpt_stream_write_zlp_if_needed
 .text.tu_edpt_stream_write_xfer
                0x00000000100078f0       0x64 CMakeFiles/competition_pico.dir/home/rosdev/pico-sdk/lib/tinyusb/src/tusb.c.o
                0x00000000100078f0                tu_edpt_stream_write_xfer
 .text.tu_edpt_stream_read_xfer
                0x0000000010007954       0xdc CMakeFiles/competition_pico.dir/home/rosdev/pico-sdk/lib/tinyusb/src/tusb.c.o
                0x0000000010007954                tu_edpt_stream_read_xfer
 .text.tu_fifo_config
                0x0000000010007a30       0x70 CMakeFiles/competition_pico.dir/home/rosdev/pico-sdk/lib/tinyusb/src/common/tusb_fifo.c.o
                0x0000000010007a30                tu_fifo_config
 .text.tu_fifo_count
                0x0000000010007aa0       0x2c CMakeFiles/competition_pico.dir/home/rosdev/pico-sdk/lib/tinyusb/src/common/tusb_fifo.c.o
                0x0000000010007aa0                tu_fifo_count
 .text.tu_fifo_empty
                0x0000000010007acc       0x10 CMakeFiles/competition_pico.dir/home/rosdev/pico-sdk/lib/tinyusb/src/common/tusb_fifo.c.o
                0x0000000010007acc                tu_fifo_empty
 .text.tu_fifo_remaining
                0x0000000010007adc       0x2c CMakeFiles/competition_pico.dir/home/rosdev/pico-sdk/lib/tinyusb/src/common/tusb_fifo.c.o
                0x0000000010007adc                tu_fifo_remaining
 .text.tu_fifo_read
                0x0000000010007b08       0xa0 CMakeFiles/competition_pico.dir/home/rosdev/pico-sdk/lib/tinyusb/src/common/tusb_fifo.c.o
                0x0000000010007b08                tu_fifo_read
 .text.tu_fifo_read_n
                0x0000000010007ba8       0xec CMakeFiles/competition_pico.dir/home/rosdev/pico-sdk/lib/tinyusb/src/common/tusb_fifo.c.o
                0x0000000010007ba8                tu_fifo_read_n
 .text.tu_fifo_write
                0x0000000010007c94       0x88 CMakeFiles/competition_pico.dir/home/rosdev/pico-sdk/lib/tinyusb/src/common/tusb_fifo.c.o
                0x0000000010007c94                tu_fifo_write
 .text.tu_fifo_write_n
                0x0000000010007d1c      0x168 CMakeFiles/competition_pico.dir/home/rosdev/pico-sdk/lib/tinyusb/src/common/tusb_fifo.c.o
                0x0000000010007d1c                tu_fifo_write_n
 .text.tu_fifo_clear
                0x0000000010007e84       0x40 CMakeFiles/competition_pico.dir/home/rosdev/pico-sdk/lib/tinyusb/src/common/tusb_fifo.c.o
                0x0000000010007e84                tu_fifo_clear
 .text.tu_fifo_set_overwritable
                0x0000000010007ec4       0x48 CMakeFiles/competition_pico.dir/home/rosdev/pico-sdk/lib/tinyusb/src/common/tusb_fifo.c.o
                0x0000000010007ec4                tu_fifo_set_overwritable
 .text.i2c_write_blocking_internal
                0x0000000010007f0c      0x174 CMakeFiles/competition_pico.dir/home/rosdev/pico-sdk/src/rp2_common/hardware_i2c/i2c.c.o
 .text.i2c_read_blocking_internal
                0x0000000010008080      0x108 CMakeFiles/competition_pico.dir/home/rosdev/pico-sdk/src/rp2_common/hardware_i2c/i2c.c.o
 .text.i2c_set_baudrate
                0x0000000010008188       0xc0 CMakeFiles/competition_pico.dir/home/rosdev/pico-sdk/src/rp2_common/hardware_i2c/i2c.c.o
                0x0000000010008188                i2c_set_baudrate
 .text.i2c_init
                0x0000000010008248       0x54 CMakeFiles/competition_pico.dir/home/rosdev/pico-sdk/src/rp2_common/hardware_i2c/i2c.c.o
                0x0000000010008248                i2c_init
 .text.i2c_write_blocking_until
                0x000000001000829c       0x48 CMakeFiles/competition_pico.dir/home/rosdev/pico-sdk/src/rp2_common/hardware_i2c/i2c.c.o
                0x000000001000829c                i2c_write_blocking_until
 .text.i2c_read_blocking_until
                0x00000000100082e4       0x48 CMakeFiles/competition_pico.dir/home/rosdev/pico-sdk/src/rp2_common/hardware_i2c/i2c.c.o
                0x00000000100082e4                i2c_read_blocking_until
 .text.rcl_get_zero_initialized_publisher
                0x000000001000832c        0xc /home/rosdev/ros2_ws/src/libmicroros/libmicroros.a(librcl-publisher.c.obj)
                0x000000001000832c                rcl_get_zero_initialized_publisher
 .text.rcl_publisher_init
                0x0000000010008338      0x138 /home/rosdev/ros2_ws/src/libmicroros/libmicroros.a(librcl-publisher.c.obj)
                0x0000000010008338                rcl_publisher_init
 .text.rcl_publisher_get_default_options
                0x0000000010008470       0x50 /home/rosdev/ros2_ws/src/libmicroros/libmicroros.a(librcl-publisher.c.obj)
                0x0000000010008470                rcl_publisher_get_default_options
 .text.rcl_publish
                0x00000000100084c0       0x4c /home/rosdev/ros2_ws/src/libmicroros/libmicroros.a(librcl-publisher.c.obj)
                0x00000000100084c0                rcl_publish
 .text.rcl_publisher_is_valid
                0x000000001000850c       0x30 /home/rosdev/ros2_ws/src/libmicroros/libmicroros.a(librcl-publisher.c.obj)
                0x000000001000850c                rcl_publisher_is_valid
 .text.rcl_publisher_is_valid_except_context
                0x000000001000853c       0x1c /home/rosdev/ros2_ws/src/libmicroros/libmicroros.a(librcl-publisher.c.obj)
                0x000000001000853c                rcl_publisher_is_valid_except_context
 .text._rclc_check_for_new_data
                0x0000000010008558       0x90 /home/rosdev/ros2_ws/src/libmicroros/libmicroros.a(librclc-executor.c.obj)
 .text._rclc_take_new_data
                0x00000000100085e8      0x2c8 /home/rosdev/ros2_ws/src/libmicroros/libmicroros.a(librclc-executor.c.obj)
 .text._rclc_execute.part.0
                0x00000000100088b0      0x29c /home/rosdev/ros2_ws/src/libmicroros/libmicroros.a(librclc-executor.c.obj)
 .text.rclc_executor_trigger_any
                0x0000000010008b4c       0x7c /home/rosdev/ros2_ws/src/libmicroros/libmicroros.a(librclc-executor.c.obj)
                0x0000000010008b4c                rclc_executor_trigger_any
 .text.rclc_executor_init
                0x0000000010008bc8       0xc0 /home/rosdev/ros2_ws/src/libmicroros/libmicroros.a(librclc-executor.c.obj)
                0x0000000010008bc8                rclc_executor_init
 .text.rclc_executor_add_timer
                0x0000000010008c88       0x58 /home/rosdev/ros2_ws/src/libmicroros/libmicroros.a(librclc-executor.c.obj)
                0x0000000010008c88                rclc_executor_add_timer
 .text.rclc_executor_prepare
                0x0000000010008ce0       0x88 /home/rosdev/ros2_ws/src/libmicroros/libmicroros.a(librclc-executor.c.obj)
                0x0000000010008ce0                rclc_executor_prepare
 .text.rclc_executor_spin_some.part.0
                0x0000000010008d68      0x378 /home/rosdev/ros2_ws/src/libmicroros/libmicroros.a(librclc-executor.c.obj)
 .text.rclc_executor_spin_some
                0x00000000100090e0       0x30 /home/rosdev/ros2_ws/src/libmicroros/libmicroros.a(librclc-executor.c.obj)
                0x00000000100090e0                rclc_executor_spin_some
 .text.rclc_executor_handle_counters_zero_init
                0x0000000010009110       0x18 /home/rosdev/ros2_ws/src/libmicroros/libmicroros.a(librclc-executor_handle.c.obj)
                0x0000000010009110                rclc_executor_handle_counters_zero_init
 .text.rclc_executor_handle_init
                0x0000000010009128       0x28 /home/rosdev/ros2_ws/src/libmicroros/libmicroros.a(librclc-executor_handle.c.obj)
                0x0000000010009128                rclc_executor_handle_init
 .text.rclc_support_init
                0x0000000010009150       0x94 /home/rosdev/ros2_ws/src/libmicroros/libmicroros.a(librclc-init.c.obj)
                0x0000000010009150                rclc_support_init
 .text.rclc_node_init_default
                0x00000000100091e4       0x74 /home/rosdev/ros2_ws/src/libmicroros/libmicroros.a(librclc-node.c.obj)
                0x00000000100091e4                rclc_node_init_default
 .text.rclc_publisher_init_default
                0x0000000010009258       0x68 /home/rosdev/ros2_ws/src/libmicroros/libmicroros.a(librclc-publisher.c.obj)
                0x0000000010009258                rclc_publisher_init_default
 .text.rclc_timer_init_default
                0x00000000100092c0       0x60 /home/rosdev/ros2_ws/src/libmicroros/libmicroros.a(librclc-timer.c.obj)
                0x00000000100092c0                rclc_timer_init_default
 .text.__default_zero_allocate
                0x0000000010009320        0x8 /home/rosdev/ros2_ws/src/libmicroros/libmicroros.a(librcutils-allocator.c.obj)
 .text.__default_reallocate
                0x0000000010009328        0x8 /home/rosdev/ros2_ws/src/libmicroros/libmicroros.a(librcutils-allocator.c.obj)
 .text.__default_deallocate
                0x0000000010009330        0x8 /home/rosdev/ros2_ws/src/libmicroros/libmicroros.a(librcutils-allocator.c.obj)
 .text.__default_allocate
                0x0000000010009338        0x8 /home/rosdev/ros2_ws/src/libmicroros/libmicroros.a(librcutils-allocator.c.obj)
 .text.rcutils_get_default_allocator
                0x0000000010009340       0x14 /home/rosdev/ros2_ws/src/libmicroros/libmicroros.a(librcutils-allocator.c.obj)
                0x0000000010009340                rcutils_get_default_allocator
 .text.rcutils_allocator_is_valid
                0x0000000010009354       0x24 /home/rosdev/ros2_ws/src/libmicroros/libmicroros.a(librcutils-allocator.c.obj)
                0x0000000010009354                rcutils_allocator_is_valid
 .text.rcutils_get_error_string
                0x0000000010009378       0x34 /home/rosdev/ros2_ws/src/libmicroros/libmicroros.a(librcutils-error_handling.c.obj)
                0x0000000010009378                rcutils_get_error_string
 .text.rcutils_reset_error
                0x00000000100093ac       0x38 /home/rosdev/ros2_ws/src/libmicroros/libmicroros.a(librcutils-error_handling.c.obj)
                0x00000000100093ac                rcutils_reset_error
 .text.rcutils_system_time_now
                0x00000000100093e4       0x4c /home/rosdev/ros2_ws/src/libmicroros/libmicroros.a(librcutils-time_unix.c.obj)
                0x00000000100093e4                rcutils_system_time_now
 .text.rcutils_steady_time_now
                0x0000000010009430       0x4c /home/rosdev/ros2_ws/src/libmicroros/libmicroros.a(librcutils-time_unix.c.obj)
                0x0000000010009430                rcutils_steady_time_now
 .text.rmw_get_default_publisher_options
                0x000000001000947c        0x8 /home/rosdev/ros2_ws/src/libmicroros/libmicroros.a(librmw-publisher_options.c.obj)
                0x000000001000947c                rmw_get_default_publisher_options
 .text.rmw_uros_set_custom_transport
                0x0000000010009484       0x34 /home/rosdev/ros2_ws/src/libmicroros/libmicroros.a(librmw_microxrcedds-custom_transport.c.obj)
                0x0000000010009484                rmw_uros_set_custom_transport
 .text.rmw_uros_ping_agent
                0x00000000100094b8       0xa0 /home/rosdev/ros2_ws/src/libmicroros/libmicroros.a(librmw_microxrcedds-ping.c.obj)
                0x00000000100094b8                rmw_uros_ping_agent
 .text.flush_session
                0x0000000010009558        0xc /home/rosdev/ros2_ws/src/libmicroros/libmicroros.a(librmw_microxrcedds-rmw_publish.c.obj)
                0x0000000010009558                flush_session
 .text.rmw_publish
                0x0000000010009564       0xd8 /home/rosdev/ros2_ws/src/libmicroros/libmicroros.a(librmw_microxrcedds-rmw_publish.c.obj)
                0x0000000010009564                rmw_publish
 .text.rmw_create_publisher
                0x000000001000963c      0x20c /home/rosdev/ros2_ws/src/libmicroros/libmicroros.a(librmw_microxrcedds-rmw_publisher.c.obj)
                0x000000001000963c                rmw_create_publisher
 .text.rmw_publisher_get_actual_qos
                0x0000000010009848       0x20 /home/rosdev/ros2_ws/src/libmicroros/libmicroros.a(librmw_microxrcedds-rmw_publisher.c.obj)
                0x0000000010009848                rmw_publisher_get_actual_qos
 .text.rmw_destroy_publisher
                0x0000000010009868       0xf4 /home/rosdev/ros2_ws/src/libmicroros/libmicroros.a(librmw_microxrcedds-rmw_publisher.c.obj)
                0x0000000010009868                rmw_destroy_publisher
 .text.rmw_uxrce_transport_init
                0x000000001000995c       0x2c /home/rosdev/ros2_ws/src/libmicroros/libmicroros.a(librmw_microxrcedds-rmw_uxrce_transports.c.obj)
                0x000000001000995c                rmw_uxrce_transport_init
 .text.rmw_uxrce_init_service_memory
                0x0000000010009988       0x48 /home/rosdev/ros2_ws/src/libmicroros/libmicroros.a(librmw_microxrcedds-types.c.obj)
                0x0000000010009988                rmw_uxrce_init_service_memory
 .text.rmw_uxrce_init_client_memory
                0x00000000100099d0       0x48 /home/rosdev/ros2_ws/src/libmicroros/libmicroros.a(librmw_microxrcedds-types.c.obj)
                0x00000000100099d0                rmw_uxrce_init_client_memory
 .text.rmw_uxrce_init_publisher_memory
                0x0000000010009a18       0x48 /home/rosdev/ros2_ws/src/libmicroros/libmicroros.a(librmw_microxrcedds-types.c.obj)
                0x0000000010009a18                rmw_uxrce_init_publisher_memory
 .text.rmw_uxrce_init_subscription_memory
                0x0000000010009a60       0x48 /home/rosdev/ros2_ws/src/libmicroros/libmicroros.a(librmw_microxrcedds-types.c.obj)
                0x0000000010009a60                rmw_uxrce_init_subscription_memory
 .text.rmw_uxrce_init_node_memory
                0x0000000010009aa8       0x48 /home/rosdev/ros2_ws/src/libmicroros/libmicroros.a(librmw_microxrcedds-types.c.obj)
                0x0000000010009aa8                rmw_uxrce_init_node_memory
 .text.rmw_uxrce_init_session_memory
                0x0000000010009af0       0x50 /home/rosdev/ros2_ws/src/libmicroros/libmicroros.a(librmw_microxrcedds-types.c.obj)
                0x0000000010009af0                rmw_uxrce_init_session_memory
 .text.rmw_uxrce_init_topic_memory
                0x0000000010009b40       0x48 /home/rosdev/ros2_ws/src/libmicroros/libmicroros.a(librmw_microxrcedds-types.c.obj)
                0x0000000010009b40                rmw_uxrce_init_topic_memory
 .text.rmw_uxrce_init_static_input_buffer_memory
                0x0000000010009b88       0x50 /home/rosdev/ros2_ws/src/libmicroros/libmicroros.a(librmw_microxrcedds-types.c.obj)
                0x0000000010009b88                rmw_uxrce_init_static_input_buffer_memory
 .text.rmw_uxrce_init_init_options_impl_memory
                0x0000000010009bd8       0x48 /home/rosdev/ros2_ws/src/libmicroros/libmicroros.a(librmw_microxrcedds-types.c.obj)
                0x0000000010009bd8                rmw_uxrce_init_init_options_impl_memory
 .text.rmw_uxrce_init_wait_set_memory
                0x0000000010009c20       0x48 /home/rosdev/ros2_ws/src/libmicroros/libmicroros.a(librmw_microxrcedds-types.c.obj)
                0x0000000010009c20                rmw_uxrce_init_wait_set_memory
 .text.rmw_uxrce_init_guard_condition_memory
                0x0000000010009c68       0x48 /home/rosdev/ros2_ws/src/libmicroros/libmicroros.a(librmw_microxrcedds-types.c.obj)
                0x0000000010009c68                rmw_uxrce_init_guard_condition_memory
 .text.rmw_uxrce_fini_session_memory
                0x0000000010009cb0       0x10 /home/rosdev/ros2_ws/src/libmicroros/libmicroros.a(librmw_microxrcedds-types.c.obj)
                0x0000000010009cb0                rmw_uxrce_fini_session_memory
 .text.rmw_uxrce_fini_node_memory
                0x0000000010009cc0       0x34 /home/rosdev/ros2_ws/src/libmicroros/libmicroros.a(librmw_microxrcedds-types.c.obj)
                0x0000000010009cc0                rmw_uxrce_fini_node_memory
 .text.rmw_uxrce_fini_publisher_memory
                0x0000000010009cf4       0x34 /home/rosdev/ros2_ws/src/libmicroros/libmicroros.a(librmw_microxrcedds-types.c.obj)
                0x0000000010009cf4                rmw_uxrce_fini_publisher_memory
 .text.rmw_uxrce_fini_subscription_memory
                0x0000000010009d28       0x34 /home/rosdev/ros2_ws/src/libmicroros/libmicroros.a(librmw_microxrcedds-types.c.obj)
                0x0000000010009d28                rmw_uxrce_fini_subscription_memory
 .text.rmw_uxrce_fini_service_memory
                0x0000000010009d5c       0x34 /home/rosdev/ros2_ws/src/libmicroros/libmicroros.a(librmw_microxrcedds-types.c.obj)
                0x0000000010009d5c                rmw_uxrce_fini_service_memory
 .text.rmw_uxrce_fini_client_memory
                0x0000000010009d90       0x34 /home/rosdev/ros2_ws/src/libmicroros/libmicroros.a(librmw_microxrcedds-types.c.obj)
                0x0000000010009d90                rmw_uxrce_fini_client_memory
 .text.rmw_uxrce_fini_topic_memory
                0x0000000010009dc4       0x18 /home/rosdev/ros2_ws/src/libmicroros/libmicroros.a(librmw_microxrcedds-types.c.obj)
                0x0000000010009dc4                rmw_uxrce_fini_topic_memory
 .text.rmw_uxrce_get_static_input_buffer_for_entity
                0x0000000010009ddc       0xbc /home/rosdev/ros2_ws/src/libmicroros/libmicroros.a(librmw_microxrcedds-types.c.obj)
                0x0000000010009ddc                rmw_uxrce_get_static_input_buffer_for_entity
 .text.rmw_uxrce_find_static_input_buffer_by_owner
                0x0000000010009e98       0x5c /home/rosdev/ros2_ws/src/libmicroros/libmicroros.a(librmw_microxrcedds-types.c.obj)
                0x0000000010009e98                rmw_uxrce_find_static_input_buffer_by_owner
 .text.rmw_uxrce_clean_expired_static_input_buffer
                0x0000000010009ef4       0xfc /home/rosdev/ros2_ws/src/libmicroros/libmicroros.a(librmw_microxrcedds-types.c.obj)
                0x0000000010009ef4                rmw_uxrce_clean_expired_static_input_buffer
 .text.run_xrce_session
                0x0000000010009ff0       0x40 /home/rosdev/ros2_ws/src/libmicroros/libmicroros.a(librmw_microxrcedds-utils.c.obj)
                0x0000000010009ff0                run_xrce_session
 .text.convert_qos_profile
                0x000000001000a030       0x2c /home/rosdev/ros2_ws/src/libmicroros/libmicroros.a(librmw_microxrcedds-utils.c.obj)
                0x000000001000a030                convert_qos_profile
 .text.generate_type_name
                0x000000001000a05c       0x68 /home/rosdev/ros2_ws/src/libmicroros/libmicroros.a(librmw_microxrcedds-utils.c.obj)
                0x000000001000a05c                generate_type_name
 .text.generate_topic_name
                0x000000001000a0c4       0x38 /home/rosdev/ros2_ws/src/libmicroros/libmicroros.a(librmw_microxrcedds-utils.c.obj)
                0x000000001000a0c4                generate_topic_name
 .text.is_uxrce_rmw_identifier_valid
                0x000000001000a0fc       0x20 /home/rosdev/ros2_ws/src/libmicroros/libmicroros.a(librmw_microxrcedds-utils.c.obj)
                0x000000001000a0fc                is_uxrce_rmw_identifier_valid
 .text.get_message_typesupport_handle
                0x000000001000a11c        0x8 /home/rosdev/ros2_ws/src/libmicroros/libmicroros.a(librosidl_runtime_c-message_type_support.c.obj)
                0x000000001000a11c                get_message_typesupport_handle
 .text.get_message_typesupport_handle_function
                0x000000001000a124       0x18 /home/rosdev/ros2_ws/src/libmicroros/libmicroros.a(librosidl_runtime_c-message_type_support.c.obj)
                0x000000001000a124                get_message_typesupport_handle_function
 .text.rosidl_typesupport_c__get_message_type_support_handle__sensor_msgs__msg__Imu
                0x000000001000a13c       0x1c /home/rosdev/ros2_ws/src/libmicroros/libmicroros.a(libsensor_msgs__rosidl_typesupport_c-imu__type_support.cpp.obj)
                0x000000001000a13c                rosidl_typesupport_c__get_message_type_support_handle__sensor_msgs__msg__Imu
 .text.startup._GLOBAL__sub_I_rosidl_typesupport_c__get_message_type_support_handle__sensor_msgs__msg__Imu
                0x000000001000a158       0x14 /home/rosdev/ros2_ws/src/libmicroros/libmicroros.a(libsensor_msgs__rosidl_typesupport_c-imu__type_support.cpp.obj)
 .text.sensor_msgs__msg__Imu__rosidl_typesupport_introspection_c__size_function__Imu__orientation_covariance
                0x000000001000a16c        0x4 /home/rosdev/ros2_ws/src/libmicroros/libmicroros.a(libsensor_msgs__rosidl_typesupport_introspection_c-imu__type_support.c.obj)
                0x000000001000a16c                sensor_msgs__msg__Imu__rosidl_typesupport_introspection_c__size_function__Imu__orientation_covariance
 .text.sensor_msgs__msg__Imu__rosidl_typesupport_introspection_c__get_const_function__Imu__orientation_covariance
                0x000000001000a170        0x8 /home/rosdev/ros2_ws/src/libmicroros/libmicroros.a(libsensor_msgs__rosidl_typesupport_introspection_c-imu__type_support.c.obj)
                0x000000001000a170                sensor_msgs__msg__Imu__rosidl_typesupport_introspection_c__get_const_function__Imu__orientation_covariance
 .text.sensor_msgs__msg__Imu__rosidl_typesupport_introspection_c__fetch_function__Imu__orientation_covariance
                0x000000001000a178       0x10 /home/rosdev/ros2_ws/src/libmicroros/libmicroros.a(libsensor_msgs__rosidl_typesupport_introspection_c-imu__type_support.c.obj)
                0x000000001000a178                sensor_msgs__msg__Imu__rosidl_typesupport_introspection_c__fetch_function__Imu__orientation_covariance
 .text.sensor_msgs__msg__Imu__rosidl_typesupport_introspection_c__assign_function__Imu__orientation_covariance
                0x000000001000a188       0x10 /home/rosdev/ros2_ws/src/libmicroros/libmicroros.a(libsensor_msgs__rosidl_typesupport_introspection_c-imu__type_support.c.obj)
                0x000000001000a188                sensor_msgs__msg__Imu__rosidl_typesupport_introspection_c__assign_function__Imu__orientation_covariance
 .text.sensor_msgs__msg__Imu__rosidl_typesupport_introspection_c__Imu_init_function
                0x000000001000a198        0x8 /home/rosdev/ros2_ws/src/libmicroros/libmicroros.a(libsensor_msgs__rosidl_typesupport_introspection_c-imu__type_support.c.obj)
                0x000000001000a198                sensor_msgs__msg__Imu__rosidl_typesupport_introspection_c__Imu_init_function
 .text.sensor_msgs__msg__Imu__rosidl_typesupport_introspection_c__Imu_fini_function
                0x000000001000a1a0        0x8 /home/rosdev/ros2_ws/src/libmicroros/libmicroros.a(libsensor_msgs__rosidl_typesupport_introspection_c-imu__type_support.c.obj)
                0x000000001000a1a0                sensor_msgs__msg__Imu__rosidl_typesupport_introspection_c__Imu_fini_function
 .text.sensor_msgs__msg__Imu__rosidl_typesupport_introspection_c__size_function__Imu__angular_velocity_covariance
                0x000000001000a1a8        0x4 /home/rosdev/ros2_ws/src/libmicroros/libmicroros.a(libsensor_msgs__rosidl_typesupport_introspection_c-imu__type_support.c.obj)
                0x000000001000a1a8                sensor_msgs__msg__Imu__rosidl_typesupport_introspection_c__size_function__Imu__angular_velocity_covariance
 .text.sensor_msgs__msg__Imu__rosidl_typesupport_introspection_c__size_function__Imu__linear_acceleration_covariance
                0x000000001000a1ac        0x4 /home/rosdev/ros2_ws/src/libmicroros/libmicroros.a(libsensor_msgs__rosidl_typesupport_introspection_c-imu__type_support.c.obj)
                0x000000001000a1ac                sensor_msgs__msg__Imu__rosidl_typesupport_introspection_c__size_function__Imu__linear_acceleration_covariance
 .text.sensor_msgs__msg__Imu__rosidl_typesupport_introspection_c__get_function__Imu__orientation_covariance
                0x000000001000a1b0        0x8 /home/rosdev/ros2_ws/src/libmicroros/libmicroros.a(libsensor_msgs__rosidl_typesupport_introspection_c-imu__type_support.c.obj)
                0x000000001000a1b0                sensor_msgs__msg__Imu__rosidl_typesupport_introspection_c__get_function__Imu__orientation_covariance
 .text.sensor_msgs__msg__Imu__rosidl_typesupport_introspection_c__get_const_function__Imu__linear_acceleration_covariance
                0x000000001000a1b8        0x8 /home/rosdev/ros2_ws/src/libmicroros/libmicroros.a(libsensor_msgs__rosidl_typesupport_introspection_c-imu__type_support.c.obj)
                0x000000001000a1b8                sensor_msgs__msg__Imu__rosidl_typesupport_introspection_c__get_const_function__Imu__linear_acceleration_covariance
 .text.sensor_msgs__msg__Imu__rosidl_typesupport_introspection_c__get_function__Imu__linear_acceleration_covariance
                0x000000001000a1c0        0x8 /home/rosdev/ros2_ws/src/libmicroros/libmicroros.a(libsensor_msgs__rosidl_typesupport_introspection_c-imu__type_support.c.obj)
                0x000000001000a1c0                sensor_msgs__msg__Imu__rosidl_typesupport_introspection_c__get_function__Imu__linear_acceleration_covariance
 .text.sensor_msgs__msg__Imu__rosidl_typesupport_introspection_c__get_const_function__Imu__angular_velocity_covariance
                0x000000001000a1c8        0x8 /home/rosdev/ros2_ws/src/libmicroros/libmicroros.a(libsensor_msgs__rosidl_typesupport_introspection_c-imu__type_support.c.obj)
                0x000000001000a1c8                sensor_msgs__msg__Imu__rosidl_typesupport_introspection_c__get_const_function__Imu__angular_velocity_covariance
 .text.sensor_msgs__msg__Imu__rosidl_typesupport_introspection_c__get_function__Imu__angular_velocity_covariance
                0x000000001000a1d0        0x8 /home/rosdev/ros2_ws/src/libmicroros/libmicroros.a(libsensor_msgs__rosidl_typesupport_introspection_c-imu__type_support.c.obj)
                0x000000001000a1d0                sensor_msgs__msg__Imu__rosidl_typesupport_introspection_c__get_function__Imu__angular_velocity_covariance
 .text.sensor_msgs__msg__Imu__rosidl_typesupport_introspection_c__fetch_function__Imu__linear_acceleration_covariance
                0x000000001000a1d8       0x10 /home/rosdev/ros2_ws/src/libmicroros/libmicroros.a(libsensor_msgs__rosidl_typesupport_introspection_c-imu__type_support.c.obj)
                0x000000001000a1d8                sensor_msgs__msg__Imu__rosidl_typesupport_introspection_c__fetch_function__Imu__linear_acceleration_covariance
 .text.sensor_msgs__msg__Imu__rosidl_typesupport_introspection_c__assign_function__Imu__linear_acceleration_covariance
                0x000000001000a1e8       0x10 /home/rosdev/ros2_ws/src/libmicroros/libmicroros.a(libsensor_msgs__rosidl_typesupport_introspection_c-imu__type_support.c.obj)
                0x000000001000a1e8                sensor_msgs__msg__Imu__rosidl_typesupport_introspection_c__assign_function__Imu__linear_acceleration_covariance
 .text.sensor_msgs__msg__Imu__rosidl_typesupport_introspection_c__fetch_function__Imu__angular_velocity_covariance
                0x000000001000a1f8       0x10 /home/rosdev/ros2_ws/src/libmicroros/libmicroros.a(libsensor_msgs__rosidl_typesupport_introspection_c-imu__type_support.c.obj)
                0x000000001000a1f8                sensor_msgs__msg__Imu__rosidl_typesupport_introspection_c__fetch_function__Imu__angular_velocity_covariance
 .text.sensor_msgs__msg__Imu__rosidl_typesupport_introspection_c__assign_function__Imu__angular_velocity_covariance
                0x000000001000a208       0x10 /home/rosdev/ros2_ws/src/libmicroros/libmicroros.a(libsensor_msgs__rosidl_typesupport_introspection_c-imu__type_support.c.obj)
                0x000000001000a208                sensor_msgs__msg__Imu__rosidl_typesupport_introspection_c__assign_function__Imu__angular_velocity_covariance
 .text.rosidl_typesupport_introspection_c__get_message_type_support_handle__sensor_msgs__msg__Imu
                0x000000001000a218       0x40 /home/rosdev/ros2_ws/src/libmicroros/libmicroros.a(libsensor_msgs__rosidl_typesupport_introspection_c-imu__type_support.c.obj)
                0x000000001000a218                rosidl_typesupport_introspection_c__get_message_type_support_handle__sensor_msgs__msg__Imu