Archive member included to satisfy reference by file (symbol)

/home/rosdev/ros2_ws/src/libmicroros/libmicroros.a(librcl-publisher.c.obj)
                              CMakeFiles/force_example1.dir/force_example1.c.o (rcl_publish)
/home/rosdev/ros2_ws/src/libmicroros/libmicroros.a(librclc-executor.c.obj)
                              CMakeFiles/force_example1.dir/force_example1.c.o (rclc_executor_init)
/home/rosdev/ros2_ws/src/libmicroros/libmicroros.a(librclc-executor_handle.c.obj)
                              /home/rosdev/ros2_ws/src/libmicroros/libmicroros.a(librclc-executor.c.obj) (rclc_executor_handle_counters_zero_init)
/home/rosdev/ros2_ws/src/libmicroros/libmicroros.a(librclc-init.c.obj)
                              CMakeFiles/force_example1.dir/force_example1.c.o (rclc_support_init)
/home/rosdev/ros2_ws/src/libmicroros/libmicroros.a(librclc-node.c.obj)
                              CMakeFiles/force_example1.dir/force_example1.c.o (rclc_node_init_default)
/home/rosdev/ros2_ws/src/libmicroros/libmicroros.a(librclc-publisher.c.obj)
                              CMakeFiles/force_example1.dir/force_example1.c.o (rclc_publisher_init_default)
/home/rosdev/ros2_ws/src/libmicroros/libmicroros.a(librclc-sleep.c.obj)
                              /home/rosdev/ros2_ws/src/libmicroros/libmicroros.a(librclc-executor.c.obj) (rclc_sleep_ms)
/home/rosdev/ros2_ws/src/libmicroros/libmicroros.a(librclc-timer.c.obj)
                              CMakeFiles/force_example1.dir/force_example1.c.o (rclc_timer_init_default)
/home/rosdev/ros2_ws/src/libmicroros/libmicroros.a(librcutils-allocator.c.obj)
                              CMakeFiles/force_example1.dir/force_example1.c.o (rcutils_get_default_allocator)
/home/rosdev/ros2_ws/src/libmicroros/libmicroros.a(librcutils-error_handling.c.obj)
                              /home/rosdev/ros2_ws/src/libmicroros/libmicroros.a(librclc-executor.c.obj) (rcutils_reset_error)
/home/rosdev/ros2_ws/src/libmicroros/libmicroros.a(librcutils-time_unix.c.obj)
                              /home/rosdev/ros2_ws/src/libmicroros/libmicroros.a(librclc-executor.c.obj) (rcutils_system_time_now)
/home/rosdev/ros2_ws/src/libmicroros/libmicroros.a(librmw-publisher_options.c.obj)
                              /home/rosdev/ros2_ws/src/libmicroros/libmicroros.a(librcl-publisher.c.obj) (rmw_get_default_publisher_options)
/home/rosdev/ros2_ws/src/libmicroros/libmicroros.a(librmw_microxrcedds-custom_transport.c.obj)
                              CMakeFiles/force_example1.dir/force_example1.c.o (rmw_uros_set_custom_transport)
/home/rosdev/ros2_ws/src/libmicroros/libmicroros.a(librmw_microxrcedds-ping.c.obj)
                              CMakeFiles/force_example1.dir/force_example1.c.o (rmw_uros_ping_agent)
/home/rosdev/ros2_ws/src/libmicroros/libmicroros.a(librmw_microxrcedds-rmw_publish.c.obj)
                              /home/rosdev/ros2_ws/src/libmicroros/libmicroros.a(librcl-publisher.c.obj) (rmw_publish)
/home/rosdev/ros2_ws/src/libmicroros/libmicroros.a(librmw_microxrcedds-rmw_publisher.c.obj)
                              /home/rosdev/ros2_ws/src/libmicroros/libmicroros.a(librcl-publisher.c.obj) (rmw_create_publisher)
/home/rosdev/ros2_ws/src/libmicroros/libmicroros.a(librmw_microxrcedds-rmw_uxrce_transports.c.obj)
                              /home/rosdev/ros2_ws/src/libmicroros/libmicroros.a(librmw_microxrcedds-ping.c.obj) (rmw_uxrce_transport_init)
/home/rosdev/ros2_ws/src/libmicroros/libmicroros.a(librmw_microxrcedds-types.c.obj)
                              /home/rosdev/ros2_ws/src/libmicroros/libmicroros.a(librmw_microxrcedds-rmw_publisher.c.obj) (rmw_uxrce_fini_publisher_memory)
/home/rosdev/ros2_ws/src/libmicroros/libmicroros.a(librmw_microxrcedds-utils.c.obj)
                              /home/rosdev/ros2_ws/src/libmicroros/libmicroros.a(librmw_microxrcedds-rmw_publisher.c.obj) (run_xrce_session)
/home/rosdev/ros2_ws/src/libmicroros/libmicroros.a(librosidl_runtime_c-message_type_support.c.obj)
                              /home/rosdev/ros2_ws/src/libmicroros/libmicroros.a(librmw_microxrcedds-rmw_publisher.c.obj) (get_message_typesupport_handle)
/home/rosdev/ros2_ws/src/libmicroros/libmicroros.a(libstd_msgs__rosidl_typesupport_c-float32__type_support.cpp.obj)
                              CMakeFiles/force_example1.dir/force_example1.c.o (rosidl_typesupport_c__get_message_type_support_handle__std_msgs__msg__Float32)
/home/rosdev/ros2_ws/src/libmicroros/libmicroros.a(libstd_msgs__rosidl_typesupport_introspection_c-float32__type_support.c.obj)
                              /home/rosdev/ros2_ws/src/libmicroros/libmicroros.a(libstd_msgs__rosidl_typesupport_c-float32__type_support.cpp.obj) (rosidl_typesupport_introspection_c__get_message_type_support_handle__std_msgs__msg__Float32)
/home/rosdev/ros2_ws/src/libmicroros/libmicroros.a(libstd_msgs__rosidl_typesupport_microxrcedds_c-float32__type_support_c.c.obj)
[...]
Memory Configuration

Name             Origin             Length             Attributes
FLASH            0x0000000010000000 0x0000000000200000 xr
RAM              0x0000000020000000 0x0000000000040000 xrw
SCRATCH_X        0x0000000020040000 0x0000000000001000 xrw
SCRATCH_Y        0x0000000020041000 0x0000000000001000 xrw
*default*        0x0000000000000000 0xffffffffffffffff

Linker script and memory map

LOAD /usr/lib/gcc/arm-none-eabi/10.3.1/thumb/v6-m/nofp/crti.o
LOAD /usr/lib/gcc/arm-none-eabi/10.3.1/thumb/v6-m/nofp/crtbegin.o
LOAD /usr/lib/gcc/arm-none-eabi/10.3.1/../../../arm-none-eabi/lib/thumb/v6-m/nofp/crt0.o

.flash_begin    0x0000000010000000        0x0
                0x0000000010000000                __flash_binary_start = .

.boot2          0x0000000010000000      0x100
                0x0000000010000000                __boot2_start__ = .
 *(.boot2)
 .boot2         0x0000000010000000      0x100 pico-sdk/src/rp2040/boot_stage2/CMakeFiles/bs2_default_library.dir/bs2_default_padded_checksummed.S.o
                0x0000000010000100                __boot2_end__ = .
                0x0000000000000001                ASSERT (((__boot2_end__ - __boot2_start__) == 0x100), ERROR: Pico second stage bootloader must be 256 bytes in size)

.text           0x0000000010000100    0x156c8
                0x0000000010000100                __logical_binary_start = .
 *(.vectors)
 .vectors       0x0000000010000100       0xd4 CMakeFiles/force_example1.dir/_deps/pico_sdk-src/src/rp2_common/pico_crt0/crt0.S.o
                0x0000000010000100                __vectors
                0x0000000010000100                __VECTOR_TABLE
                0x00000000100001c0                isr_invalid
                0x00000000100001c0                __default_isrs_start
                0x00000000100001c2                isr_nmi
                0x00000000100001c4                isr_hardfault
                0x00000000100001c6                isr_svcall
                0x00000000100001c8                isr_pendsv
                0x00000000100001ca                isr_systick
                0x00000000100001cc                isr_irq30
                0x00000000100001cc                __unhandled_user_irq
                0x00000000100001cc                isr_irq13
                0x00000000100001cc                isr_irq27
                0x00000000100001cc                isr_irq31
                0x00000000100001cc                isr_irq5
                0x00000000100001cc                isr_irq11
                0x00000000100001cc                isr_irq23
                0x00000000100001cc                isr_irq18
                0x00000000100001cc                isr_irq28
                0x00000000100001cc                isr_irq19
                0x00000000100001cc                isr_irq0
                0x00000000100001cc                isr_irq6
                0x00000000100001cc                isr_irq22
                0x00000000100001cc                isr_irq17
                0x00000000100001cc                isr_irq14
                0x00000000100001cc                isr_irq2
                0x00000000100001cc                isr_irq10
                0x00000000100001cc                isr_irq8
                0x00000000100001cc                isr_irq24
                0x00000000100001cc                isr_irq1
                0x00000000100001cc                isr_irq7
                0x00000000100001cc                isr_irq21
                0x00000000100001cc                isr_irq20
                0x00000000100001cc                isr_irq15
                0x00000000100001cc                isr_irq25
                0x00000000100001cc                isr_irq4
                0x00000000100001cc                isr_irq16
                0x00000000100001cc                isr_irq29
                0x00000000100001cc                isr_irq26
                0x00000000100001cc                __default_isrs_end
                0x00000000100001cc                isr_irq3
                0x00000000100001cc                isr_irq12
                0x00000000100001cc                isr_irq9
                0x00000000100001d2                unhandled_user_irq_num_in_r0
 *(.binary_info_header)
 .binary_info_header
                0x00000000100001d4       0x14 CMakeFiles/force_example1.dir/_deps/pico_sdk-src/src/rp2_common/pico_crt0/crt0.S.o
                0x00000000100001e8                __binary_info_header_end = .
 *(.embedded_block)
                0x00000000100001e8                __embedded_block_end = .
 *(.reset)
 .reset         0x00000000100001e8       0x9c CMakeFiles/force_example1.dir/_deps/pico_sdk-src/src/rp2_common/pico_crt0/crt0.S.o
                0x00000000100001e8                _entry_point
 *(.init)
 .init          0x0000000010000284        0x4 /usr/lib/gcc/arm-none-eabi/10.3.1/thumb/v6-m/nofp/crti.o
                0x0000000010000284                _init
 *(EXCLUDE_FILE(*libm.a: *libc.a:*lib_a-mem*.o *libgcc.a:) .text*)
 .text          0x0000000010000288       0x98 /usr/lib/gcc/arm-none-eabi/10.3.1/thumb/v6-m/nofp/crtbegin.o
 .text.fx29_init
                0x0000000010000320       0x38 CMakeFiles/force_example1.dir/force_example1.c.o
                0x0000000010000320                fx29_init
 .text.fx29_read_force_raw
                0x0000000010000358       0x78 CMakeFiles/force_example1.dir/force_example1.c.o
                0x0000000010000358                fx29_read_force_raw
 .text.timer_callback
                0x00000000100003d0       0x24 CMakeFiles/force_example1.dir/force_example1.c.o
                0x00000000100003d0                timer_callback
 .text.startup.main
                0x00000000100003f4       0xf4 CMakeFiles/force_example1.dir/force_example1.c.o
                0x00000000100003f4                main
 .text.clock_gettime
                0x00000000100004e8       0x3c CMakeFiles/force_example1.dir/pico_uart_transport.c.o
                0x00000000100004e8                clock_gettime
 .text.pico_serial_transport_open
                0x0000000010000524       0x1c CMakeFiles/force_example1.dir/pico_uart_transport.c.o
                0x0000000010000524                pico_serial_transport_open
 .text.pico_serial_transport_close
                0x0000000010000540        0x4 CMakeFiles/force_example1.dir/pico_uart_transport.c.o
                0x0000000010000540                pico_serial_transport_close
 .text.pico_serial_transport_write
                0x0000000010000544       0x38 CMakeFiles/force_example1.dir/pico_uart_transport.c.o
                0x0000000010000544                pico_serial_transport_write
 .text.pico_serial_transport_read
                0x000000001000057c       0x64 CMakeFiles/force_example1.dir/pico_uart_transport.c.o
                0x000000001000057c                pico_serial_transport_read
 .text.gpio_set_function
                0x00000000100005e0       0x34 CMakeFiles/force_example1.dir/_deps/pico_sdk-src/src/rp2_common/hardware_gpio/gpio.c.o
                0x00000000100005e0                gpio_set_function
 .text.gpio_set_pulls
                0x0000000010000614       0x34 CMakeFiles/force_example1.dir/_deps/pico_sdk-src/src/rp2_common/hardware_gpio/gpio.c.o
                0x0000000010000614                gpio_set_pulls
 .text.rp2040_chip_version
                0x0000000010000648        0xc CMakeFiles/force_example1.dir/_deps/pico_sdk-src/src/rp2040/pico_platform/platform.c.o
                0x0000000010000648                rp2040_chip_version
 .text.panic    0x0000000010000654       0x30 CMakeFiles/force_example1.dir/_deps/pico_sdk-src/src/rp2_common/pico_platform_panic/panic.c.o
                0x0000000010000654                panic
 .text.hw_claim_or_assert
                0x0000000010000684       0x44 CMakeFiles/force_example1.dir/_deps/pico_sdk-src/src/common/hardware_claim/claim.c.o
                0x0000000010000684                hw_claim_or_assert
 .text.hw_claim_unused_from_range
                0x00000000100006c8       0x9c CMakeFiles/force_example1.dir/_deps/pico_sdk-src/src/common/hardware_claim/claim.c.o
                0x00000000100006c8                hw_claim_unused_from_range
 .text.next_striped_spin_lock_num
                0x0000000010000764       0x18 CMakeFiles/force_example1.dir/_deps/pico_sdk-src/src/rp2_common/hardware_sync/sync.c.o
                0x0000000010000764                next_striped_spin_lock_num
 .text.spin_lock_claim_unused
                0x000000001000077c       0x20 CMakeFiles/force_example1.dir/_deps/pico_sdk-src/src/rp2_common/hardware_sync/sync.c.o
                0x000000001000077c                spin_lock_claim_unused
 .text.spin_locks_reset
                0x000000001000079c       0x1c CMakeFiles/force_example1.dir/_deps/pico_sdk-src/src/rp2_common/hardware_sync_spin_lock/sync_spin_lock.c.o
                0x000000001000079c                spin_locks_reset
 .text.runtime_init_per_core_irq_priorities
                0x00000000100007b8       0x24 CMakeFiles/force_example1.dir/_deps/pico_sdk-src/src/rp2_common/hardware_irq/irq.c.o
                0x00000000100007b8                runtime_init_per_core_irq_priorities
 .text.irq_set_enabled
                0x00000000100007dc       0x24 CMakeFiles/force_example1.dir/_deps/pico_sdk-src/src/rp2_common/hardware_irq/irq.c.o
                0x00000000100007dc                irq_set_enabled
 .text.irq_is_enabled
                0x0000000010000800       0x18 CMakeFiles/force_example1.dir/_deps/pico_sdk-src/src/rp2_common/hardware_irq/irq.c.o
                0x0000000010000800                irq_is_enabled
 .text.irq_set_pending
                0x0000000010000818       0x10 CMakeFiles/force_example1.dir/_deps/pico_sdk-src/src/rp2_common/hardware_irq/irq.c.o
                0x0000000010000818                irq_set_pending
 .text.irq_has_shared_handler
                0x0000000010000828       0x2c CMakeFiles/force_example1.dir/_deps/pico_sdk-src/src/rp2_common/hardware_irq/irq.c.o
                0x0000000010000828                irq_has_shared_handler
 .text.irq_set_exclusive_handler
                0x0000000010000854       0x54 CMakeFiles/force_example1.dir/_deps/pico_sdk-src/src/rp2_common/hardware_irq/irq.c.o
                0x0000000010000854                irq_set_exclusive_handler
 .text.irq_add_shared_handler
                0x00000000100008a8      0x1e8 CMakeFiles/force_example1.dir/_deps/pico_sdk-src/src/rp2_common/hardware_irq/irq.c.o
                0x00000000100008a8                irq_add_shared_handler
 .text.irq_add_tail_to_free_list
                0x0000000010000a90       0xb4 CMakeFiles/force_example1.dir/_deps/pico_sdk-src/src/rp2_common/hardware_irq/irq.c.o
                0x0000000010000a90                irq_add_tail_to_free_list
 .text.user_irq_claim_unused
                0x0000000010000b44       0x28 CMakeFiles/force_example1.dir/_deps/pico_sdk-src/src/rp2_common/hardware_irq/irq.c.o
                0x0000000010000b44                user_irq_claim_unused
 .text.lock_init
                0x0000000010000b6c       0x10 CMakeFiles/force_example1.dir/_deps/pico_sdk-src/src/common/pico_sync/lock_core.c.o
                0x0000000010000b6c                lock_init
 .text.runtime_init_mutex
                0x0000000010000b7c       0x58 CMakeFiles/force_example1.dir/_deps/pico_sdk-src/src/common/pico_sync/mutex.c.o
                0x0000000010000b7c                runtime_init_mutex
 .text.mutex_init
                0x0000000010000bd4       0x1c CMakeFiles/force_example1.dir/_deps/pico_sdk-src/src/common/pico_sync/mutex.c.o
                0x0000000010000bd4                mutex_init
 .text.critical_section_init
                0x0000000010000bf0       0x20 CMakeFiles/force_example1.dir/_deps/pico_sdk-src/src/common/pico_sync/critical_section.c.o
                0x0000000010000bf0                critical_section_init
 .text.critical_section_init_with_lock_num
                0x0000000010000c10       0x14 CMakeFiles/force_example1.dir/_deps/pico_sdk-src/src/common/pico_sync/critical_section.c.o
                0x0000000010000c10                critical_section_init_with_lock_num
 .text.sleep_until_callback
                0x0000000010000c24       0x30 CMakeFiles/force_example1.dir/_deps/pico_sdk-src/src/common/pico_time/time.c.o
 .text.alarm_pool_irq_handler
                0x0000000010000c54      0x308 CMakeFiles/force_example1.dir/_deps/pico_sdk-src/src/common/pico_time/time.c.o
 .text.runtime_init_default_alarm_pool
                0x0000000010000f5c       0xdc CMakeFiles/force_example1.dir/_deps/pico_sdk-src/src/common/pico_time/time.c.o
                0x0000000010000f5c                runtime_init_default_alarm_pool
 .text.alarm_pool_get_default
                0x0000000010001038        0x8 CMakeFiles/force_example1.dir/_deps/pico_sdk-src/src/common/pico_time/time.c.o
                0x0000000010001038                alarm_pool_get_default
 .text.alarm_pool_add_alarm_at
                0x0000000010001040       0xc8 CMakeFiles/force_example1.dir/_deps/pico_sdk-src/src/common/pico_time/time.c.o
                0x0000000010001040                alarm_pool_add_alarm_at
 .text.alarm_pool_add_alarm_at_force_in_context
                0x0000000010001108       0xb0 CMakeFiles/force_example1.dir/_deps/pico_sdk-src/src/common/pico_time/time.c.o
                0x0000000010001108                alarm_pool_add_alarm_at_force_in_context
 .text.alarm_pool_cancel_alarm
                0x00000000100011b8       0x7c CMakeFiles/force_example1.dir/_deps/pico_sdk-src/src/common/pico_time/time.c.o
                0x00000000100011b8                alarm_pool_cancel_alarm
 .text.alarm_pool_core_num
                0x0000000010001234        0x4 CMakeFiles/force_example1.dir/_deps/pico_sdk-src/src/common/pico_time/time.c.o
                0x0000000010001234                alarm_pool_core_num
 .text.best_effort_wfe_or_timeout
                0x0000000010001238       0xe0 CMakeFiles/force_example1.dir/_deps/pico_sdk-src/src/common/pico_time/time.c.o
                0x0000000010001238                best_effort_wfe_or_timeout
 .text.check_single_timeout_us
                0x0000000010001318       0x28 CMakeFiles/force_example1.dir/_deps/pico_sdk-src/src/common/pico_time/timeout_helper.c.o
 .text.init_single_timeout_until
                0x0000000010001340        0xc CMakeFiles/force_example1.dir/_deps/pico_sdk-src/src/common/pico_time/timeout_helper.c.o
                0x0000000010001340                init_single_timeout_until
 .text.timer_hardware_alarm_claim
                0x000000001000134c       0x14 CMakeFiles/force_example1.dir/_deps/pico_sdk-src/src/rp2_common/hardware_timer/timer.c.o
                0x000000001000134c                timer_hardware_alarm_claim
 .text.timer_time_us_64
                0x0000000010001360       0x10 CMakeFiles/force_example1.dir/_deps/pico_sdk-src/src/rp2_common/hardware_timer/timer.c.o
                0x0000000010001360                timer_time_us_64
 .text.time_us_64
                0x0000000010001370       0x14 CMakeFiles/force_example1.dir/_deps/pico_sdk-src/src/rp2_common/hardware_timer/timer.c.o
                0x0000000010001370                time_us_64
 .text.busy_wait_us
                0x0000000010001384       0x54 CMakeFiles/force_example1.dir/_deps/pico_sdk-src/src/rp2_common/hardware_timer/timer.c.o
                0x0000000010001384                busy_wait_us
 .text.clock_configure_int_divider
                0x00000000100013d8       0xf4 CMakeFiles/force_example1.dir/_deps/pico_sdk-src/src/rp2_common/hardware_clocks/clocks.c.o
                0x00000000100013d8                clock_configure_int_divider
 .text.clock_configure_undivided
                0x00000000100014cc       0xe8 CMakeFiles/force_example1.dir/_deps/pico_sdk-src/src/rp2_common/hardware_clocks/clocks.c.o
                0x00000000100014cc                clock_configure_undivided
 .text.clock_get_hz
                0x00000000100015b4        0xc CMakeFiles/force_example1.dir/_deps/pico_sdk-src/src/rp2_common/hardware_clocks/clocks.c.o
                0x00000000100015b4                clock_get_hz
 .text.pll_init
                0x00000000100015c0       0xa0 CMakeFiles/force_example1.dir/_deps/pico_sdk-src/src/rp2_common/hardware_pll/pll.c.o
                0x00000000100015c0                pll_init
 .text.watchdog_reboot
                0x0000000010001660       0x98 CMakeFiles/force_example1.dir/_deps/pico_sdk-src/src/rp2_common/hardware_watchdog/watchdog.c.o
                0x0000000010001660                watchdog_reboot
 .text.tick_start
                0x00000000100016f8       0x10 CMakeFiles/force_example1.dir/_deps/pico_sdk-src/src/rp2_common/hardware_ticks/ticks.c.o
                0x00000000100016f8                tick_start
 .text.rom_func_lookup
                0x0000000010001708       0x10 CMakeFiles/force_example1.dir/_deps/pico_sdk-src/src/rp2_common/pico_bootrom/bootrom.c.o
                0x0000000010001708                rom_func_lookup
 .text.rom_data_lookup
                0x0000000010001718       0x10 CMakeFiles/force_example1.dir/_deps/pico_sdk-src/src/rp2_common/pico_bootrom/bootrom.c.o
                0x0000000010001718                rom_data_lookup
 .text.rom_funcs_lookup
                0x0000000010001728       0x44 CMakeFiles/force_example1.dir/_deps/pico_sdk-src/src/rp2_common/pico_bootrom/bootrom.c.o
                0x0000000010001728                rom_funcs_lookup
 .text.rom_reset_usb_boot_extra
                0x000000001000176c       0x28 CMakeFiles/force_example1.dir/_deps/pico_sdk-src/src/rp2_common/pico_bootrom/bootrom.c.o
                0x000000001000176c                rom_reset_usb_boot_extra
 .text.xosc_init
                0x0000000010001794       0x28 CMakeFiles/force_example1.dir/_deps/pico_sdk-src/src/rp2_common/hardware_xosc/xosc.c.o
                0x0000000010001794                xosc_init
 .text.first_per_core_initializer
                0x00000000100017bc        0x4 CMakeFiles/force_example1.dir/_deps/pico_sdk-src/src/rp2_common/pico_runtime/runtime.c.o
 .text.hard_assertion_failure
                0x00000000100017c0        0xc CMakeFiles/force_example1.dir/_deps/pico_sdk-src/src/rp2_common/pico_runtime/runtime.c.o
                0x00000000100017c0                hard_assertion_failure
 .text.runtime_run_initializers
                0x00000000100017cc       0x28 CMakeFiles/force_example1.dir/_deps/pico_sdk-src/src/rp2_common/pico_runtime/runtime.c.o
                0x00000000100017cc                runtime_run_initializers
 .text.runtime_init_early_resets
                0x00000000100017f4       0x2c CMakeFiles/force_example1.dir/_deps/pico_sdk-src/src/rp2_common/pico_runtime_init/runtime_init.c.o
                0x00000000100017f4                runtime_init_early_resets
 .text.runtime_init_usb_power_down
                0x0000000010001820       0x1c CMakeFiles/force_example1.dir/_deps/pico_sdk-src/src/rp2_common/pico_runtime_init/runtime_init.c.o
                0x0000000010001820                runtime_init_usb_power_down
 .text.runtime_init_post_clock_resets
                0x000000001000183c       0x20 CMakeFiles/force_example1.dir/_deps/pico_sdk-src/src/rp2_common/pico_runtime_init/runtime_init.c.o
                0x000000001000183c                runtime_init_post_clock_resets
 .text.runtime_init_rp2040_gpio_ie_disable
                0x000000001000185c       0x14 CMakeFiles/force_example1.dir/_deps/pico_sdk-src/src/rp2_common/pico_runtime_init/runtime_init.c.o
                0x000000001000185c                runtime_init_rp2040_gpio_ie_disable
 .text.runtime_init_spin_locks_reset
                0x0000000010001870        0x8 CMakeFiles/force_example1.dir/_deps/pico_sdk-src/src/rp2_common/pico_runtime_init/runtime_init.c.o
                0x0000000010001870                runtime_init_spin_locks_reset
 .text.runtime_init_install_ram_vector_table
                0x0000000010001878       0x1c CMakeFiles/force_example1.dir/_deps/pico_sdk-src/src/rp2_common/pico_runtime_init/runtime_init.c.o
                0x0000000010001878                runtime_init_install_ram_vector_table
 .text.runtime_init_clocks
                0x0000000010001894       0xd8 CMakeFiles/force_example1.dir/_deps/pico_sdk-src/src/rp2_common/pico_runtime_init/runtime_init_clocks.c.o
                0x0000000010001894                runtime_init_clocks
 .text          0x000000001000196c       0x10 CMakeFiles/force_example1.dir/_deps/pico_sdk-src/src/rp2_common/pico_bit_ops/bit_ops_aeabi.S.o
 .text.__wrap___aeabi_idiv
                0x000000001000197c       0x50 CMakeFiles/force_example1.dir/_deps/pico_sdk-src/src/rp2_common/pico_divider/divider_hardware.S.o
                0x000000001000197c                __wrap___aeabi_idivmod
                0x000000001000197c                divmod_s32s32
                0x000000001000197c                div_s32s32
                0x000000001000197c                __wrap___aeabi_idiv
                0x0000000010001984                divmod_s32s32_unsafe
                0x00000000100019b0                divmod_s32s32_savestate
 .text.__wrap___aeabi_uidiv
                0x00000000100019cc       0x4c CMakeFiles/force_example1.dir/_deps/pico_sdk-src/src/rp2_common/pico_divider/divider_hardware.S.o
                0x00000000100019cc                __wrap___aeabi_uidiv
                0x00000000100019cc                __wrap___aeabi_uidivmod
                0x00000000100019cc                div_u32u32
                0x00000000100019cc                divmod_u32u32
                0x00000000100019d4                divmod_u32u32_unsafe
                0x00000000100019fc                divmod_u32u32_savestate
 .text.__wrap___aeabi_ldiv
                0x0000000010001a18      0x424 CMakeFiles/force_example1.dir/_deps/pico_sdk-src/src/rp2_common/pico_divider/divider_hardware.S.o
                0x0000000010001a18                div_s64s64
                0x0000000010001a18                divmod_s64s64
                0x0000000010001a18                __wrap___aeabi_ldivmod
                0x0000000010001a48                div_u64u64
                0x0000000010001a48                divmod_u64u64
                0x0000000010001a48                __wrap___aeabi_uldivmod
                0x0000000010001a58                divmod_u64u64_savestate
                0x0000000010001a78                divmod_s64s64_unsafe
                0x0000000010001b00                divmod_u64u64_unsafe
 .text.__wrap___aeabi_darithmetic
                0x0000000010001e3c       0x80 CMakeFiles/force_example1.dir/_deps/pico_sdk-src/src/rp2_common/pico_double/double_aeabi_rp2040.S.o
                0x0000000010001e3c                __wrap___aeabi_drsub
                0x0000000010001e42                __wrap___aeabi_dsub
                0x0000000010001e54                __wrap___aeabi_dadd
                0x0000000010001e66                __wrap___aeabi_ddiv
                0x0000000010001ea2                __wrap___aeabi_dmul
 .text.__wrap___aeabi_cdcmple
                0x0000000010001ebc       0x6c CMakeFiles/force_example1.dir/_deps/pico_sdk-src/src/rp2_common/pico_double/double_aeabi_rp2040.S.o
                0x0000000010001ebc                __wrap___aeabi_cdrcmple
                0x0000000010001ecc                __wrap___aeabi_cdcmple
                0x0000000010001ecc                __wrap___aeabi_cdcmpeq
 .text.__wrap___aeabi_dcmplt
                0x0000000010001f28        0xc CMakeFiles/force_example1.dir/_deps/pico_sdk-src/src/rp2_common/pico_double/double_aeabi_rp2040.S.o
                0x0000000010001f28                __wrap___aeabi_dcmplt
 .text.__wrap___aeabi_dcmple
                0x0000000010001f34       0x10 CMakeFiles/force_example1.dir/_deps/pico_sdk-src/src/rp2_common/pico_double/double_aeabi_rp2040.S.o
                0x0000000010001f34                __wrap___aeabi_dcmple
 .text.__wrap___aeabi_dcmpge
                0x0000000010001f44       0x10 CMakeFiles/force_example1.dir/_deps/pico_sdk-src/src/rp2_common/pico_double/double_aeabi_rp2040.S.o
                0x0000000010001f44                __wrap___aeabi_dcmpge
 .text.__wrap___aeabi_dcmpgt
                0x0000000010001f54        0xa CMakeFiles/force_example1.dir/_deps/pico_sdk-src/src/rp2_common/pico_double/double_aeabi_rp2040.S.o
                0x0000000010001f54                __wrap___aeabi_dcmpgt
 .text.__wrap___aeabi_dcmpun
                0x0000000010001f5e       0x18 CMakeFiles/force_example1.dir/_deps/pico_sdk-src/src/rp2_common/pico_double/double_aeabi_rp2040.S.o
                0x0000000010001f5e                __wrap___aeabi_dcmpun
 *fill*         0x0000000010001f76        0x2 
 .text.__wrap___aeabi_i2d
                0x0000000010001f78       0x38 CMakeFiles/force_example1.dir/_deps/pico_sdk-src/src/rp2_common/pico_double/double_aeabi_rp2040.S.o
                0x0000000010001f78                __wrap___aeabi_ui2d
                0x0000000010001f80                __wrap___aeabi_i2d
 .text.__wrap___aeabi_d2iz
                0x0000000010001fb0       0x48 CMakeFiles/force_example1.dir/_deps/pico_sdk-src/src/rp2_common/pico_double/double_aeabi_rp2040.S.o
                0x0000000010001fb0                __wrap___aeabi_d2iz
                0x0000000010001fb0                double2int_z
 .text.__wrap___aeabi_d2uiz
                0x0000000010001ff8       0x18 CMakeFiles/force_example1.dir/_deps/pico_sdk-src/src/rp2_common/pico_double/double_aeabi_rp2040.S.o
                0x0000000010001ff8                double2uint
                0x0000000010001ff8                __wrap___aeabi_d2uiz
 .text.__aeabi_double_init
                0x0000000010002010       0xa0 CMakeFiles/force_example1.dir/_deps/pico_sdk-src/src/rp2_common/pico_double/double_init_rom_rp2040.c.o
                0x0000000010002010                __aeabi_double_init
 .text.double_table_shim_on_use_helper
                0x00000000100020b0       0x2c CMakeFiles/force_example1.dir/_deps/pico_sdk-src/src/rp2_common/pico_double/double_v1_rom_shim_rp2040.S.o
                0x00000000100020b0                double_table_shim_on_use_helper
 .text.__wrap___aeabi_dsub
                0x00000000100020dc       0x10 CMakeFiles/force_example1.dir/_deps/pico_sdk-src/src/rp2_common/pico_double/double_v1_rom_shim_rp2040.S.o
                0x00000000100020dc                drsub_shim
                0x00000000100020e2                dsub_shim
 .text.dadd_shim
                0x00000000100020ec      0x15c CMakeFiles/force_example1.dir/_deps/pico_sdk-src/src/rp2_common/pico_double/double_v1_rom_shim_rp2040.S.o
                0x00000000100020ec                dadd_shim
 .text.dmul_shim
                0x0000000010002248      0x15c CMakeFiles/force_example1.dir/_deps/pico_sdk-src/src/rp2_common/pico_double/double_v1_rom_shim_rp2040.S.o
                0x0000000010002248                dmul_shim
 .text.ddiv_shim
                0x00000000100023a4      0x1b0 CMakeFiles/force_example1.dir/_deps/pico_sdk-src/src/rp2_common/pico_double/double_v1_rom_shim_rp2040.S.o
                0x00000000100023a4                ddiv_shim
 .text.double2uint_shim
                0x0000000010002554        0xe CMakeFiles/force_example1.dir/_deps/pico_sdk-src/src/rp2_common/pico_double/double_v1_rom_shim_rp2040.S.o
                0x0000000010002554                double2uint_shim
                0x0000000010002556                double2ufix_shim
 *fill*         0x0000000010002562        0x2 
 .text.double2uint64_shim
                0x0000000010002564       0x70 CMakeFiles/force_example1.dir/_deps/pico_sdk-src/src/rp2_common/pico_double/double_v1_rom_shim_rp2040.S.o
                0x0000000010002564                double2uint64_shim
                0x0000000010002566                double2ufix64_shim
                0x0000000010002586                d2fix_a
 .text.dunpacks
                0x00000000100025d4       0x3c CMakeFiles/force_example1.dir/_deps/pico_sdk-src/src/rp2_common/pico_double/double_v1_rom_shim_rp2040.S.o
                0x00000000100025d4                dunpacks
 .text.__aeabi_lmul
                0x0000000010002610       0x32 CMakeFiles/force_example1.dir/_deps/pico_sdk-src/src/rp2_common/pico_int64_ops/pico_int64_ops_aeabi.S.o
                0x0000000010002610                __wrap___aeabi_lmul
 *fill*         0x0000000010002642        0x2 
 .text.__wrap___aeabi_farithmetic
                0x0000000010002644       0x48 CMakeFiles/force_example1.dir/_deps/pico_sdk-src/src/rp2_common/pico_float/float_aeabi_rp2040.S.o
                0x0000000010002644                __wrap___aeabi_frsub
                0x000000001000264a                __wrap___aeabi_fsub
                0x0000000010002650                __wrap___aeabi_fadd
                0x0000000010002656                __wrap___aeabi_fdiv
                0x000000001000267e                __wrap___aeabi_fmul
 .text.__wrap___aeabi_ui2f
                0x000000001000268c        0xa CMakeFiles/force_example1.dir/_deps/pico_sdk-src/src/rp2_common/pico_float/float_aeabi_rp2040.S.o
                0x000000001000268c                uint2float
                0x000000001000268c                __wrap___aeabi_ui2f
 *fill*         0x0000000010002696        0x2 
 .text.__wrap___aeabi_i2f
                0x0000000010002698       0x44 CMakeFiles/force_example1.dir/_deps/pico_sdk-src/src/rp2_common/pico_float/float_aeabi_rp2040.S.o
                0x0000000010002698                int2float
                0x0000000010002698                __wrap___aeabi_i2f
 .text.__wrap___aeabi_f2iz
                0x00000000100026dc       0x4e CMakeFiles/force_example1.dir/_deps/pico_sdk-src/src/rp2_common/pico_float/float_aeabi_rp2040.S.o
                0x00000000100026dc                __wrap___aeabi_f2iz
                0x00000000100026dc                float2int_z
 *fill*         0x000000001000272a        0x2 
 .text.float2int
                0x000000001000272c       0x14 CMakeFiles/force_example1.dir/_deps/pico_sdk-src/src/rp2_common/pico_float/float_aeabi_rp2040.S.o
                0x000000001000272c                float2int
 .text.__wrap___aeabi_f2uiz
                0x0000000010002740        0xc CMakeFiles/force_example1.dir/_deps/pico_sdk-src/src/rp2_common/pico_float/float_aeabi_rp2040.S.o
                0x0000000010002740                float2uint_z
                0x0000000010002740                __wrap___aeabi_f2uiz
 .text.__aeabi_float_init
                0x000000001000274c       0x64 CMakeFiles/force_example1.dir/_deps/pico_sdk-src/src/rp2_common/pico_float/float_init_rom_rp2040.c.o
                0x000000001000274c                __aeabi_float_init
 .text.float_table_shim_on_use_helper
                0x00000000100027b0       0x2c CMakeFiles/force_example1.dir/_deps/pico_sdk-src/src/rp2_common/pico_float/float_v1_rom_shim_rp2040.S.o
                0x00000000100027b0                float_table_shim_on_use_helper
 .text.float232_shims
                0x00000000100027dc       0x18 CMakeFiles/force_example1.dir/_deps/pico_sdk-src/src/rp2_common/pico_float/float_v1_rom_shim_rp2040.S.o
                0x00000000100027dc                float2int_shim
                0x00000000100027de                float2fix_shim
 .text.__wrap_malloc
                0x00000000100027f4       0x24 CMakeFiles/force_example1.dir/_deps/pico_sdk-src/src/rp2_common/pico_malloc/malloc.c.o
                0x00000000100027f4                __wrap_malloc
 .text.__wrap_calloc
                0x0000000010002818       0x28 CMakeFiles/force_example1.dir/_deps/pico_sdk-src/src/rp2_common/pico_malloc/malloc.c.o
                0x0000000010002818                __wrap_calloc
 .text.__wrap_realloc
                0x0000000010002840       0x24 CMakeFiles/force_example1.dir/_deps/pico_sdk-src/src/rp2_common/pico_malloc/malloc.c.o
                0x0000000010002840                __wrap_realloc
 .text.__wrap_free
                0x0000000010002864        0x8 CMakeFiles/force_example1.dir/_deps/pico_sdk-src/src/rp2_common/pico_malloc/malloc.c.o
                0x0000000010002864                __wrap_free
 .text          0x000000001000286c       0x10 CMakeFiles/force_example1.dir/_deps/pico_sdk-src/src/rp2_common/pico_mem_ops/mem_ops_aeabi.S.o
                0x000000001000286c                __aeabi_mem_init
 .text.memset   0x000000001000287c        0xc CMakeFiles/force_example1.dir/_deps/pico_sdk-src/src/rp2_common/pico_mem_ops/mem_ops_aeabi.S.o
                0x000000001000287c                __wrap_memset
 .text.memcpy   0x0000000010002888        0xc CMakeFiles/force_example1.dir/_deps/pico_sdk-src/src/rp2_common/pico_mem_ops/mem_ops_aeabi.S.o
                0x0000000010002888                __wrap___aeabi_memcpy
                0x0000000010002888                __wrap_memcpy
 .text.__atomic_load_8
                0x0000000010002894       0x28 CMakeFiles/force_example1.dir/_deps/pico_sdk-src/src/rp2_common/pico_atomic/atomic.c.o
                0x0000000010002894                __atomic_load_8
 .text.__atomic_store_8
                0x00000000100028bc       0x30 CMakeFiles/force_example1.dir/_deps/pico_sdk-src/src/rp2_common/pico_atomic/atomic.c.o
                0x00000000100028bc                __atomic_store_8
 .text.__atomic_exchange_8
                0x00000000100028ec       0x38 CMakeFiles/force_example1.dir/_deps/pico_sdk-src/src/rp2_common/pico_atomic/atomic.c.o
                0x00000000100028ec                __atomic_exchange_8
 .text._out_buffer
                0x0000000010002924        0x8 CMakeFiles/force_example1.dir/_deps/pico_sdk-src/src/rp2_common/pico_printf/printf.c.o
 .text._out_null
                0x000000001000292c        0x4 CMakeFiles/force_example1.dir/_deps/pico_sdk-src/src/rp2_common/pico_printf/printf.c.o
 .text._out_rev
                0x0000000010002930       0x9c CMakeFiles/force_example1.dir/_deps/pico_sdk-src/src/rp2_common/pico_printf/printf.c.o
 .text._ntoa_format
                0x00000000100029cc      0x1cc CMakeFiles/force_example1.dir/_deps/pico_sdk-src/src/rp2_common/pico_printf/printf.c.o
 .text._out_char
                0x0000000010002b98       0x10 CMakeFiles/force_example1.dir/_deps/pico_sdk-src/src/rp2_common/pico_printf/printf.c.o
 .text._etoa    0x0000000010002ba8      0x44c CMakeFiles/force_example1.dir/_deps/pico_sdk-src/src/rp2_common/pico_printf/printf.c.o
 .text._ftoa    0x0000000010002ff4      0x398 CMakeFiles/force_example1.dir/_deps/pico_sdk-src/src/rp2_common/pico_printf/printf.c.o
 .text._vsnprintf
                0x000000001000338c      0xb04 CMakeFiles/force_example1.dir/_deps/pico_sdk-src/src/rp2_common/pico_printf/printf.c.o
 .text.__wrap_snprintf
                0x0000000010003e90       0x28 CMakeFiles/force_example1.dir/_deps/pico_sdk-src/src/rp2_common/pico_printf/printf.c.o
                0x0000000010003e90                __wrap_snprintf
 .text.__wrap_vsnprintf
                0x0000000010003eb8       0x1c CMakeFiles/force_example1.dir/_deps/pico_sdk-src/src/rp2_common/pico_printf/printf.c.o
                0x0000000010003eb8                __wrap_vsnprintf
 .text.weak_raw_vprintf
                0x0000000010003ed4       0x30 CMakeFiles/force_example1.dir/_deps/pico_sdk-src/src/rp2_common/pico_printf/printf.c.o
                0x0000000010003ed4                weak_raw_vprintf
 .text._exit    0x0000000010003f04        0x4 CMakeFiles/force_example1.dir/_deps/pico_sdk-src/src/rp2_common/pico_clib_interface/newlib_interface.c.o
                0x0000000010003f04                _exit
 .text._sbrk    0x0000000010003f08       0x34 CMakeFiles/force_example1.dir/_deps/pico_sdk-src/src/rp2_common/pico_clib_interface/newlib_interface.c.o
                0x0000000010003f08                _sbrk
 .text.exit     0x0000000010003f3c        0x8 CMakeFiles/force_example1.dir/_deps/pico_sdk-src/src/rp2_common/pico_clib_interface/newlib_interface.c.o
                0x0000000010003f3c                exit
 .text.runtime_init
                0x0000000010003f44       0x2c CMakeFiles/force_example1.dir/_deps/pico_sdk-src/src/rp2_common/pico_clib_interface/newlib_interface.c.o
                0x0000000010003f44                runtime_init
 .text.stdio_out_chars_no_crlf
                0x0000000010003f70       0x10 CMakeFiles/force_example1.dir/_deps/pico_sdk-src/src/rp2_common/pico_stdio/stdio.c.o
 .text.stdio_out_chars_crlf
                0x0000000010003f80       0x10 CMakeFiles/force_example1.dir/_deps/pico_sdk-src/src/rp2_common/pico_stdio/stdio.c.o
 .text.stdio_put_string
                0x0000000010003f90      0x100 CMakeFiles/force_example1.dir/_deps/pico_sdk-src/src/rp2_common/pico_stdio/stdio.c.o
                0x0000000010003f90                stdio_put_string
 .text.stdio_set_driver_enabled
                0x0000000010004090       0x30 CMakeFiles/force_example1.dir/_deps/pico_sdk-src/src/rp2_common/pico_stdio/stdio.c.o
                0x0000000010004090                stdio_set_driver_enabled
 .text.stdio_init_all
                0x00000000100040c0        0x8 CMakeFiles/force_example1.dir/_deps/pico_sdk-src/src/rp2_common/pico_stdio/stdio.c.o
                0x00000000100040c0                stdio_init_all
 .text.stdio_getchar_timeout_us
                0x00000000100040c8       0x98 CMakeFiles/force_example1.dir/_deps/pico_sdk-src/src/rp2_common/pico_stdio/stdio.c.o
                0x00000000100040c8                stdio_getchar_timeout_us
 .text.__wrap_putchar
                0x0000000010004160       0x98 CMakeFiles/force_example1.dir/_deps/pico_sdk-src/src/rp2_common/pico_stdio/stdio.c.o
                0x0000000010004160                stdio_putchar
                0x0000000010004160                __wrap_putchar
 .text.__wrap_puts
                0x00000000100041f8       0x3c CMakeFiles/force_example1.dir/_deps/pico_sdk-src/src/rp2_common/pico_stdio/stdio.c.o
                0x00000000100041f8                __wrap_puts
                0x00000000100041f8                stdio_puts
 .text.resetd_init
                0x0000000010004234        0x4 CMakeFiles/force_example1.dir/_deps/pico_sdk-src/src/rp2_common/pico_stdio_usb/reset_interface.c.o
 .text.resetd_reset
                0x0000000010004238        0xc CMakeFiles/force_example1.dir/_deps/pico_sdk-src/src/rp2_common/pico_stdio_usb/reset_interface.c.o
 .text.resetd_open
                0x0000000010004244       0x28 CMakeFiles/force_example1.dir/_deps/pico_sdk-src/src/rp2_common/pico_stdio_usb/reset_interface.c.o
 .text.resetd_xfer_cb
                0x000000001000426c        0x4 CMakeFiles/force_example1.dir/_deps/pico_sdk-src/src/rp2_common/pico_stdio_usb/reset_interface.c.o
 .text.resetd_control_xfer_cb
                0x0000000010004270       0x60 CMakeFiles/force_example1.dir/_deps/pico_sdk-src/src/rp2_common/pico_stdio_usb/reset_interface.c.o
 .text.tud_descriptor_bos_cb
                0x00000000100042d0        0x8 CMakeFiles/force_example1.dir/_deps/pico_sdk-src/src/rp2_common/pico_stdio_usb/reset_interface.c.o
                0x00000000100042d0                tud_descriptor_bos_cb
 .text.tud_vendor_control_xfer_cb
                0x00000000100042d8       0x34 CMakeFiles/force_example1.dir/_deps/pico_sdk-src/src/rp2_common/pico_stdio_usb/reset_interface.c.o
                0x00000000100042d8                tud_vendor_control_xfer_cb
 .text.usbd_app_driver_get_cb
                0x000000001000430c        0xc CMakeFiles/force_example1.dir/_deps/pico_sdk-src/src/rp2_common/pico_stdio_usb/reset_interface.c.o
                0x000000001000430c                usbd_app_driver_get_cb
 .text.tud_cdc_line_coding_cb
                0x0000000010004318       0x2c CMakeFiles/force_example1.dir/_deps/pico_sdk-src/src/rp2_common/pico_stdio_usb/reset_interface.c.o
                0x0000000010004318                tud_cdc_line_coding_cb
 .text.stdio_usb_set_chars_available_callback
                0x0000000010004344       0x14 CMakeFiles/force_example1.dir/_deps/pico_sdk-src/src/rp2_common/pico_stdio_usb/stdio_usb.c.o
                0x0000000010004344                stdio_usb_set_chars_available_callback
 .text.usb_irq  0x0000000010004358       0x10 CMakeFiles/force_example1.dir/_deps/pico_sdk-src/src/rp2_common/pico_stdio_usb/stdio_usb.c.o
 .text.timer_task
                0x0000000010004368       0x64 CMakeFiles/force_example1.dir/_deps/pico_sdk-src/src/rp2_common/pico_stdio_usb/stdio_usb.c.o
 .text.stdio_usb_in_chars
                0x00000000100043cc       0x90 CMakeFiles/force_example1.dir/_deps/pico_sdk-src/src/rp2_common/pico_stdio_usb/stdio_usb.c.o
                0x00000000100043cc                stdio_usb_in_chars
 .text.stdio_usb_out_flush
                0x000000001000445c       0x50 CMakeFiles/force_example1.dir/_deps/pico_sdk-src/src/rp2_common/pico_stdio_usb/stdio_usb.c.o
 .text.stdio_usb_out_chars
                0x00000000100044ac      0x100 CMakeFiles/force_example1.dir/_deps/pico_sdk-src/src/rp2_common/pico_stdio_usb/stdio_usb.c.o
 .text.low_priority_worker_irq
                0x00000000100045ac       0xc8 CMakeFiles/force_example1.dir/_deps/pico_sdk-src/src/rp2_common/pico_stdio_usb/stdio_usb.c.o
 .text.stdio_usb_init
                0x0000000010004674       0xe4 CMakeFiles/force_example1.dir/_deps/pico_sdk-src/src/rp2_common/pico_stdio_usb/stdio_usb.c.o
                0x0000000010004674                stdio_usb_init
 .text.tud_descriptor_device_cb
                0x0000000010004758        0x8 CMakeFiles/force_example1.dir/_deps/pico_sdk-src/src/rp2_common/pico_stdio_usb/stdio_usb_descriptors.c.o
                0x0000000010004758                tud_descriptor_device_cb
 .text.tud_descriptor_configuration_cb
                0x0000000010004760        0x8 CMakeFiles/force_example1.dir/_deps/pico_sdk-src/src/rp2_common/pico_stdio_usb/stdio_usb_descriptors.c.o
                0x0000000010004760                tud_descriptor_configuration_cb
 .text.tud_descriptor_string_cb
                0x0000000010004768       0x74 CMakeFiles/force_example1.dir/_deps/pico_sdk-src/src/rp2_common/pico_stdio_usb/stdio_usb_descriptors.c.o
                0x0000000010004768                tud_descriptor_string_cb
 .text.startup._retrieve_unique_id_on_boot
                0x00000000100047dc       0x10 CMakeFiles/force_example1.dir/_deps/pico_sdk-src/src/rp2_common/pico_unique_id/unique_id.c.o
 .text.pico_get_unique_board_id_string
                0x00000000100047ec      0x1a8 CMakeFiles/force_example1.dir/_deps/pico_sdk-src/src/rp2_common/pico_unique_id/unique_id.c.o
                0x00000000100047ec                pico_get_unique_board_id_string
 .text.flash_get_unique_id
                0x0000000010004994       0x40 CMakeFiles/force_example1.dir/_deps/pico_sdk-src/src/rp2_common/hardware_flash/flash.c.o
                0x0000000010004994                flash_get_unique_id
 .text.dcd_init
                0x00000000100049d4       0x8c CMakeFiles/force_example1.dir/_deps/pico_sdk-src/lib/tinyusb/src/portable/raspberrypi/rp2040/dcd_rp2040.c.o
                0x00000000100049d4                dcd_init
 .text.dcd_int_enable
                0x0000000010004a60        0xc CMakeFiles/force_example1.dir/_deps/pico_sdk-src/lib/tinyusb/src/portable/raspberrypi/rp2040/dcd_rp2040.c.o
                0x0000000010004a60                dcd_int_enable
 .text.dcd_set_address
                0x0000000010004a6c       0x14 CMakeFiles/force_example1.dir/_deps/pico_sdk-src/lib/tinyusb/src/portable/raspberrypi/rp2040/dcd_rp2040.c.o
                0x0000000010004a6c                dcd_set_address
 .text.dcd_sof_enable
                0x0000000010004a80       0x1c CMakeFiles/force_example1.dir/_deps/pico_sdk-src/lib/tinyusb/src/portable/raspberrypi/rp2040/dcd_rp2040.c.o
                0x0000000010004a80                dcd_sof_enable
 .text.dcd_edpt0_status_complete
                0x0000000010004a9c       0x1c CMakeFiles/force_example1.dir/_deps/pico_sdk-src/lib/tinyusb/src/portable/raspberrypi/rp2040/dcd_rp2040.c.o
                0x0000000010004a9c                dcd_edpt0_status_complete
 .text.dcd_edpt_open
                0x0000000010004ab8      0x108 CMakeFiles/force_example1.dir/_deps/pico_sdk-src/lib/tinyusb/src/portable/raspberrypi/rp2040/dcd_rp2040.c.o
                0x0000000010004ab8                dcd_edpt_open
 .text.dcd_edpt_close_all
                0x0000000010004bc0        0x8 CMakeFiles/force_example1.dir/_deps/pico_sdk-src/lib/tinyusb/src/portable/raspberrypi/rp2040/dcd_rp2040.c.o
                0x0000000010004bc0                dcd_edpt_close_all
 .text.dcd_edpt_xfer
                0x0000000010004bc8       0x24 CMakeFiles/force_example1.dir/_deps/pico_sdk-src/lib/tinyusb/src/portable/raspberrypi/rp2040/dcd_rp2040.c.o
                0x0000000010004bc8                dcd_edpt_xfer
 .text.dcd_edpt_stall
                0x0000000010004bec       0x38 CMakeFiles/force_example1.dir/_deps/pico_sdk-src/lib/tinyusb/src/portable/raspberrypi/rp2040/dcd_rp2040.c.o
                0x0000000010004bec                dcd_edpt_stall
 .text.dcd_edpt_clear_stall
                0x0000000010004c24       0x30 CMakeFiles/force_example1.dir/_deps/pico_sdk-src/lib/tinyusb/src/portable/raspberrypi/rp2040/dcd_rp2040.c.o
                0x0000000010004c24                dcd_edpt_clear_stall
 .text.rp2040_usb_init
                0x0000000010004c54       0x40 CMakeFiles/force_example1.dir/_deps/pico_sdk-src/lib/tinyusb/src/portable/raspberrypi/rp2040/rp2040_usb.c.o
                0x0000000010004c54                rp2040_usb_init
 .text.hw_endpoint_xfer_start
                0x0000000010004c94       0x50 CMakeFiles/force_example1.dir/_deps/pico_sdk-src/lib/tinyusb/src/portable/raspberrypi/rp2040/rp2040_usb.c.o
                0x0000000010004c94                hw_endpoint_xfer_start
 .text.tud_event_hook_cb
                0x0000000010004ce4        0x4 CMakeFiles/force_example1.dir/_deps/pico_sdk-src/lib/tinyusb/src/device/usbd.c.o
                0x0000000010004ce4                tud_event_hook_cb
 .text.tud_sof_cb
                0x0000000010004ce8        0x4 CMakeFiles/force_example1.dir/_deps/pico_sdk-src/lib/tinyusb/src/device/usbd.c.o
                0x0000000010004ce8                tud_sof_cb
 .text.tud_descriptor_device_qualifier_cb
                0x0000000010004cec        0x4 CMakeFiles/force_example1.dir/_deps/pico_sdk-src/lib/tinyusb/src/device/usbd.c.o
                0x0000000010004cec                tud_descriptor_device_qualifier_cb
 .text.tud_descriptor_other_speed_configuration_cb
                0x0000000010004cf0        0x4 CMakeFiles/force_example1.dir/_deps/pico_sdk-src/lib/tinyusb/src/device/usbd.c.o
                0x0000000010004cf0                tud_descriptor_other_speed_configuration_cb
 .text.tud_mount_cb
                0x0000000010004cf4        0x4 CMakeFiles/force_example1.dir/_deps/pico_sdk-src/lib/tinyusb/src/device/usbd.c.o
                0x0000000010004cf4                tud_mount_cb
 .text.tud_umount_cb
                0x0000000010004cf8        0x4 CMakeFiles/force_example1.dir/_deps/pico_sdk-src/lib/tinyusb/src/device/usbd.c.o
                0x0000000010004cf8                tud_umount_cb
 .text.tud_suspend_cb
                0x0000000010004cfc        0x4 CMakeFiles/force_example1.dir/_deps/pico_sdk-src/lib/tinyusb/src/device/usbd.c.o
                0x0000000010004cfc                tud_suspend_cb
 .text.tud_resume_cb
                0x0000000010004d00        0x4 CMakeFiles/force_example1.dir/_deps/pico_sdk-src/lib/tinyusb/src/device/usbd.c.o
                0x0000000010004d00                tud_resume_cb
 .text.tud_mounted
                0x0000000010004d04       0x10 CMakeFiles/force_example1.dir/_deps/pico_sdk-src/lib/tinyusb/src/device/usbd.c.o
                0x0000000010004d04                tud_mounted
 .text.tud_suspended
                0x0000000010004d14       0x10 CMakeFiles/force_example1.dir/_deps/pico_sdk-src/lib/tinyusb/src/device/usbd.c.o
                0x0000000010004d14                tud_suspended
 .text.tud_init
                0x0000000010004d24       0xe4 CMakeFiles/force_example1.dir/_deps/pico_sdk-src/lib/tinyusb/src/device/usbd.c.o
                0x0000000010004d24                tud_init
 .text.tud_task_ext
                0x0000000010004e08      0x800 CMakeFiles/force_example1.dir/_deps/pico_sdk-src/lib/tinyusb/src/device/usbd.c.o
                0x0000000010004e08                tud_task_ext
 .text.usbd_open_edpt_pair
                0x0000000010005608       0x9c CMakeFiles/force_example1.dir/_deps/pico_sdk-src/lib/tinyusb/src/device/usbd.c.o
                0x0000000010005608                usbd_open_edpt_pair
 .text.usbd_edpt_open
                0x00000000100056a4       0x34 CMakeFiles/force_example1.dir/_deps/pico_sdk-src/lib/tinyusb/src/device/usbd.c.o
                0x00000000100056a4                usbd_edpt_open
 .text.usbd_edpt_claim
                0x00000000100056d8       0x28 CMakeFiles/force_example1.dir/_deps/pico_sdk-src/lib/tinyusb/src/device/usbd.c.o
                0x00000000100056d8                usbd_edpt_claim
 .text.usbd_edpt_release
                0x0000000010005700       0x28 CMakeFiles/force_example1.dir/_deps/pico_sdk-src/lib/tinyusb/src/device/usbd.c.o
                0x0000000010005700                usbd_edpt_release
 .text.usbd_edpt_xfer
                0x0000000010005728       0x4c CMakeFiles/force_example1.dir/_deps/pico_sdk-src/lib/tinyusb/src/device/usbd.c.o
                0x0000000010005728                usbd_edpt_xfer
 .text.tud_control_status
                0x0000000010005774       0x30 CMakeFiles/force_example1.dir/_deps/pico_sdk-src/lib/tinyusb/src/device/usbd_control.c.o
                0x0000000010005774                tud_control_status
 .text.tud_control_xfer
                0x00000000100057a4       0xbc CMakeFiles/force_example1.dir/_deps/pico_sdk-src/lib/tinyusb/src/device/usbd_control.c.o
                0x00000000100057a4                tud_control_xfer
 .text.usbd_control_reset
                0x0000000010005860       0x14 CMakeFiles/force_example1.dir/_deps/pico_sdk-src/lib/tinyusb/src/device/usbd_control.c.o
                0x0000000010005860                usbd_control_reset
 .text.usbd_control_set_complete_callback
                0x0000000010005874        0xc CMakeFiles/force_example1.dir/_deps/pico_sdk-src/lib/tinyusb/src/device/usbd_control.c.o
                0x0000000010005874                usbd_control_set_complete_callback
 .text.usbd_control_set_request
                0x0000000010005880       0x1c CMakeFiles/force_example1.dir/_deps/pico_sdk-src/lib/tinyusb/src/device/usbd_control.c.o
                0x0000000010005880                usbd_control_set_request
 .text.usbd_control_xfer_cb
                0x000000001000589c       0xf0 CMakeFiles/force_example1.dir/_deps/pico_sdk-src/lib/tinyusb/src/device/usbd_control.c.o
                0x000000001000589c                usbd_control_xfer_cb
 .text._prep_out_transaction.isra.0
                0x000000001000598c       0x5c CMakeFiles/force_example1.dir/_deps/pico_sdk-src/lib/tinyusb/src/class/cdc/cdc_device.c.o
 .text.tud_cdc_n_connected
                0x00000000100059e8       0x30 CMakeFiles/force_example1.dir/_deps/pico_sdk-src/lib/tinyusb/src/class/cdc/cdc_device.c.o
                0x00000000100059e8                tud_cdc_n_connected
 .text.tud_cdc_n_available
                0x0000000010005a18       0x18 CMakeFiles/force_example1.dir/_deps/pico_sdk-src/lib/tinyusb/src/class/cdc/cdc_device.c.o
                0x0000000010005a18                tud_cdc_n_available
 .text.tud_cdc_n_read
                0x0000000010005a30       0x98 CMakeFiles/force_example1.dir/_deps/pico_sdk-src/lib/tinyusb/src/class/cdc/cdc_device.c.o
                0x0000000010005a30                tud_cdc_n_read
 .text.tud_cdc_n_write_flush
                0x0000000010005ac8       0x78 CMakeFiles/force_example1.dir/_deps/pico_sdk-src/lib/tinyusb/src/class/cdc/cdc_device.c.o
                0x0000000010005ac8                tud_cdc_n_write_flush
 .text.tud_cdc_n_write
                0x0000000010005b40       0x44 CMakeFiles/force_example1.dir/_deps/pico_sdk-src/lib/tinyusb/src/class/cdc/cdc_device.c.o
                0x0000000010005b40                tud_cdc_n_write
 .text.tud_cdc_n_write_available
                0x0000000010005b84       0x18 CMakeFiles/force_example1.dir/_deps/pico_sdk-src/lib/tinyusb/src/class/cdc/cdc_device.c.o
                0x0000000010005b84                tud_cdc_n_write_available
 .text.cdcd_init
                0x0000000010005b9c       0x7c CMakeFiles/force_example1.dir/_deps/pico_sdk-src/lib/tinyusb/src/class/cdc/cdc_device.c.o
                0x0000000010005b9c                cdcd_init
 .text.cdcd_deinit
                0x0000000010005c18       0x24 CMakeFiles/force_example1.dir/_deps/pico_sdk-src/lib/tinyusb/src/class/cdc/cdc_device.c.o
                0x0000000010005c18                cdcd_deinit
 .text.cdcd_reset
                0x0000000010005c3c       0x4c CMakeFiles/force_example1.dir/_deps/pico_sdk-src/lib/tinyusb/src/class/cdc/cdc_device.c.o
                0x0000000010005c3c                cdcd_reset
 .text.cdcd_open
                0x0000000010005c88       0xb4 CMakeFiles/force_example1.dir/_deps/pico_sdk-src/lib/tinyusb/src/class/cdc/cdc_device.c.o
                0x0000000010005c88                cdcd_open
 .text.cdcd_control_xfer_cb
                0x0000000010005d3c       0xe4 CMakeFiles/force_example1.dir/_deps/pico_sdk-src/lib/tinyusb/src/class/cdc/cdc_device.c.o
                0x0000000010005d3c                cdcd_control_xfer_cb
 .text.cdcd_xfer_cb
                0x0000000010005e20       0xfc CMakeFiles/force_example1.dir/_deps/pico_sdk-src/lib/tinyusb/src/class/cdc/cdc_device.c.o
                0x0000000010005e20                cdcd_xfer_cb
 .text.vendord_init
                0x0000000010005f1c       0x5c CMakeFiles/force_example1.dir/_deps/pico_sdk-src/lib/tinyusb/src/class/vendor/vendor_device.c.o
                0x0000000010005f1c                vendord_init
 .text.vendord_deinit
                0x0000000010005f78       0x1c CMakeFiles/force_example1.dir/_deps/pico_sdk-src/lib/tinyusb/src/class/vendor/vendor_device.c.o
                0x0000000010005f78                vendord_deinit
 .text.vendord_reset
                0x0000000010005f94       0x20 CMakeFiles/force_example1.dir/_deps/pico_sdk-src/lib/tinyusb/src/class/vendor/vendor_device.c.o
                0x0000000010005f94                vendord_reset
 .text.vendord_open
                0x0000000010005fb4      0x138 CMakeFiles/force_example1.dir/_deps/pico_sdk-src/lib/tinyusb/src/class/vendor/vendor_device.c.o
                0x0000000010005fb4                vendord_open
 .text.vendord_xfer_cb
                0x00000000100060ec       0x9c CMakeFiles/force_example1.dir/_deps/pico_sdk-src/lib/tinyusb/src/class/vendor/vendor_device.c.o
                0x00000000100060ec                vendord_xfer_cb
 .text.tusb_init
                0x0000000010006188        0xc CMakeFiles/force_example1.dir/_deps/pico_sdk-src/lib/tinyusb/src/tusb.c.o
                0x0000000010006188                tusb_init
 .text.tu_edpt_claim
                0x0000000010006194       0x50 CMakeFiles/force_example1.dir/_deps/pico_sdk-src/lib/tinyusb/src/tusb.c.o
                0x0000000010006194                tu_edpt_claim
 .text.tu_edpt_release
                0x00000000100061e4       0x38 CMakeFiles/force_example1.dir/_deps/pico_sdk-src/lib/tinyusb/src/tusb.c.o
                0x00000000100061e4                tu_edpt_release
 .text.tu_edpt_validate
                0x000000001000621c       0x78 CMakeFiles/force_example1.dir/_deps/pico_sdk-src/lib/tinyusb/src/tusb.c.o
                0x000000001000621c                tu_edpt_validate
 .text.tu_edpt_bind_driver
                0x0000000010006294       0x34 CMakeFiles/force_example1.dir/_deps/pico_sdk-src/lib/tinyusb/src/tusb.c.o
                0x0000000010006294                tu_edpt_bind_driver
 .text.tu_edpt_stream_init
                0x00000000100062c8       0x6c CMakeFiles/force_example1.dir/_deps/pico_sdk-src/lib/tinyusb/src/tusb.c.o
                0x00000000100062c8                tu_edpt_stream_init
 .text.tu_edpt_stream_deinit
                0x0000000010006334        0x4 CMakeFiles/force_example1.dir/_deps/pico_sdk-src/lib/tinyusb/src/tusb.c.o
                0x0000000010006334                tu_edpt_stream_deinit
 .text.tu_edpt_stream_write_zlp_if_needed
                0x0000000010006338       0x58 CMakeFiles/force_example1.dir/_deps/pico_sdk-src/lib/tinyusb/src/tusb.c.o
                0x0000000010006338                tu_edpt_stream_write_zlp_if_needed
 .text.tu_edpt_stream_write_xfer
                0x0000000010006390       0x64 CMakeFiles/force_example1.dir/_deps/pico_sdk-src/lib/tinyusb/src/tusb.c.o
                0x0000000010006390                tu_edpt_stream_write_xfer
 .text.tu_edpt_stream_read_xfer
                0x00000000100063f4       0xdc CMakeFiles/force_example1.dir/_deps/pico_sdk-src/lib/tinyusb/src/tusb.c.o
                0x00000000100063f4                tu_edpt_stream_read_xfer
 .text.tu_fifo_config
                0x00000000100064d0       0x70 CMakeFiles/force_example1.dir/_deps/pico_sdk-src/lib/tinyusb/src/common/tusb_fifo.c.o
                0x00000000100064d0                tu_fifo_config
 .text.tu_fifo_count
                0x0000000010006540       0x2c CMakeFiles/force_example1.dir/_deps/pico_sdk-src/lib/tinyusb/src/common/tusb_fifo.c.o
                0x0000000010006540                tu_fifo_count
 .text.tu_fifo_empty
                0x000000001000656c       0x10 CMakeFiles/force_example1.dir/_deps/pico_sdk-src/lib/tinyusb/src/common/tusb_fifo.c.o
                0x000000001000656c                tu_fifo_empty
 .text.tu_fifo_remaining
                0x000000001000657c       0x2c CMakeFiles/force_example1.dir/_deps/pico_sdk-src/lib/tinyusb/src/common/tusb_fifo.c.o
                0x000000001000657c                tu_fifo_remaining
 .text.tu_fifo_read
                0x00000000100065a8       0xa0 CMakeFiles/force_example1.dir/_deps/pico_sdk-src/lib/tinyusb/src/common/tusb_fifo.c.o
                0x00000000100065a8                tu_fifo_read
 .text.tu_fifo_read_n
                0x0000000010006648       0xec CMakeFiles/force_example1.dir/_deps/pico_sdk-src/lib/tinyusb/src/common/tusb_fifo.c.o
                0x0000000010006648                tu_fifo_read_n
 .text.tu_fifo_write
                0x0000000010006734       0x88 CMakeFiles/force_example1.dir/_deps/pico_sdk-src/lib/tinyusb/src/common/tusb_fifo.c.o
                0x0000000010006734                tu_fifo_write
 .text.tu_fifo_write_n
                0x00000000100067bc      0x168 CMakeFiles/force_example1.dir/_deps/pico_sdk-src/lib/tinyusb/src/common/tusb_fifo.c.o
                0x00000000100067bc                tu_fifo_write_n
 .text.tu_fifo_clear
                0x0000000010006924       0x40 CMakeFiles/force_example1.dir/_deps/pico_sdk-src/lib/tinyusb/src/common/tusb_fifo.c.o
                0x0000000010006924                tu_fifo_clear
 .text.tu_fifo_set_overwritable
                0x0000000010006964       0x48 CMakeFiles/force_example1.dir/_deps/pico_sdk-src/lib/tinyusb/src/common/tusb_fifo.c.o
                0x0000000010006964                tu_fifo_set_overwritable
 .text.i2c_write_blocking_internal
                0x00000000100069ac      0x174 CMakeFiles/force_example1.dir/_deps/pico_sdk-src/src/rp2_common/hardware_i2c/i2c.c.o
 .text.i2c_read_blocking_internal
                0x0000000010006b20      0x108 CMakeFiles/force_example1.dir/_deps/pico_sdk-src/src/rp2_common/hardware_i2c/i2c.c.o
 .text.i2c_set_baudrate
                0x0000000010006c28       0xc0 CMakeFiles/force_example1.dir/_deps/pico_sdk-src/src/rp2_common/hardware_i2c/i2c.c.o
                0x0000000010006c28                i2c_set_baudrate
 .text.i2c_init
                0x0000000010006ce8       0x54 CMakeFiles/force_example1.dir/_deps/pico_sdk-src/src/rp2_common/hardware_i2c/i2c.c.o
                0x0000000010006ce8                i2c_init
 .text.i2c_write_blocking_until
                0x0000000010006d3c       0x48 CMakeFiles/force_example1.dir/_deps/pico_sdk-src/src/rp2_common/hardware_i2c/i2c.c.o
                0x0000000010006d3c                i2c_write_blocking_until
 .text.i2c_read_blocking_until
                0x0000000010006d84       0x48 CMakeFiles/force_example1.dir/_deps/pico_sdk-src/src/rp2_common/hardware_i2c/i2c.c.o
                0x0000000010006d84                i2c_read_blocking_until
 .text.rcl_get_zero_initialized_publisher
                0x0000000010006dcc        0xc /home/rosdev/ros2_ws/src/libmicroros/libmicroros.a(librcl-publisher.c.obj)
                0x0000000010006dcc                rcl_get_zero_initialized_publisher
 .text.rcl_publisher_init
                0x0000000010006dd8      0x138 /home/rosdev/ros2_ws/src/libmicroros/libmicroros.a(librcl-publisher.c.obj)
                0x0000000010006dd8                rcl_publisher_init
 .text.rcl_publisher_get_default_options
                0x0000000010006f10       0x50 /home/rosdev/ros2_ws/src/libmicroros/libmicroros.a(librcl-publisher.c.obj)
                0x0000000010006f10                rcl_publisher_get_default_options
 .text.rcl_publish
                0x0000000010006f60       0x4c /home/rosdev/ros2_ws/src/libmicroros/libmicroros.a(librcl-publisher.c.obj)
                0x0000000010006f60                rcl_publish
 .text.rcl_publisher_is_valid
                0x0000000010006fac       0x30 /home/rosdev/ros2_ws/src/libmicroros/libmicroros.a(librcl-publisher.c.obj)
                0x0000000010006fac                rcl_publisher_is_valid
 .text.rcl_publisher_is_valid_except_context
                0x0000000010006fdc       0x1c /home/rosdev/ros2_ws/src/libmicroros/libmicroros.a(librcl-publisher.c.obj)
                0x0000000010006fdc                rcl_publisher_is_valid_except_context
 .text._rclc_check_for_new_data
                0x0000000010006ff8       0x90 /home/rosdev/ros2_ws/src/libmicroros/libmicroros.a(librclc-executor.c.obj)
 .text._rclc_take_new_data
                0x0000000010007088      0x2c8 /home/rosdev/ros2_ws/src/libmicroros/libmicroros.a(librclc-executor.c.obj)
 .text._rclc_execute.part.0
                0x0000000010007350      0x29c /home/rosdev/ros2_ws/src/libmicroros/libmicroros.a(librclc-executor.c.obj)
 .text.rclc_executor_trigger_any
                0x00000000100075ec       0x7c /home/rosdev/ros2_ws/src/libmicroros/libmicroros.a(librclc-executor.c.obj)
                0x00000000100075ec                rclc_executor_trigger_any
 .text.rclc_executor_init
                0x0000000010007668       0xc0 /home/rosdev/ros2_ws/src/libmicroros/libmicroros.a(librclc-executor.c.obj)
                0x0000000010007668                rclc_executor_init
 .text.rclc_executor_add_timer
                0x0000000010007728       0x58 /home/rosdev/ros2_ws/src/libmicroros/libmicroros.a(librclc-executor.c.obj)
                0x0000000010007728                rclc_executor_add_timer
 .text.rclc_executor_prepare
                0x0000000010007780       0x88 /home/rosdev/ros2_ws/src/libmicroros/libmicroros.a(librclc-executor.c.obj)
                0x0000000010007780                rclc_executor_prepare
 .text.rclc_executor_spin_some.part.0
                0x0000000010007808      0x378 /home/rosdev/ros2_ws/src/libmicroros/libmicroros.a(librclc-executor.c.obj)
 .text.rclc_executor_spin_some
                0x0000000010007b80       0x30 /home/rosdev/ros2_ws/src/libmicroros/libmicroros.a(librclc-executor.c.obj)
                0x0000000010007b80                rclc_executor_spin_some
 .text.rclc_executor_handle_counters_zero_init
                0x0000000010007bb0       0x18 /home/rosdev/ros2_ws/src/libmicroros/libmicroros.a(librclc-executor_handle.c.obj)
                0x0000000010007bb0                rclc_executor_handle_counters_zero_init
 .text.rclc_executor_handle_init
                0x0000000010007bc8       0x28 /home/rosdev/ros2_ws/src/libmicroros/libmicroros.a(librclc-executor_handle.c.obj)
                0x0000000010007bc8                rclc_executor_handle_init
 .text.rclc_support_init
                0x0000000010007bf0       0x94 /home/rosdev/ros2_ws/src/libmicroros/libmicroros.a(librclc-init.c.obj)
                0x0000000010007bf0                rclc_support_init
 .text.rclc_node_init_default
                0x0000000010007c84       0x74 /home/rosdev/ros2_ws/src/libmicroros/libmicroros.a(librclc-node.c.obj)
                0x0000000010007c84                rclc_node_init_default
 .text.rclc_publisher_init_default
                0x0000000010007cf8       0x68 /home/rosdev/ros2_ws/src/libmicroros/libmicroros.a(librclc-publisher.c.obj)
                0x0000000010007cf8                rclc_publisher_init_default
 .text.rclc_timer_init_default
                0x0000000010007d60       0x60 /home/rosdev/ros2_ws/src/libmicroros/libmicroros.a(librclc-timer.c.obj)
                0x0000000010007d60                rclc_timer_init_default
 .text.__default_zero_allocate
                0x0000000010007dc0        0x8 /home/rosdev/ros2_ws/src/libmicroros/libmicroros.a(librcutils-allocator.c.obj)
 .text.__default_reallocate
                0x0000000010007dc8        0x8 /home/rosdev/ros2_ws/src/libmicroros/libmicroros.a(librcutils-allocator.c.obj)
 .text.__default_deallocate
                0x0000000010007dd0        0x8 /home/rosdev/ros2_ws/src/libmicroros/libmicroros.a(librcutils-allocator.c.obj)
 .text.__default_allocate
                0x0000000010007dd8        0x8 /home/rosdev/ros2_ws/src/libmicroros/libmicroros.a(librcutils-allocator.c.obj)
 .text.rcutils_get_default_allocator
                0x0000000010007de0       0x14 /home/rosdev/ros2_ws/src/libmicroros/libmicroros.a(librcutils-allocator.c.obj)
                0x0000000010007de0                rcutils_get_default_allocator
 .text.rcutils_allocator_is_valid
                0x0000000010007df4       0x24 /home/rosdev/ros2_ws/src/libmicroros/libmicroros.a(librcutils-allocator.c.obj)
                0x0000000010007df4                rcutils_allocator_is_valid
 .text.rcutils_get_error_string
                0x0000000010007e18       0x34 /home/rosdev/ros2_ws/src/libmicroros/libmicroros.a(librcutils-error_handling.c.obj)
                0x0000000010007e18                rcutils_get_error_string
 .text.rcutils_reset_error
                0x0000000010007e4c       0x38 /home/rosdev/ros2_ws/src/libmicroros/libmicroros.a(librcutils-error_handling.c.obj)
                0x0000000010007e4c                rcutils_reset_error
 .text.rcutils_system_time_now
                0x0000000010007e84       0x4c /home/rosdev/ros2_ws/src/libmicroros/libmicroros.a(librcutils-time_unix.c.obj)
                0x0000000010007e84                rcutils_system_time_now
 .text.rcutils_steady_time_now
                0x0000000010007ed0       0x4c /home/rosdev/ros2_ws/src/libmicroros/libmicroros.a(librcutils-time_unix.c.obj)
                0x0000000010007ed0                rcutils_steady_time_now
 .text.rmw_get_default_publisher_options
                0x0000000010007f1c        0x8 /home/rosdev/ros2_ws/src/libmicroros/libmicroros.a(librmw-publisher_options.c.obj)
                0x0000000010007f1c                rmw_get_default_publisher_options
 .text.rmw_uros_set_custom_transport
                0x0000000010007f24       0x34 /home/rosdev/ros2_ws/src/libmicroros/libmicroros.a(librmw_microxrcedds-custom_transport.c.obj)
                0x0000000010007f24                rmw_uros_set_custom_transport
 .text.rmw_uros_ping_agent
                0x0000000010007f58       0xa0 /home/rosdev/ros2_ws/src/libmicroros/libmicroros.a(librmw_microxrcedds-ping.c.obj)
                0x0000000010007f58                rmw_uros_ping_agent
 .text.flush_session
                0x0000000010007ff8        0xc /home/rosdev/ros2_ws/src/libmicroros/libmicroros.a(librmw_microxrcedds-rmw_publish.c.obj)
                0x0000000010007ff8                flush_session
 .text.rmw_publish
                0x0000000010008004       0xd8 /home/rosdev/ros2_ws/src/libmicroros/libmicroros.a(librmw_microxrcedds-rmw_publish.c.obj)
                0x0000000010008004                rmw_publish
 .text.rmw_create_publisher
                0x00000000100080dc      0x20c /home/rosdev/ros2_ws/src/libmicroros/libmicroros.a(librmw_microxrcedds-rmw_publisher.c.obj)
                0x00000000100080dc                rmw_create_publisher
 .text.rmw_publisher_get_actual_qos
                0x00000000100082e8       0x20 /home/rosdev/ros2_ws/src/libmicroros/libmicroros.a(librmw_microxrcedds-rmw_publisher.c.obj)
                0x00000000100082e8                rmw_publisher_get_actual_qos
 .text.rmw_destroy_publisher
                0x0000000010008308       0xf4 /home/rosdev/ros2_ws/src/libmicroros/libmicroros.a(librmw_microxrcedds-rmw_publisher.c.obj)
                0x0000000010008308                rmw_destroy_publisher
 .text.rmw_uxrce_transport_init
                0x00000000100083fc       0x2c /home/rosdev/ros2_ws/src/libmicroros/libmicroros.a(librmw_microxrcedds-rmw_uxrce_transports.c.obj)
                0x00000000100083fc                rmw_uxrce_transport_init
 .text.rmw_uxrce_init_service_memory
                0x0000000010008428       0x48 /home/rosdev/ros2_ws/src/libmicroros/libmicroros.a(librmw_microxrcedds-types.c.obj)
                0x0000000010008428                rmw_uxrce_init_service_memory
 .text.rmw_uxrce_init_client_memory
                0x0000000010008470       0x48 /home/rosdev/ros2_ws/src/libmicroros/libmicroros.a(librmw_microxrcedds-types.c.obj)
                0x0000000010008470                rmw_uxrce_init_client_memory
 .text.rmw_uxrce_init_publisher_memory
                0x00000000100084b8       0x48 /home/rosdev/ros2_ws/src/libmicroros/libmicroros.a(librmw_microxrcedds-types.c.obj)
                0x00000000100084b8                rmw_uxrce_init_publisher_memory
 .text.rmw_uxrce_init_subscription_memory
                0x0000000010008500       0x48 /home/rosdev/ros2_ws/src/libmicroros/libmicroros.a(librmw_microxrcedds-types.c.obj)
                0x0000000010008500                rmw_uxrce_init_subscription_memory
 .text.rmw_uxrce_init_node_memory
                0x0000000010008548       0x48 /home/rosdev/ros2_ws/src/libmicroros/libmicroros.a(librmw_microxrcedds-types.c.obj)
                0x0000000010008548                rmw_uxrce_init_node_memory
 .text.rmw_uxrce_init_session_memory
                0x0000000010008590       0x50 /home/rosdev/ros2_ws/src/libmicroros/libmicroros.a(librmw_microxrcedds-types.c.obj)
                0x0000000010008590                rmw_uxrce_init_session_memory
 .text.rmw_uxrce_init_topic_memory
                0x00000000100085e0       0x48 /home/rosdev/ros2_ws/src/libmicroros/libmicroros.a(librmw_microxrcedds-types.c.obj)
                0x00000000100085e0                rmw_uxrce_init_topic_memory
 .text.rmw_uxrce_init_static_input_buffer_memory
                0x0000000010008628       0x50 /home/rosdev/ros2_ws/src/libmicroros/libmicroros.a(librmw_microxrcedds-types.c.obj)
                0x0000000010008628                rmw_uxrce_init_static_input_buffer_memory
 .text.rmw_uxrce_init_init_options_impl_memory
                0x0000000010008678       0x48 /home/rosdev/ros2_ws/src/libmicroros/libmicroros.a(librmw_microxrcedds-types.c.obj)
                0x0000000010008678                rmw_uxrce_init_init_options_impl_memory
 .text.rmw_uxrce_init_wait_set_memory
                0x00000000100086c0       0x48 /home/rosdev/ros2_ws/src/libmicroros/libmicroros.a(librmw_microxrcedds-types.c.obj)
                0x00000000100086c0                rmw_uxrce_init_wait_set_memory
 .text.rmw_uxrce_init_guard_condition_memory
                0x0000000010008708       0x48 /home/rosdev/ros2_ws/src/libmicroros/libmicroros.a(librmw_microxrcedds-types.c.obj)
                0x0000000010008708                rmw_uxrce_init_guard_condition_memory
 .text.rmw_uxrce_fini_session_memory
                0x0000000010008750       0x10 /home/rosdev/ros2_ws/src/libmicroros/libmicroros.a(librmw_microxrcedds-types.c.obj)
                0x0000000010008750                rmw_uxrce_fini_session_memory
 .text.rmw_uxrce_fini_node_memory
                0x0000000010008760       0x34 /home/rosdev/ros2_ws/src/libmicroros/libmicroros.a(librmw_microxrcedds-types.c.obj)
                0x0000000010008760                rmw_uxrce_fini_node_memory
 .text.rmw_uxrce_fini_publisher_memory
                0x0000000010008794       0x34 /home/rosdev/ros2_ws/src/libmicroros/libmicroros.a(librmw_microxrcedds-types.c.obj)
                0x0000000010008794                rmw_uxrce_fini_publisher_memory
 .text.rmw_uxrce_fini_subscription_memory
                0x00000000100087c8       0x34 /home/rosdev/ros2_ws/src/libmicroros/libmicroros.a(librmw_microxrcedds-types.c.obj)
                0x00000000100087c8                rmw_uxrce_fini_subscription_memory
 .text.rmw_uxrce_fini_service_memory
                0x00000000100087fc       0x34 /home/rosdev/ros2_ws/src/libmicroros/libmicroros.a(librmw_microxrcedds-types.c.obj)
                0x00000000100087fc                rmw_uxrce_fini_service_memory
 .text.rmw_uxrce_fini_client_memory
                0x0000000010008830       0x34 /home/rosdev/ros2_ws/src/libmicroros/libmicroros.a(librmw_microxrcedds-types.c.obj)
                0x0000000010008830                rmw_uxrce_fini_client_memory
 .text.rmw_uxrce_fini_topic_memory
                0x0000000010008864       0x18 /home/rosdev/ros2_ws/src/libmicroros/libmicroros.a(librmw_microxrcedds-types.c.obj)
                0x0000000010008864                rmw_uxrce_fini_topic_memory
 .text.rmw_uxrce_get_static_input_buffer_for_entity
                0x000000001000887c       0xbc /home/rosdev/ros2_ws/src/libmicroros/libmicroros.a(librmw_microxrcedds-types.c.obj)
                0x000000001000887c                rmw_uxrce_get_static_input_buffer_for_entity
 .text.rmw_uxrce_find_static_input_buffer_by_owner
                0x0000000010008938       0x5c /home/rosdev/ros2_ws/src/libmicroros/libmicroros.a(librmw_microxrcedds-types.c.obj)
                0x0000000010008938                rmw_uxrce_find_static_input_buffer_by_owner
 .text.rmw_uxrce_clean_expired_static_input_buffer
                0x0000000010008994       0xfc /home/rosdev/ros2_ws/src/libmicroros/libmicroros.a(librmw_microxrcedds-types.c.obj)
                0x0000000010008994                rmw_uxrce_clean_expired_static_input_buffer
 .text.run_xrce_session
                0x0000000010008a90       0x40 /home/rosdev/ros2_ws/src/libmicroros/libmicroros.a(librmw_microxrcedds-utils.c.obj)
                0x0000000010008a90                run_xrce_session
 .text.convert_qos_profile
                0x0000000010008ad0       0x2c /home/rosdev/ros2_ws/src/libmicroros/libmicroros.a(librmw_microxrcedds-utils.c.obj)
                0x0000000010008ad0                convert_qos_profile
 .text.generate_type_name
                0x0000000010008afc       0x68 /home/rosdev/ros2_ws/src/libmicroros/libmicroros.a(librmw_microxrcedds-utils.c.obj)
                0x0000000010008afc                generate_type_name
 .text.generate_topic_name
                0x0000000010008b64       0x38 /home/rosdev/ros2_ws/src/libmicroros/libmicroros.a(librmw_microxrcedds-utils.c.obj)
                0x0000000010008b64                generate_topic_name
 .text.is_uxrce_rmw_identifier_valid
                0x0000000010008b9c       0x20 /home/rosdev/ros2_ws/src/libmicroros/libmicroros.a(librmw_microxrcedds-utils.c.obj)
                0x0000000010008b9c                is_uxrce_rmw_identifier_valid
 .text.get_message_typesupport_handle
                0x0000000010008bbc        0x8 /home/rosdev/ros2_ws/src/libmicroros/libmicroros.a(librosidl_runtime_c-message_type_support.c.obj)
                0x0000000010008bbc                get_message_typesupport_handle
 .text.get_message_typesupport_handle_function
                0x0000000010008bc4       0x18 /home/rosdev/ros2_ws/src/libmicroros/libmicroros.a(librosidl_runtime_c-message_type_support.c.obj)
                0x0000000010008bc4                get_message_typesupport_handle_function
 .text.rosidl_typesupport_c__get_message_type_support_handle__std_msgs__msg__Float32
                0x0000000010008bdc       0x1c /home/rosdev/ros2_ws/src/libmicroros/libmicroros.a(libstd_msgs__rosidl_typesupport_c-float32__type_support.cpp.obj)
                0x0000000010008bdc                rosidl_typesupport_c__get_message_type_support_handle__std_msgs__msg__Float32
 .text.startup._GLOBAL__sub_I_rosidl_typesupport_c__get_message_type_support_handle__std_msgs__msg__Float32
                0x0000000010008bf8       0x14 /home/rosdev/ros2_ws/src/libmicroros/libmicroros.a(libstd_msgs__rosidl_typesupport_c-float32__type_support.cpp.obj)
 .text.std_msgs__msg__Float32__rosidl_typesupport_introspection_c__Float32_init_function
                0x0000000010008c0c        0x8 /home/rosdev/ros2_ws/src/libmicroros/libmicroros.a(libstd_msgs__rosidl_typesupport_introspection_c-float32__type_support.c.obj)
                0x0000000010008c0c                std_msgs__msg__Float32__rosidl_typesupport_introspection_c__Float32_init_function
 .text.std_msgs__msg__Float32__rosidl_typesupport_introspection_c__Float32_fini_function
                0x0000000010008c14        0x8 /home/rosdev/ros2_ws/src/libmicroros/libmicroros.a(libstd_msgs__rosidl_typesupport_introspection_c-float32__type_support.c.obj)
                0x0000000010008c14                std_msgs__msg__Float32__rosidl_typesupport_introspection_c__Float32_fini_function
 .text.rosidl_typesupport_introspection_c__get_message_type_support_handle__std_msgs__msg__Float32
                0x0000000010008c1c       0x1c /home/rosdev/ros2_ws/src/libmicroros/libmicroros.a(libstd_msgs__rosidl_typesupport_introspection_c-float32__type_support.c.obj)
                0x0000000010008c1c                rosidl_typesupport_introspection_c__get_message_type_support_handle__std_msgs__msg__Float32
 .text._Float32__max_serialized_size
                0x0000000010008c38       0x10 /home/rosdev/ros2_ws/src/libmicroros/libmicroros.a(libstd_msgs__rosidl_typesupport_microxrcedds_c-float32__type_support_c.c.obj)
 .text._Float32__cdr_deserialize
                0x0000000010008c48       0x10 /home/rosdev/ros2_ws/src/libmicroros/libmicroros.a(libstd_msgs__rosidl_typesupport_microxrcedds_c-float32__type_support_c.c.obj)
 .text.get_serialized_size_std_msgs__msg__Float32
                0x0000000010008c58       0x18 /home/rosdev/ros2_ws/src/libmicroros/libmicroros.a(libstd_msgs__rosidl_typesupport_microxrcedds_c-float32__type_support_c.c.obj)
                0x0000000010008c58                get_serialized_size_std_msgs__msg__Float32
 .text._Float32__cdr_serialize
                0x0000000010008c70       0x18 /home/rosdev/ros2_ws/src/libmicroros/libmicroros.a(libstd_msgs__rosidl_typesupport_microxrcedds_c-float32__type_support_c.c.obj)
 .text._Float32__get_serialized_size
                0x0000000010008c88       0x18 /home/rosdev/ros2_ws/src/libmicroros/libmicroros.a(libstd_msgs__rosidl_typesupport_microxrcedds_c-float32__type_support_c.c.obj)
 .text.rosidl_typesupport_microxrcedds_c__get_message_type_support_handle__std_msgs__msg__Float32
                0x0000000010008ca0        0x8 /home/rosdev/ros2_ws/src/libmicroros/libmicroros.a(libstd_msgs__rosidl_typesupport_microxrcedds_c-float32__type_support_c.c.obj)
                0x0000000010008ca0                rosidl_typesupport_microxrcedds_c__get_message_type_support_handle__std_msgs__msg__Float32
 .text.ucdr_serialize_bool
                0x0000000010008ca8       0x2c /home/rosdev/ros2_ws/src/libmicroros/libmicroros.a(libmicrocdr-basic.c.obj)
                0x0000000010008ca8                ucdr_serialize_bool
 .text.ucdr_deserialize_bool
                0x0000000010008cd4       0x30 /home/rosdev/ros2_ws/src/libmicroros/libmicroros.a(libmicrocdr-basic.c.obj)
                0x0000000010008cd4                ucdr_deserialize_bool
 .text.ucdr_serialize_uint8_t
                0x0000000010008d04       0x2c /home/rosdev/ros2_ws/src/libmicroros/libmicroros.a(libmicrocdr-basic.c.obj)
                0x0000000010008d04                ucdr_serialize_uint8_t
 .text.ucdr_deserialize_uint8_t
                0x0000000010008d30       0x30 /home/rosdev/ros2_ws/src/libmicroros/libmicroros.a(libmicrocdr-basic.c.obj)
                0x0000000010008d30                ucdr_deserialize_uint8_t
 .text.ucdr_serialize_uint16_t
                0x0000000010008d60       0xf4 /home/rosdev/ros2_ws/src/libmicroros/libmicroros.a(libmicrocdr-basic.c.obj)
                0x0000000010008d60                ucdr_serialize_uint16_t
 .text.ucdr_serialize_endian_uint16_t
                0x0000000010008e54      0x100 /home/rosdev/ros2_ws/src/libmicroros/libmicroros.a(libmicrocdr-basic.c.obj)
                0x0000000010008e54                ucdr_serialize_endian_uint16_t
 .text.ucdr_deserialize_uint16_t
                0x0000000010008f54       0xec /home/rosdev/ros2_ws/src/libmicroros/libmicroros.a(libmicrocdr-basic.c.obj)
                0x0000000010008f54                ucdr_deserialize_uint16_t
 .text.ucdr_deserialize_endian_uint16_t
                0x0000000010009040       0xf8 /home/rosdev/ros2_ws/src/libmicroros/libmicroros.a(libmicrocdr-basic.c.obj)
                0x0000000010009040                ucdr_deserialize_endian_uint16_t
 .text.ucdr_serialize_uint32_t
                0x0000000010009138      0x11c /home/rosdev/ros2_ws/src/libmicroros/libmicroros.a(libmicrocdr-basic.c.obj)
                0x0000000010009138                ucdr_serialize_uint32_t
 .text.ucdr_serialize_endian_uint32_t
                0x0000000010009254      0x11c /home/rosdev/ros2_ws/src/libmicroros/libmicroros.a(libmicrocdr-basic.c.obj)
                0x0000000010009254                ucdr_serialize_endian_uint32_t
 .text.ucdr_deserialize_uint32_t
                0x0000000010009370      0x11c /home/rosdev/ros2_ws/src/libmicroros/libmicroros.a(libmicrocdr-basic.c.obj)
                0x0000000010009370                ucdr_deserialize_uint32_t
 .text.ucdr_deserialize_endian_uint32_t
                0x000000001000948c      0x12c /home/rosdev/ros2_ws/src/libmicroros/libmicroros.a(libmicrocdr-basic.c.obj)
                0x000000001000948c                ucdr_deserialize_endian_uint32_t
 .text.ucdr_serialize_uint64_t
                0x00000000100095b8      0x170 /home/rosdev/ros2_ws/src/libmicroros/libmicroros.a(libmicrocdr-basic.c.obj)
                0x00000000100095b8                ucdr_serialize_uint64_t
 .text.ucdr_serialize_int16_t
                0x0000000010009728       0xf4 /home/rosdev/ros2_ws/src/libmicroros/libmicroros.a(libmicrocdr-basic.c.obj)
                0x0000000010009728                ucdr_serialize_int16_t
 .text.ucdr_deserialize_int16_t
                0x000000001000981c       0xec /home/rosdev/ros2_ws/src/libmicroros/libmicroros.a(libmicrocdr-basic.c.obj)
                0x000000001000981c                ucdr_deserialize_int16_t
 .text.ucdr_serialize_int32_t
                0x0000000010009908      0x11c /home/rosdev/ros2_ws/src/libmicroros/libmicroros.a(libmicrocdr-basic.c.obj)
                0x0000000010009908                ucdr_serialize_int32_t
 .text.ucdr_deserialize_int32_t
                0x0000000010009a24      0x11c /home/rosdev/ros2_ws/src/libmicroros/libmicroros.a(libmicrocdr-basic.c.obj)
                0x0000000010009a24                ucdr_deserialize_int32_t
 .text.ucdr_serialize_float
                0x0000000010009b40      0x11c /home/rosdev/ros2_ws/src/libmicroros/libmicroros.a(libmicrocdr-basic.c.obj)
                0x0000000010009b40                ucdr_serialize_float
 .text.ucdr_deserialize_float
                0x0000000010009c5c      0x11c /home/rosdev/ros2_ws/src/libmicroros/libmicroros.a(libmicrocdr-basic.c.obj)
                0x0000000010009c5c                ucdr_deserialize_float
 .text.ucdr_check_buffer_available_for
                0x0000000010009d78       0x1c /home/rosdev/ros2_ws/src/libmicroros/libmicroros.a(libmicrocdr-common.c.obj)
                0x0000000010009d78                ucdr_check_buffer_available_for
 .text.ucdr_check_final_buffer_behavior
                0x0000000010009d94       0x38 /home/rosdev/ros2_ws/src/libmicroros/libmicroros.a(libmicrocdr-common.c.obj)
                0x0000000010009d94                ucdr_check_final_buffer_behavior
 .text.ucdr_set_on_full_buffer_callback
                0x0000000010009dcc        0x8 /home/rosdev/ros2_ws/src/libmicroros/libmicroros.a(libmicrocdr-common.c.obj)
                0x0000000010009dcc                ucdr_set_on_full_buffer_callback
 .text.ucdr_init_buffer_origin_offset_endian
                0x0000000010009dd4       0x28 /home/rosdev/ros2_ws/src/libmicroros/libmicroros.a(libmicrocdr-common.c.obj)
                0x0000000010009dd4                ucdr_init_buffer_origin_offset_endian
 .text.ucdr_init_buffer_origin_offset
                0x0000000010009dfc       0x14 /home/rosdev/ros2_ws/src/libmicroros/libmicroros.a(libmicrocdr-common.c.obj)
                0x0000000010009dfc                ucdr_init_buffer_origin_offset
 .text.ucdr_init_buffer_origin
                0x0000000010009e10       0x10 /home/rosdev/ros2_ws/src/libmicroros/libmicroros.a(libmicrocdr-common.c.obj)
                0x0000000010009e10                ucdr_init_buffer_origin
 .text.ucdr_init_buffer
                0x0000000010009e20        0xc /home/rosdev/ros2_ws/src/libmicroros/libmicroros.a(libmicrocdr-common.c.obj)
                0x0000000010009e20                ucdr_init_buffer
 .text.ucdr_alignment
                0x0000000010009e2c       0x10 /home/rosdev/ros2_ws/src/libmicroros/libmicroros.a(libmicrocdr-common.c.obj)
                0x0000000010009e2c                ucdr_alignment
 .text.ucdr_buffer_alignment
                0x0000000010009e3c       0x1c /home/rosdev/ros2_ws/src/libmicroros/libmicroros.a(libmicrocdr-common.c.obj)
                0x0000000010009e3c                ucdr_buffer_alignment
 .text.ucdr_align_to
                0x0000000010009e58       0x24 /home/rosdev/ros2_ws/src/libmicroros/libmicroros.a(libmicrocdr-common.c.obj)
                0x0000000010009e58                ucdr_align_to
 .text.ucdr_buffer_length
                0x0000000010009e7c        0x8 /home/rosdev/ros2_ws/src/libmicroros/libmicroros.a(libmicrocdr-common.c.obj)
                0x0000000010009e7c                ucdr_buffer_length
 .text.ucdr_buffer_remaining
                0x0000000010009e84        0x8 /home/rosdev/ros2_ws/src/libmicroros/libmicroros.a(libmicrocdr-common.c.obj)
                0x0000000010009e84                ucdr_buffer_remaining
 .text.ucdr_check_final_buffer_behavior_array
                0x0000000010009e8c       0x44 /home/rosdev/ros2_ws/src/libmicroros/libmicroros.a(libmicrocdr-common.c.obj)
                0x0000000010009e8c                ucdr_check_final_buffer_behavior_array
 .text.ucdr_advance_buffer
                0x0000000010009ed0       0x44 /home/rosdev/ros2_ws/src/libmicroros/libmicroros.a(libmicrocdr-common.c.obj)
                0x0000000010009ed0                ucdr_advance_buffer
 .text.uxr_buffer_delete_entity
                0x0000000010009f14       0x40 /home/rosdev/ros2_ws/src/libmicroros/libmicroros.a(libmicroxrcedds_client-common_create_entities.c.obj)
                0x0000000010009f14                uxr_buffer_delete_entity
 .text.uxr_common_create_entity
                0x0000000010009f54       0x54 /home/rosdev/ros2_ws/src/libmicroros/libmicroros.a(libmicroxrcedds_client-common_create_entities.c.obj)
                0x0000000010009f54                uxr_common_create_entity
 .text.uxr_buffer_create_participant_bin
                0x0000000010009fa8       0x68 /home/rosdev/ros2_ws/src/libmicroros/libmicroros.a(libmicroxrcedds_client-create_entities_bin.c.obj)
                0x0000000010009fa8                uxr_buffer_create_participant_bin
 .text.uxr_buffer_create_topic_bin
                0x000000001000a010       0x70 /home/rosdev/ros2_ws/src/libmicroros/libmicroros.a(libmicroxrcedds_client-create_entities_bin.c.obj)
                0x000000001000a010                uxr_buffer_create_topic_bin
 .text.uxr_buffer_create_publisher_bin
                0x000000001000a080       0x70 /home/rosdev/ros2_ws/src/libmicroros/libmicroros.a(libmicroxrcedds_client-create_entities_bin.c.obj)
                0x000000001000a080                uxr_buffer_create_publisher_bin
 .text.uxr_buffer_create_datawriter_bin
                0x000000001000a0f0      0x100 /home/rosdev/ros2_ws/src/libmicroros/libmicroros.a(libmicroxrcedds_client-create_entities_bin.c.obj)
                0x000000001000a0f0                uxr_buffer_create_datawriter_bin
 .text.get_custom_error
                0x000000001000a1f0        0xc /home/rosdev/ros2_ws/src/libmicroros/libmicroros.a(libmicroxrcedds_client-custom_transport.c.obj)
 .text.recv_custom_msg
                0x000000001000a1fc       0xb4 /home/rosdev/ros2_ws/src/libmicroros/libmicroros.a(libmicroxrcedds_client-custom_transport.c.obj)
 .text.send_custom_msg
                0x000000001000a2b0       0x64 /home/rosdev/ros2_ws/src/libmicroros/libmicroros.a(libmicroxrcedds_client-custom_transport.c.obj)
 .text.uxr_set_custom_transport_callbacks
                0x000000001000a314       0x24 /home/rosdev/ros2_ws/src/libmicroros/libmicroros.a(libmicroxrcedds_client-custom_transport.c.obj)
                0x000000001000a314                uxr_set_custom_transport_callbacks
 .text.uxr_init_custom_transport
                0x000000001000a338       0x88 /home/rosdev/ros2_ws/src/libmicroros/libmicroros.a(libmicroxrcedds_client-custom_transport.c.obj)
                0x000000001000a338                uxr_init_custom_transport
 .text.uxr_close_custom_transport
                0x000000001000a3c0        0xc /home/rosdev/ros2_ws/src/libmicroros/libmicroros.a(libmicroxrcedds_client-custom_transport.c.obj)
                0x000000001000a3c0                uxr_close_custom_transport
 .text.uxr_object_id
                0x000000001000a3cc       0x10 /home/rosdev/ros2_ws/src/libmicroros/libmicroros.a(libmicroxrcedds_client-object_id.c.obj)
                0x000000001000a3cc                uxr_object_id
 .text.uxr_object_id_from_raw
                0x000000001000a3dc       0x20 /home/rosdev/ros2_ws/src/libmicroros/libmicroros.a(libmicroxrcedds_client-object_id.c.obj)
                0x000000001000a3dc                uxr_object_id_from_raw
 .text.uxr_object_id_to_raw
                0x000000001000a3fc       0x18 /home/rosdev/ros2_ws/src/libmicroros/libmicroros.a(libmicroxrcedds_client-object_id.c.obj)
                0x000000001000a3fc                uxr_object_id_to_raw
 .text.uxr_ping_agent_session
                0x000000001000a414       0x9c /home/rosdev/ros2_ws/src/libmicroros/libmicroros.a(libmicroxrcedds_client-ping.c.obj)
                0x000000001000a414                uxr_ping_agent_session
 .text.uxr_ping_agent_attempts
                0x000000001000a4b0      0x198 /home/rosdev/ros2_ws/src/libmicroros/libmicroros.a(libmicroxrcedds_client-ping.c.obj)
                0x000000001000a4b0                uxr_ping_agent_attempts
 .text.on_get_fragmentation_info
                0x000000001000a648       0x38 /home/rosdev/ros2_ws/src/libmicroros/libmicroros.a(libmicroxrcedds_client-session.c.obj)
 .text.read_submessage_get_info
                0x000000001000a680       0x74 /home/rosdev/ros2_ws/src/libmicroros/libmicroros.a(libmicroxrcedds_client-session.c.obj)
 .text.write_submessage_acknack.isra.0
                0x000000001000a6f4       0x6c /home/rosdev/ros2_ws/src/libmicroros/libmicroros.a(libmicroxrcedds_client-session.c.obj)
 .text.uxr_init_session
                0x000000001000a760       0x48 /home/rosdev/ros2_ws/src/libmicroros/libmicroros.a(libmicroxrcedds_client-session.c.obj)
                0x000000001000a760                uxr_init_session
 .text.uxr_set_status_callback
                0x000000001000a7a8        0xc /home/rosdev/ros2_ws/src/libmicroros/libmicroros.a(libmicroxrcedds_client-session.c.obj)
                0x000000001000a7a8                uxr_set_status_callback
 .text.uxr_set_topic_callback
                0x000000001000a7b4        0xc /home/rosdev/ros2_ws/src/libmicroros/libmicroros.a(libmicroxrcedds_client-session.c.obj)
                0x000000001000a7b4                uxr_set_topic_callback
 .text.uxr_set_request_callback
                0x000000001000a7c0        0xc /home/rosdev/ros2_ws/src/libmicroros/libmicroros.a(libmicroxrcedds_client-session.c.obj)
                0x000000001000a7c0                uxr_set_request_callback
 .text.uxr_set_reply_callback
                0x000000001000a7cc        0xc /home/rosdev/ros2_ws/src/libmicroros/libmicroros.a(libmicroxrcedds_client-session.c.obj)
                0x000000001000a7cc                uxr_set_reply_callback
 .text.uxr_create_output_best_effort_stream
                0x000000001000a7d8       0x3c /home/rosdev/ros2_ws/src/libmicroros/libmicroros.a(libmicroxrcedds_client-session.c.obj)
                0x000000001000a7d8                uxr_create_output_best_effort_stream
 .text.uxr_create_output_reliable_stream
                0x000000001000a814       0x40 /home/rosdev/ros2_ws/src/libmicroros/libmicroros.a(libmicroxrcedds_client-session.c.obj)
                0x000000001000a814                uxr_create_output_reliable_stream
 .text.uxr_create_input_best_effort_stream
                0x000000001000a854       0x2c /home/rosdev/ros2_ws/src/libmicroros/libmicroros.a(libmicroxrcedds_client-session.c.obj)
                0x000000001000a854                uxr_create_input_best_effort_stream
 .text.uxr_create_input_reliable_stream
                0x000000001000a880       0x34 /home/rosdev/ros2_ws/src/libmicroros/libmicroros.a(libmicroxrcedds_client-session.c.obj)
                0x000000001000a880                uxr_create_input_reliable_stream
 .text.uxr_epoch_nanos
                0x000000001000a8b4       0x14 /home/rosdev/ros2_ws/src/libmicroros/libmicroros.a(libmicroxrcedds_client-session.c.obj)
                0x000000001000a8b4                uxr_epoch_nanos
 .text.uxr_flash_output_streams
                0x000000001000a8c8       0xf4 /home/rosdev/ros2_ws/src/libmicroros/libmicroros.a(libmicroxrcedds_client-session.c.obj)
                0x000000001000a8c8                uxr_flash_output_streams
 .text.read_submessage_info
                0x000000001000a9bc       0xa8 /home/rosdev/ros2_ws/src/libmicroros/libmicroros.a(libmicroxrcedds_client-session.c.obj)
                0x000000001000a9bc                read_submessage_info
 .text.read_submessage_list
                0x000000001000aa64      0x3f8 /home/rosdev/ros2_ws/src/libmicroros/libmicroros.a(libmicroxrcedds_client-session.c.obj)
 .text.listen_message_reliably