[0.419s] DEBUG:colcon:Command line arguments: ['/usr/bin/colcon', 'build']
[0.421s] DEBUG:colcon:Parsed command line arguments: Namespace(log_base=None, log_level=None, verb_name='build', build_base='build', install_base='install', merge_install=False, symlink_install=False, test_result_base=None, continue_on_error=False, executor='parallel', parallel_workers=12, event_handlers=None, ignore_user_meta=False, metas=['./colcon.meta'], base_paths=['.'], packages_ignore=None, packages_ignore_regex=None, paths=None, packages_up_to=None, packages_up_to_regex=None, packages_above=None, packages_above_and_dependencies=None, packages_above_depth=None, packages_select_by_dep=None, packages_skip_by_dep=None, packages_skip_up_to=None, packages_select_build_failed=False, packages_skip_build_finished=False, packages_select_test_failures=False, packages_skip_test_passed=False, packages_select=None, packages_skip=None, packages_select_regex=None, packages_skip_regex=None, packages_start=None, packages_end=None, cmake_args=None, cmake_target=None, cmake_target_skip_unavailable=False, cmake_clean_cache=False, cmake_clean_first=False, cmake_force_configure=False, ament_cmake_args=None, catkin_cmake_args=None, catkin_skip_building_tests=False, mixin_files=None, mixin=None, verb_parser=<colcon_mixin.mixin.mixin_argument.MixinArgumentDecorator object at 0x7f82076d6ce0>, verb_extension=<colcon_core.verb.build.BuildVerb object at 0x7f820785bbe0>, main=<bound method BuildVerb.main of <colcon_core.verb.build.BuildVerb object at 0x7f820785bbe0>>, mixin_verb=('build',))
[0.865s] Level 1:colcon.colcon_core.package_discovery:discover_packages(colcon_meta) check parameters
[0.867s] Level 1:colcon.colcon_core.package_discovery:discover_packages(recursive) check parameters
[0.868s] Level 1:colcon.colcon_core.package_discovery:discover_packages(ignore) check parameters
[0.868s] Level 1:colcon.colcon_core.package_discovery:discover_packages(path) check parameters
[0.869s] Level 1:colcon.colcon_core.package_discovery:discover_packages(colcon_meta) discover
[0.870s] Level 1:colcon.colcon_core.package_discovery:discover_packages(recursive) discover
[0.871s] INFO:colcon.colcon_core.package_discovery:Crawling recursively for packages in '/home/rosdev/ros2_ws/src/build'
[0.877s] Level 1:colcon.colcon_core.package_identification:_identify(.) by extensions ['ignore', 'ignore_ament_install']
[0.878s] Level 1:colcon.colcon_core.package_identification:_identify(.) by extension 'ignore'
[0.880s] Level 1:colcon.colcon_core.package_identification:_identify(.) by extension 'ignore_ament_install'
[0.882s] Level 1:colcon.colcon_core.package_identification:_identify(.) by extensions ['colcon_pkg']
[0.883s] Level 1:colcon.colcon_core.package_identification:_identify(.) by extension 'colcon_pkg'
[0.884s] Level 1:colcon.colcon_core.package_identification:_identify(.) by extensions ['colcon_meta']
[0.885s] Level 1:colcon.colcon_core.package_identification:_identify(.) by extension 'colcon_meta'
[0.886s] Level 1:colcon.colcon_core.package_identification:_identify(.) by extensions ['ros']
[0.886s] Level 1:colcon.colcon_core.package_identification:_identify(.) by extension 'ros'
[0.927s] Level 1:colcon.colcon_core.package_identification:_identify(.) by extensions ['cmake', 'python']
[0.929s] Level 1:colcon.colcon_core.package_identification:_identify(.) by extension 'cmake'
[0.931s] Level 1:colcon.colcon_core.package_identification:_identify(.) by extension 'python'
[0.934s] Level 1:colcon.colcon_core.package_identification:_identify(.) by extensions ['python_setup_py']
[0.935s] Level 1:colcon.colcon_core.package_identification:_identify(.) by extension 'python_setup_py'
[0.950s] Level 1:colcon.colcon_core.package_identification:_identify(CMakeFiles) by extensions ['ignore', 'ignore_ament_install']
[0.951s] Level 1:colcon.colcon_core.package_identification:_identify(CMakeFiles) by extension 'ignore'
[0.957s] Level 1:colcon.colcon_core.package_identification:_identify(CMakeFiles) by extension 'ignore_ament_install'
[0.966s] Level 1:colcon.colcon_core.package_identification:_identify(CMakeFiles) by extensions ['colcon_pkg']
[0.967s] Level 1:colcon.colcon_core.package_identification:_identify(CMakeFiles) by extension 'colcon_pkg'
[0.974s] Level 1:colcon.colcon_core.package_identification:_identify(CMakeFiles) by extensions ['colcon_meta']
[0.976s] Level 1:colcon.colcon_core.package_identification:_identify(CMakeFiles) by extension 'colcon_meta'
[0.980s] Level 1:colcon.colcon_core.package_identification:_identify(CMakeFiles) by extensions ['ros']
[0.982s] Level 1:colcon.colcon_core.package_identification:_identify(CMakeFiles) by extension 'ros'
[1.008s] Level 1:colcon.colcon_core.package_identification:_identify(CMakeFiles) by extensions ['cmake', 'python']
[1.009s] Level 1:colcon.colcon_core.package_identification:_identify(CMakeFiles) by extension 'cmake'
[1.016s] Level 1:colcon.colcon_core.package_identification:_identify(CMakeFiles) by extension 'python'
[1.023s] Level 1:colcon.colcon_core.package_identification:_identify(CMakeFiles) by extensions ['python_setup_py']
[1.025s] Level 1:colcon.colcon_core.package_identification:_identify(CMakeFiles) by extension 'python_setup_py'
[1.054s] Level 1:colcon.colcon_core.package_identification:_identify(CMakeFiles/3.22.1) by extensions ['ignore', 'ignore_ament_install']
[1.055s] Level 1:colcon.colcon_core.package_identification:_identify(CMakeFiles/3.22.1) by extension 'ignore'
[1.062s] Level 1:colcon.colcon_core.package_identification:_identify(CMakeFiles/3.22.1) by extension 'ignore_ament_install'
[1.075s] Level 1:colcon.colcon_core.package_identification:_identify(CMakeFiles/3.22.1) by extensions ['colcon_pkg']
[1.077s] Level 1:colcon.colcon_core.package_identification:_identify(CMakeFiles/3.22.1) by extension 'colcon_pkg'
[1.085s] Level 1:colcon.colcon_core.package_identification:_identify(CMakeFiles/3.22.1) by extensions ['colcon_meta']
[1.086s] Level 1:colcon.colcon_core.package_identification:_identify(CMakeFiles/3.22.1) by extension 'colcon_meta'
[1.099s] Level 1:colcon.colcon_core.package_identification:_identify(CMakeFiles/3.22.1) by extensions ['ros']
[1.100s] Level 1:colcon.colcon_core.package_identification:_identify(CMakeFiles/3.22.1) by extension 'ros'
[1.138s] Level 1:colcon.colcon_core.package_identification:_identify(CMakeFiles/3.22.1) by extensions ['cmake', 'python']
[1.140s] Level 1:colcon.colcon_core.package_identification:_identify(CMakeFiles/3.22.1) by extension 'cmake'
[1.148s] Level 1:colcon.colcon_core.package_identification:_identify(CMakeFiles/3.22.1) by extension 'python'
[1.159s] Level 1:colcon.colcon_core.package_identification:_identify(CMakeFiles/3.22.1) by extensions ['python_setup_py']
[1.160s] Level 1:colcon.colcon_core.package_identification:_identify(CMakeFiles/3.22.1) by extension 'python_setup_py'
[1.207s] Level 1:colcon.colcon_core.package_identification:_identify(CMakeFiles/3.22.1/CompilerIdASM) by extensions ['ignore', 'ignore_ament_install']
[1.208s] Level 1:colcon.colcon_core.package_identification:_identify(CMakeFiles/3.22.1/CompilerIdASM) by extension 'ignore'
[1.219s] Level 1:colcon.colcon_core.package_identification:_identify(CMakeFiles/3.22.1/CompilerIdASM) by extension 'ignore_ament_install'
[1.238s] Level 1:colcon.colcon_core.package_identification:_identify(CMakeFiles/3.22.1/CompilerIdASM) by extensions ['colcon_pkg']
[1.240s] Level 1:colcon.colcon_core.package_identification:_identify(CMakeFiles/3.22.1/CompilerIdASM) by extension 'colcon_pkg'
[1.257s] Level 1:colcon.colcon_core.package_identification:_identify(CMakeFiles/3.22.1/CompilerIdASM) by extensions ['colcon_meta']
[1.259s] Level 1:colcon.colcon_core.package_identification:_identify(CMakeFiles/3.22.1/CompilerIdASM) by extension 'colcon_meta'
[1.283s] Level 1:colcon.colcon_core.package_identification:_identify(CMakeFiles/3.22.1/CompilerIdASM) by extensions ['ros']
[1.285s] Level 1:colcon.colcon_core.package_identification:_identify(CMakeFiles/3.22.1/CompilerIdASM) by extension 'ros'
[1.331s] Level 1:colcon.colcon_core.package_identification:_identify(CMakeFiles/3.22.1/CompilerIdASM) by extensions ['cmake', 'python']
[1.332s] Level 1:colcon.colcon_core.package_identification:_identify(CMakeFiles/3.22.1/CompilerIdASM) by extension 'cmake'
[1.345s] Level 1:colcon.colcon_core.package_identification:_identify(CMakeFiles/3.22.1/CompilerIdASM) by extension 'python'
[1.357s] Level 1:colcon.colcon_core.package_identification:_identify(CMakeFiles/3.22.1/CompilerIdASM) by extensions ['python_setup_py']
[1.359s] Level 1:colcon.colcon_core.package_identification:_identify(CMakeFiles/3.22.1/CompilerIdASM) by extension 'python_setup_py'
[1.402s] Level 1:colcon.colcon_core.package_identification:_identify(CMakeFiles/3.22.1/CompilerIdC) by extensions ['ignore', 'ignore_ament_install']
[1.404s] Level 1:colcon.colcon_core.package_identification:_identify(CMakeFiles/3.22.1/CompilerIdC) by extension 'ignore'
[1.414s] Level 1:colcon.colcon_core.package_identification:_identify(CMakeFiles/3.22.1/CompilerIdC) by extension 'ignore_ament_install'
[1.432s] Level 1:colcon.colcon_core.package_identification:_identify(CMakeFiles/3.22.1/CompilerIdC) by extensions ['colcon_pkg']
[1.434s] Level 1:colcon.colcon_core.package_identification:_identify(CMakeFiles/3.22.1/CompilerIdC) by extension 'colcon_pkg'
[1.442s] Level 1:colcon.colcon_core.package_identification:_identify(CMakeFiles/3.22.1/CompilerIdC) by extensions ['colcon_meta']
[1.444s] Level 1:colcon.colcon_core.package_identification:_identify(CMakeFiles/3.22.1/CompilerIdC) by extension 'colcon_meta'
[1.462s] Level 1:colcon.colcon_core.package_identification:_identify(CMakeFiles/3.22.1/CompilerIdC) by extensions ['ros']
[1.463s] Level 1:colcon.colcon_core.package_identification:_identify(CMakeFiles/3.22.1/CompilerIdC) by extension 'ros'
[1.511s] Level 1:colcon.colcon_core.package_identification:_identify(CMakeFiles/3.22.1/CompilerIdC) by extensions ['cmake', 'python']
[1.512s] Level 1:colcon.colcon_core.package_identification:_identify(CMakeFiles/3.22.1/CompilerIdC) by extension 'cmake'
[1.520s] Level 1:colcon.colcon_core.package_identification:_identify(CMakeFiles/3.22.1/CompilerIdC) by extension 'python'
[1.528s] Level 1:colcon.colcon_core.package_identification:_identify(CMakeFiles/3.22.1/CompilerIdC) by extensions ['python_setup_py']
[1.529s] Level 1:colcon.colcon_core.package_identification:_identify(CMakeFiles/3.22.1/CompilerIdC) by extension 'python_setup_py'
[1.574s] Level 1:colcon.colcon_core.package_identification:_identify(CMakeFiles/3.22.1/CompilerIdC/tmp) by extensions ['ignore', 'ignore_ament_install']
[1.575s] Level 1:colcon.colcon_core.package_identification:_identify(CMakeFiles/3.22.1/CompilerIdC/tmp) by extension 'ignore'
[1.586s] Level 1:colcon.colcon_core.package_identification:_identify(CMakeFiles/3.22.1/CompilerIdC/tmp) by extension 'ignore_ament_install'
[1.612s] Level 1:colcon.colcon_core.package_identification:_identify(CMakeFiles/3.22.1/CompilerIdC/tmp) by extensions ['colcon_pkg']
[1.613s] Level 1:colcon.colcon_core.package_identification:_identify(CMakeFiles/3.22.1/CompilerIdC/tmp) by extension 'colcon_pkg'
[1.627s] Level 1:colcon.colcon_core.package_identification:_identify(CMakeFiles/3.22.1/CompilerIdC/tmp) by extensions ['colcon_meta']
[1.628s] Level 1:colcon.colcon_core.package_identification:_identify(CMakeFiles/3.22.1/CompilerIdC/tmp) by extension 'colcon_meta'
[1.672s] Level 1:colcon.colcon_core.package_identification:_identify(CMakeFiles/3.22.1/CompilerIdC/tmp) by extensions ['ros']
[1.673s] Level 1:colcon.colcon_core.package_identification:_identify(CMakeFiles/3.22.1/CompilerIdC/tmp) by extension 'ros'
[1.744s] Level 1:colcon.colcon_core.package_identification:_identify(CMakeFiles/3.22.1/CompilerIdC/tmp) by extensions ['cmake', 'python']
[1.746s] Level 1:colcon.colcon_core.package_identification:_identify(CMakeFiles/3.22.1/CompilerIdC/tmp) by extension 'cmake'
[1.761s] Level 1:colcon.colcon_core.package_identification:_identify(CMakeFiles/3.22.1/CompilerIdC/tmp) by extension 'python'
[1.775s] Level 1:colcon.colcon_core.package_identification:_identify(CMakeFiles/3.22.1/CompilerIdC/tmp) by extensions ['python_setup_py']
[1.776s] Level 1:colcon.colcon_core.package_identification:_identify(CMakeFiles/3.22.1/CompilerIdC/tmp) by extension 'python_setup_py'
[1.832s] Level 1:colcon.colcon_core.package_identification:_identify(CMakeFiles/3.22.1/CompilerIdCXX) by extensions ['ignore', 'ignore_ament_install']
[1.834s] Level 1:colcon.colcon_core.package_identification:_identify(CMakeFiles/3.22.1/CompilerIdCXX) by extension 'ignore'
[1.846s] Level 1:colcon.colcon_core.package_identification:_identify(CMakeFiles/3.22.1/CompilerIdCXX) by extension 'ignore_ament_install'
[1.868s] Level 1:colcon.colcon_core.package_identification:_identify(CMakeFiles/3.22.1/CompilerIdCXX) by extensions ['colcon_pkg']
[1.869s] Level 1:colcon.colcon_core.package_identification:_identify(CMakeFiles/3.22.1/CompilerIdCXX) by extension 'colcon_pkg'
[1.880s] Level 1:colcon.colcon_core.package_identification:_identify(CMakeFiles/3.22.1/CompilerIdCXX) by extensions ['colcon_meta']
[1.881s] Level 1:colcon.colcon_core.package_identification:_identify(CMakeFiles/3.22.1/CompilerIdCXX) by extension 'colcon_meta'
[1.902s] Level 1:colcon.colcon_core.package_identification:_identify(CMakeFiles/3.22.1/CompilerIdCXX) by extensions ['ros']
[1.903s] Level 1:colcon.colcon_core.package_identification:_identify(CMakeFiles/3.22.1/CompilerIdCXX) by extension 'ros'
[1.967s] Level 1:colcon.colcon_core.package_identification:_identify(CMakeFiles/3.22.1/CompilerIdCXX) by extensions ['cmake', 'python']
[1.968s] Level 1:colcon.colcon_core.package_identification:_identify(CMakeFiles/3.22.1/CompilerIdCXX) by extension 'cmake'
[1.979s] Level 1:colcon.colcon_core.package_identification:_identify(CMakeFiles/3.22.1/CompilerIdCXX) by extension 'python'
[1.992s] Level 1:colcon.colcon_core.package_identification:_identify(CMakeFiles/3.22.1/CompilerIdCXX) by extensions ['python_setup_py']
[1.993s] Level 1:colcon.colcon_core.package_identification:_identify(CMakeFiles/3.22.1/CompilerIdCXX) by extension 'python_setup_py'
[2.041s] Level 1:colcon.colcon_core.package_identification:_identify(CMakeFiles/3.22.1/CompilerIdCXX/tmp) by extensions ['ignore', 'ignore_ament_install']
[2.042s] Level 1:colcon.colcon_core.package_identification:_identify(CMakeFiles/3.22.1/CompilerIdCXX/tmp) by extension 'ignore'
[2.052s] Level 1:colcon.colcon_core.package_identification:_identify(CMakeFiles/3.22.1/CompilerIdCXX/tmp) by extension 'ignore_ament_install'
[2.071s] Level 1:colcon.colcon_core.package_identification:_identify(CMakeFiles/3.22.1/CompilerIdCXX/tmp) by extensions ['colcon_pkg']
[2.072s] Level 1:colcon.colcon_core.package_identification:_identify(CMakeFiles/3.22.1/CompilerIdCXX/tmp) by extension 'colcon_pkg'
[2.084s] Level 1:colcon.colcon_core.package_identification:_identify(CMakeFiles/3.22.1/CompilerIdCXX/tmp) by extensions ['colcon_meta']
[2.085s] Level 1:colcon.colcon_core.package_identification:_identify(CMakeFiles/3.22.1/CompilerIdCXX/tmp) by extension 'colcon_meta'
[2.117s] Level 1:colcon.colcon_core.package_identification:_identify(CMakeFiles/3.22.1/CompilerIdCXX/tmp) by extensions ['ros']
[2.119s] Level 1:colcon.colcon_core.package_identification:_identify(CMakeFiles/3.22.1/CompilerIdCXX/tmp) by extension 'ros'
[2.185s] Level 1:colcon.colcon_core.package_identification:_identify(CMakeFiles/3.22.1/CompilerIdCXX/tmp) by extensions ['cmake', 'python']
[2.186s] Level 1:colcon.colcon_core.package_identification:_identify(CMakeFiles/3.22.1/CompilerIdCXX/tmp) by extension 'cmake'
[2.197s] Level 1:colcon.colcon_core.package_identification:_identify(CMakeFiles/3.22.1/CompilerIdCXX/tmp) by extension 'python'
[2.208s] Level 1:colcon.colcon_core.package_identification:_identify(CMakeFiles/3.22.1/CompilerIdCXX/tmp) by extensions ['python_setup_py']
[2.210s] Level 1:colcon.colcon_core.package_identification:_identify(CMakeFiles/3.22.1/CompilerIdCXX/tmp) by extension 'python_setup_py'
[2.256s] Level 1:colcon.colcon_core.package_identification:_identify(CMakeFiles/CMakeTmp) by extensions ['ignore', 'ignore_ament_install']
[2.258s] Level 1:colcon.colcon_core.package_identification:_identify(CMakeFiles/CMakeTmp) by extension 'ignore'
[2.268s] Level 1:colcon.colcon_core.package_identification:_identify(CMakeFiles/CMakeTmp) by extension 'ignore_ament_install'
[2.286s] Level 1:colcon.colcon_core.package_identification:_identify(CMakeFiles/CMakeTmp) by extensions ['colcon_pkg']
[2.287s] Level 1:colcon.colcon_core.package_identification:_identify(CMakeFiles/CMakeTmp) by extension 'colcon_pkg'
[2.296s] Level 1:colcon.colcon_core.package_identification:_identify(CMakeFiles/CMakeTmp) by extensions ['colcon_meta']
[2.298s] Level 1:colcon.colcon_core.package_identification:_identify(CMakeFiles/CMakeTmp) by extension 'colcon_meta'
[2.311s] Level 1:colcon.colcon_core.package_identification:_identify(CMakeFiles/CMakeTmp) by extensions ['ros']
[2.312s] Level 1:colcon.colcon_core.package_identification:_identify(CMakeFiles/CMakeTmp) by extension 'ros'
[2.348s] Level 1:colcon.colcon_core.package_identification:_identify(CMakeFiles/CMakeTmp) by extensions ['cmake', 'python']
[2.350s] Level 1:colcon.colcon_core.package_identification:_identify(CMakeFiles/CMakeTmp) by extension 'cmake'
[2.359s] Level 1:colcon.colcon_core.package_identification:_identify(CMakeFiles/CMakeTmp) by extension 'python'
[2.367s] Level 1:colcon.colcon_core.package_identification:_identify(CMakeFiles/CMakeTmp) by extensions ['python_setup_py']
[2.368s] Level 1:colcon.colcon_core.package_identification:_identify(CMakeFiles/CMakeTmp) by extension 'python_setup_py'
[2.399s] Level 1:colcon.colcon_core.package_identification:_identify(CMakeFiles/Progress) by extensions ['ignore', 'ignore_ament_install']
[2.400s] Level 1:colcon.colcon_core.package_identification:_identify(CMakeFiles/Progress) by extension 'ignore'
[2.408s] Level 1:colcon.colcon_core.package_identification:_identify(CMakeFiles/Progress) by extension 'ignore_ament_install'
[2.421s] Level 1:colcon.colcon_core.package_identification:_identify(CMakeFiles/Progress) by extensions ['colcon_pkg']
[2.422s] Level 1:colcon.colcon_core.package_identification:_identify(CMakeFiles/Progress) by extension 'colcon_pkg'
[2.426s] Level 1:colcon.colcon_core.package_identification:_identify(CMakeFiles/Progress) by extensions ['colcon_meta']
[2.427s] Level 1:colcon.colcon_core.package_identification:_identify(CMakeFiles/Progress) by extension 'colcon_meta'
[2.438s] Level 1:colcon.colcon_core.package_identification:_identify(CMakeFiles/Progress) by extensions ['ros']
[2.439s] Level 1:colcon.colcon_core.package_identification:_identify(CMakeFiles/Progress) by extension 'ros'
[2.472s] Level 1:colcon.colcon_core.package_identification:_identify(CMakeFiles/Progress) by extensions ['cmake', 'python']
[2.473s] Level 1:colcon.colcon_core.package_identification:_identify(CMakeFiles/Progress) by extension 'cmake'
[2.481s] Level 1:colcon.colcon_core.package_identification:_identify(CMakeFiles/Progress) by extension 'python'
[2.491s] Level 1:colcon.colcon_core.package_identification:_identify(CMakeFiles/Progress) by extensions ['python_setup_py']
[2.492s] Level 1:colcon.colcon_core.package_identification:_identify(CMakeFiles/Progress) by extension 'python_setup_py'
[2.527s] Level 1:colcon.colcon_core.package_identification:_identify(CMakeFiles/competition_pico.dir) by extensions ['ignore', 'ignore_ament_install']
[2.528s] Level 1:colcon.colcon_core.package_identification:_identify(CMakeFiles/competition_pico.dir) by extension 'ignore'
[2.536s] Level 1:colcon.colcon_core.package_identification:_identify(CMakeFiles/competition_pico.dir) by extension 'ignore_ament_install'
[2.552s] Level 1:colcon.colcon_core.package_identification:_identify(CMakeFiles/competition_pico.dir) by extensions ['colcon_pkg']
[2.553s] Level 1:colcon.colcon_core.package_identification:_identify(CMakeFiles/competition_pico.dir) by extension 'colcon_pkg'
[2.562s] Level 1:colcon.colcon_core.package_identification:_identify(CMakeFiles/competition_pico.dir) by extensions ['colcon_meta']
[2.563s] Level 1:colcon.colcon_core.package_identification:_identify(CMakeFiles/competition_pico.dir) by extension 'colcon_meta'
[2.574s] Level 1:colcon.colcon_core.package_identification:_identify(CMakeFiles/competition_pico.dir) by extensions ['ros']
[2.575s] Level 1:colcon.colcon_core.package_identification:_identify(CMakeFiles/competition_pico.dir) by extension 'ros'
[2.604s] Level 1:colcon.colcon_core.package_identification:_identify(CMakeFiles/competition_pico.dir) by extensions ['cmake', 'python']
[2.605s] Level 1:colcon.colcon_core.package_identification:_identify(CMakeFiles/competition_pico.dir) by extension 'cmake'
[2.611s] Level 1:colcon.colcon_core.package_identification:_identify(CMakeFiles/competition_pico.dir) by extension 'python'
[2.619s] Level 1:colcon.colcon_core.package_identification:_identify(CMakeFiles/competition_pico.dir) by extensions ['python_setup_py']
[2.621s] Level 1:colcon.colcon_core.package_identification:_identify(CMakeFiles/competition_pico.dir) by extension 'python_setup_py'
[2.681s] Level 1:colcon.colcon_core.package_identification:_identify(CMakeFiles/competition_pico.dir/_deps) by extensions ['ignore', 'ignore_ament_install']
[2.682s] Level 1:colcon.colcon_core.package_identification:_identify(CMakeFiles/competition_pico.dir/_deps) by extension 'ignore'
[2.691s] Level 1:colcon.colcon_core.package_identification:_identify(CMakeFiles/competition_pico.dir/_deps) by extension 'ignore_ament_install'
[2.704s] Level 1:colcon.colcon_core.package_identification:_identify(CMakeFiles/competition_pico.dir/_deps) by extensions ['colcon_pkg']
[2.705s] Level 1:colcon.colcon_core.package_identification:_identify(CMakeFiles/competition_pico.dir/_deps) by extension 'colcon_pkg'
[2.714s] Level 1:colcon.colcon_core.package_identification:_identify(CMakeFiles/competition_pico.dir/_deps) by extensions ['colcon_meta']
[2.716s] Level 1:colcon.colcon_core.package_identification:_identify(CMakeFiles/competition_pico.dir/_deps) by extension 'colcon_meta'
[2.739s] Level 1:colcon.colcon_core.package_identification:_identify(CMakeFiles/competition_pico.dir/_deps) by extensions ['ros']
[2.739s] Level 1:colcon.colcon_core.package_identification:_identify(CMakeFiles/competition_pico.dir/_deps) by extension 'ros'
[2.767s] Level 1:colcon.colcon_core.package_identification:_identify(CMakeFiles/competition_pico.dir/_deps) by extensions ['cmake', 'python']
[2.767s] Level 1:colcon.colcon_core.package_identification:_identify(CMakeFiles/competition_pico.dir/_deps) by extension 'cmake'
[2.772s] Level 1:colcon.colcon_core.package_identification:_identify(CMakeFiles/competition_pico.dir/_deps) by extension 'python'
[2.777s] Level 1:colcon.colcon_core.package_identification:_identify(CMakeFiles/competition_pico.dir/_deps) by extensions ['python_setup_py']
[2.777s] Level 1:colcon.colcon_core.package_identification:_identify(CMakeFiles/competition_pico.dir/_deps) by extension 'python_setup_py'
[2.807s] Level 1:colcon.colcon_core.package_identification:_identify(CMakeFiles/competition_pico.dir/_deps/pico_sdk-src) by extensions ['ignore', 'ignore_ament_install']
[2.808s] Level 1:colcon.colcon_core.package_identification:_identify(CMakeFiles/competition_pico.dir/_deps/pico_sdk-src) by extension 'ignore'
[2.817s] Level 1:colcon.colcon_core.package_identification:_identify(CMakeFiles/competition_pico.dir/_deps/pico_sdk-src) by extension 'ignore_ament_install'
[2.831s] Level 1:colcon.colcon_core.package_identification:_identify(CMakeFiles/competition_pico.dir/_deps/pico_sdk-src) by extensions ['colcon_pkg']
[2.832s] Level 1:colcon.colcon_core.package_identification:_identify(CMakeFiles/competition_pico.dir/_deps/pico_sdk-src) by extension 'colcon_pkg'
[2.838s] Level 1:colcon.colcon_core.package_identification:_identify(CMakeFiles/competition_pico.dir/_deps/pico_sdk-src) by extensions ['colcon_meta']
[2.839s] Level 1:colcon.colcon_core.package_identification:_identify(CMakeFiles/competition_pico.dir/_deps/pico_sdk-src) by extension 'colcon_meta'
[2.857s] Level 1:colcon.colcon_core.package_identification:_identify(CMakeFiles/competition_pico.dir/_deps/pico_sdk-src) by extensions ['ros']
[2.859s] Level 1:colcon.colcon_core.package_identification:_identify(CMakeFiles/competition_pico.dir/_deps/pico_sdk-src) by extension 'ros'
[2.908s] Level 1:colcon.colcon_core.package_identification:_identify(CMakeFiles/competition_pico.dir/_deps/pico_sdk-src) by extensions ['cmake', 'python']
[2.909s] Level 1:colcon.colcon_core.package_identification:_identify(CMakeFiles/competition_pico.dir/_deps/pico_sdk-src) by extension 'cmake'
[2.919s] Level 1:colcon.colcon_core.package_identification:_identify(CMakeFiles/competition_pico.dir/_deps/pico_sdk-src) by extension 'python'
[2.931s] Level 1:colcon.colcon_core.package_identification:_identify(CMakeFiles/competition_pico.dir/_deps/pico_sdk-src) by extensions ['python_setup_py']
[2.933s] Level 1:colcon.colcon_core.package_identification:_identify(CMakeFiles/competition_pico.dir/_deps/pico_sdk-src) by extension 'python_setup_py'
[3.000s] Level 1:colcon.colcon_core.package_identification:_identify(CMakeFiles/competition_pico.dir/_deps/pico_sdk-src/lib) by extensions ['ignore', 'ignore_ament_install']
[3.002s] Level 1:colcon.colcon_core.package_identification:_identify(CMakeFiles/competition_pico.dir/_deps/pico_sdk-src/lib) by extension 'ignore'
[3.011s] Level 1:colcon.colcon_core.package_identification:_identify(CMakeFiles/competition_pico.dir/_deps/pico_sdk-src/lib) by extension 'ignore_ament_install'
[3.028s] Level 1:colcon.colcon_core.package_identification:_identify(CMakeFiles/competition_pico.dir/_deps/pico_sdk-src/lib) by extensions ['colcon_pkg']
[3.029s] Level 1:colcon.colcon_core.package_identification:_identify(CMakeFiles/competition_pico.dir/_deps/pico_sdk-src/lib) by extension 'colcon_pkg'
[3.037s] Level 1:colcon.colcon_core.package_identification:_identify(CMakeFiles/competition_pico.dir/_deps/pico_sdk-src/lib) by extensions ['colcon_meta']
[3.038s] Level 1:colcon.colcon_core.package_identification:_identify(CMakeFiles/competition_pico.dir/_deps/pico_sdk-src/lib) by extension 'colcon_meta'
[3.059s] Level 1:colcon.colcon_core.package_identification:_identify(CMakeFiles/competition_pico.dir/_deps/pico_sdk-src/lib) by extensions ['ros']
[3.060s] Level 1:colcon.colcon_core.package_identification:_identify(CMakeFiles/competition_pico.dir/_deps/pico_sdk-src/lib) by extension 'ros'
[3.098s] Level 1:colcon.colcon_core.package_identification:_identify(CMakeFiles/competition_pico.dir/_deps/pico_sdk-src/lib) by extensions ['cmake', 'python']
[3.098s] Level 1:colcon.colcon_core.package_identification:_identify(CMakeFiles/competition_pico.dir/_deps/pico_sdk-src/lib) by extension 'cmake'
[3.107s] Level 1:colcon.colcon_core.package_identification:_identify(CMakeFiles/competition_pico.dir/_deps/pico_sdk-src/lib) by extension 'python'
[3.116s] Level 1:colcon.colcon_core.package_identification:_identify(CMakeFiles/competition_pico.dir/_deps/pico_sdk-src/lib) by extensions ['python_setup_py']
[3.118s] Level 1:colcon.colcon_core.package_identification:_identify(CMakeFiles/competition_pico.dir/_deps/pico_sdk-src/lib) by extension 'python_setup_py'
[3.206s] Level 1:colcon.colcon_core.package_identification:_identify(CMakeFiles/competition_pico.dir/_deps/pico_sdk-src/lib/tinyusb) by extensions ['ignore', 'ignore_ament_install']
[3.206s] Level 1:colcon.colcon_core.package_identification:_identify(CMakeFiles/competition_pico.dir/_deps/pico_sdk-src/lib/tinyusb) by extension 'ignore'
[3.219s] Level 1:colcon.colcon_core.package_identification:_identify(CMakeFiles/competition_pico.dir/_deps/pico_sdk-src/lib/tinyusb) by extension 'ignore_ament_install'
[3.248s] Level 1:colcon.colcon_core.package_identification:_identify(CMakeFiles/competition_pico.dir/_deps/pico_sdk-src/lib/tinyusb) by extensions ['colcon_pkg']
[3.249s] Level 1:colcon.colcon_core.package_identification:_identify(CMakeFiles/competition_pico.dir/_deps/pico_sdk-src/lib/tinyusb) by extension 'colcon_pkg'
[3.264s] Level 1:colcon.colcon_core.package_identification:_identify(CMakeFiles/competition_pico.dir/_deps/pico_sdk-src/lib/tinyusb) by extensions ['colcon_meta']
[3.265s] Level 1:colcon.colcon_core.package_identification:_identify(CMakeFiles/competition_pico.dir/_deps/pico_sdk-src/lib/tinyusb) by extension 'colcon_meta'
[3.319s] Level 1:colcon.colcon_core.package_identification:_identify(CMakeFiles/competition_pico.dir/_deps/pico_sdk-src/lib/tinyusb) by extensions ['ros']
[3.320s] Level 1:colcon.colcon_core.package_identification:_identify(CMakeFiles/competition_pico.dir/_deps/pico_sdk-src/lib/tinyusb) by extension 'ros'
[3.401s] Level 1:colcon.colcon_core.package_identification:_identify(CMakeFiles/competition_pico.dir/_deps/pico_sdk-src/lib/tinyusb) by extensions ['cmake', 'python']
[3.402s] Level 1:colcon.colcon_core.package_identification:_identify(CMakeFiles/competition_pico.dir/_deps/pico_sdk-src/lib/tinyusb) by extension 'cmake'
[3.419s] Level 1:colcon.colcon_core.package_identification:_identify(CMakeFiles/competition_pico.dir/_deps/pico_sdk-src/lib/tinyusb) by extension 'python'
[3.435s] Level 1:colcon.colcon_core.package_identification:_identify(CMakeFiles/competition_pico.dir/_deps/pico_sdk-src/lib/tinyusb) by extensions ['python_setup_py']
[3.436s] Level 1:colcon.colcon_core.package_identification:_identify(CMakeFiles/competition_pico.dir/_deps/pico_sdk-src/lib/tinyusb) by extension 'python_setup_py'
[3.562s] Level 1:colcon.colcon_core.package_identification:_identify(CMakeFiles/competition_pico.dir/_deps/pico_sdk-src/lib/tinyusb/src) by extensions ['ignore', 'ignore_ament_install']
[3.563s] Level 1:colcon.colcon_core.package_identification:_identify(CMakeFiles/competition_pico.dir/_deps/pico_sdk-src/lib/tinyusb/src) by extension 'ignore'
[3.581s] Level 1:colcon.colcon_core.package_identification:_identify(CMakeFiles/competition_pico.dir/_deps/pico_sdk-src/lib/tinyusb/src) by extension 'ignore_ament_install'
[3.613s] Level 1:colcon.colcon_core.package_identification:_identify(CMakeFiles/competition_pico.dir/_deps/pico_sdk-src/lib/tinyusb/src) by extensions ['colcon_pkg']
[3.615s] Level 1:colcon.colcon_core.package_identification:_identify(CMakeFiles/competition_pico.dir/_deps/pico_sdk-src/lib/tinyusb/src) by extension 'colcon_pkg'
[3.638s] Level 1:colcon.colcon_core.package_identification:_identify(CMakeFiles/competition_pico.dir/_deps/pico_sdk-src/lib/tinyusb/src) by extensions ['colcon_meta']
[3.639s] Level 1:colcon.colcon_core.package_identification:_identify(CMakeFiles/competition_pico.dir/_deps/pico_sdk-src/lib/tinyusb/src) by extension 'colcon_meta'
[3.711s] Level 1:colcon.colcon_core.package_identification:_identify(CMakeFiles/competition_pico.dir/_deps/pico_sdk-src/lib/tinyusb/src) by extensions ['ros']
[3.712s] Level 1:colcon.colcon_core.package_identification:_identify(CMakeFiles/competition_pico.dir/_deps/pico_sdk-src/lib/tinyusb/src) by extension 'ros'
[3.809s] Level 1:colcon.colcon_core.package_identification:_identify(CMakeFiles/competition_pico.dir/_deps/pico_sdk-src/lib/tinyusb/src) by extensions ['cmake', 'python']
[3.810s] Level 1:colcon.colcon_core.package_identification:_identify(CMakeFiles/competition_pico.dir/_deps/pico_sdk-src/lib/tinyusb/src) by extension 'cmake'
[3.833s] Level 1:colcon.colcon_core.package_identification:_identify(CMakeFiles/competition_pico.dir/_deps/pico_sdk-src/lib/tinyusb/src) by extension 'python'
[3.853s] Level 1:colcon.colcon_core.package_identification:_identify(CMakeFiles/competition_pico.dir/_deps/pico_sdk-src/lib/tinyusb/src) by extensions ['python_setup_py']
[3.855s] Level 1:colcon.colcon_core.package_identification:_identify(CMakeFiles/competition_pico.dir/_deps/pico_sdk-src/lib/tinyusb/src) by extension 'python_setup_py'
[4.005s] Level 1:colcon.colcon_core.package_identification:_identify(CMakeFiles/competition_pico.dir/_deps/pico_sdk-src/lib/tinyusb/src/class) by extensions ['ignore', 'ignore_ament_install']
[4.006s] Level 1:colcon.colcon_core.package_identification:_identify(CMakeFiles/competition_pico.dir/_deps/pico_sdk-src/lib/tinyusb/src/class) by extension 'ignore'
[4.029s] Level 1:colcon.colcon_core.package_identification:_identify(CMakeFiles/competition_pico.dir/_deps/pico_sdk-src/lib/tinyusb/src/class) by extension 'ignore_ament_install'
[4.075s] Level 1:colcon.colcon_core.package_identification:_identify(CMakeFiles/competition_pico.dir/_deps/pico_sdk-src/lib/tinyusb/src/class) by extensions ['colcon_pkg']
[4.076s] Level 1:colcon.colcon_core.package_identification:_identify(CMakeFiles/competition_pico.dir/_deps/pico_sdk-src/lib/tinyusb/src/class) by extension 'colcon_pkg'
[4.102s] Level 1:colcon.colcon_core.package_identification:_identify(CMakeFiles/competition_pico.dir/_deps/pico_sdk-src/lib/tinyusb/src/class) by extensions ['colcon_meta']
[4.103s] Level 1:colcon.colcon_core.package_identification:_identify(CMakeFiles/competition_pico.dir/_deps/pico_sdk-src/lib/tinyusb/src/class) by extension 'colcon_meta'
[4.203s] Level 1:colcon.colcon_core.package_identification:_identify(CMakeFiles/competition_pico.dir/_deps/pico_sdk-src/lib/tinyusb/src/class) by extensions ['ros']
[4.204s] Level 1:colcon.colcon_core.package_identification:_identify(CMakeFiles/competition_pico.dir/_deps/pico_sdk-src/lib/tinyusb/src/class) by extension 'ros'
[4.308s] Level 1:colcon.colcon_core.package_identification:_identify(CMakeFiles/competition_pico.dir/_deps/pico_sdk-src/lib/tinyusb/src/class) by extensions ['cmake', 'python']
[4.309s] Level 1:colcon.colcon_core.package_identification:_identify(CMakeFiles/competition_pico.dir/_deps/pico_sdk-src/lib/tinyusb/src/class) by extension 'cmake'
[4.330s] Level 1:colcon.colcon_core.package_identification:_identify(CMakeFiles/competition_pico.dir/_deps/pico_sdk-src/lib/tinyusb/src/class) by extension 'python'
[4.363s] Level 1:colcon.colcon_core.package_identification:_identify(CMakeFiles/competition_pico.dir/_deps/pico_sdk-src/lib/tinyusb/src/class) by extensions ['python_setup_py']
[4.364s] Level 1:colcon.colcon_core.package_identification:_identify(CMakeFiles/competition_pico.dir/_deps/pico_sdk-src/lib/tinyusb/src/class) by extension 'python_setup_py'
[4.551s] Level 1:colcon.colcon_core.package_identification:_identify(CMakeFiles/competition_pico.dir/_deps/pico_sdk-src/lib/tinyusb/src/class/audio) by extensions ['ignore', 'ignore_ament_install']
[4.552s] Level 1:colcon.colcon_core.package_identification:_identify(CMakeFiles/competition_pico.dir/_deps/pico_sdk-src/lib/tinyusb/src/class/audio) by extension 'ignore'
[4.575s] Level 1:colcon.colcon_core.package_identification:_identify(CMakeFiles/competition_pico.dir/_deps/pico_sdk-src/lib/tinyusb/src/class/audio) by extension 'ignore_ament_install'
[4.613s] Level 1:colcon.colcon_core.package_identification:_identify(CMakeFiles/competition_pico.dir/_deps/pico_sdk-src/lib/tinyusb/src/class/audio) by extensions ['colcon_pkg']
[4.614s] Level 1:colcon.colcon_core.package_identification:_identify(CMakeFiles/competition_pico.dir/_deps/pico_sdk-src/lib/tinyusb/src/class/audio) by extension 'colcon_pkg'
[4.632s] Level 1:colcon.colcon_core.package_identification:_identify(CMakeFiles/competition_pico.dir/_deps/pico_sdk-src/lib/tinyusb/src/class/audio) by extensions ['colcon_meta']
[4.633s] Level 1:colcon.colcon_core.package_identification:_identify(CMakeFiles/competition_pico.dir/_deps/pico_sdk-src/lib/tinyusb/src/class/audio) by extension 'colcon_meta'
[4.747s] Level 1:colcon.colcon_core.package_identification:_identify(CMakeFiles/competition_pico.dir/_deps/pico_sdk-src/lib/tinyusb/src/class/audio) by extensions ['ros']
[4.748s] Level 1:colcon.colcon_core.package_identification:_identify(CMakeFiles/competition_pico.dir/_deps/pico_sdk-src/lib/tinyusb/src/class/audio) by extension 'ros'
[4.856s] Level 1:colcon.colcon_core.package_identification:_identify(CMakeFiles/competition_pico.dir/_deps/pico_sdk-src/lib/tinyusb/src/class/audio) by extensions ['cmake', 'python']
[4.857s] Level 1:colcon.colcon_core.package_identification:_identify(CMakeFiles/competition_pico.dir/_deps/pico_sdk-src/lib/tinyusb/src/class/audio) by extension 'cmake'
[4.882s] Level 1:colcon.colcon_core.package_identification:_identify(CMakeFiles/competition_pico.dir/_deps/pico_sdk-src/lib/tinyusb/src/class/audio) by extension 'python'
[4.908s] Level 1:colcon.colcon_core.package_identification:_identify(CMakeFiles/competition_pico.dir/_deps/pico_sdk-src/lib/tinyusb/src/class/audio) by extensions ['python_setup_py']
[4.909s] Level 1:colcon.colcon_core.package_identification:_identify(CMakeFiles/competition_pico.dir/_deps/pico_sdk-src/lib/tinyusb/src/class/audio) by extension 'python_setup_py'
[5.083s] Level 1:colcon.colcon_core.package_identification:_identify(CMakeFiles/competition_pico.dir/_deps/pico_sdk-src/lib/tinyusb/src/class/cdc) by extensions ['ignore', 'ignore_ament_install']
[5.084s] Level 1:colcon.colcon_core.package_identification:_identify(CMakeFiles/competition_pico.dir/_deps/pico_sdk-src/lib/tinyusb/src/class/cdc) by extension 'ignore'
[5.104s] Level 1:colcon.colcon_core.package_identification:_identify(CMakeFiles/competition_pico.dir/_deps/pico_sdk-src/lib/tinyusb/src/class/cdc) by extension 'ignore_ament_install'
[5.147s] Level 1:colcon.colcon_core.package_identification:_identify(CMakeFiles/competition_pico.dir/_deps/pico_sdk-src/lib/tinyusb/src/class/cdc) by extensions ['colcon_pkg']
[5.149s] Level 1:colcon.colcon_core.package_identification:_identify(CMakeFiles/competition_pico.dir/_deps/pico_sdk-src/lib/tinyusb/src/class/cdc) by extension 'colcon_pkg'
[5.175s] Level 1:colcon.colcon_core.package_identification:_identify(CMakeFiles/competition_pico.dir/_deps/pico_sdk-src/lib/tinyusb/src/class/cdc) by extensions ['colcon_meta']
[5.176s] Level 1:colcon.colcon_core.package_identification:_identify(CMakeFiles/competition_pico.dir/_deps/pico_sdk-src/lib/tinyusb/src/class/cdc) by extension 'colcon_meta'
[5.304s] Level 1:colcon.colcon_core.package_identification:_identify(CMakeFiles/competition_pico.dir/_deps/pico_sdk-src/lib/tinyusb/src/class/cdc) by extensions ['ros']
[5.305s] Level 1:colcon.colcon_core.package_identification:_identify(CMakeFiles/competition_pico.dir/_deps/pico_sdk-src/lib/tinyusb/src/class/cdc) by extension 'ros'
[5.449s] Level 1:colcon.colcon_core.package_identification:_identify(CMakeFiles/competition_pico.dir/_deps/pico_sdk-src/lib/tinyusb/src/class/cdc) by extensions ['cmake', 'python']
[5.451s] Level 1:colcon.colcon_core.package_identification:_identify(CMakeFiles/competition_pico.dir/_deps/pico_sdk-src/lib/tinyusb/src/class/cdc) by extension 'cmake'
[5.475s] Level 1:colcon.colcon_core.package_identification:_identify(CMakeFiles/competition_pico.dir/_deps/pico_sdk-src/lib/tinyusb/src/class/cdc) by extension 'python'
[5.503s] Level 1:colcon.colcon_core.package_identification:_identify(CMakeFiles/competition_pico.dir/_deps/pico_sdk-src/lib/tinyusb/src/class/cdc) by extensions ['python_setup_py']
[5.505s] Level 1:colcon.colcon_core.package_identification:_identify(CMakeFiles/competition_pico.dir/_deps/pico_sdk-src/lib/tinyusb/src/class/cdc) by extension 'python_setup_py'
[5.689s] Level 1:colcon.colcon_core.package_identification:_identify(CMakeFiles/competition_pico.dir/_deps/pico_sdk-src/lib/tinyusb/src/class/dfu) by extensions ['ignore', 'ignore_ament_install']
[5.690s] Level 1:colcon.colcon_core.package_identification:_identify(CMakeFiles/competition_pico.dir/_deps/pico_sdk-src/lib/tinyusb/src/class/dfu) by extension 'ignore'
[5.708s] Level 1:colcon.colcon_core.package_identification:_identify(CMakeFiles/competition_pico.dir/_deps/pico_sdk-src/lib/tinyusb/src/class/dfu) by extension 'ignore_ament_install'
[5.748s] Level 1:colcon.colcon_core.package_identification:_identify(CMakeFiles/competition_pico.dir/_deps/pico_sdk-src/lib/tinyusb/src/class/dfu) by extensions ['colcon_pkg']
[5.749s] Level 1:colcon.colcon_core.package_identification:_identify(CMakeFiles/competition_pico.dir/_deps/pico_sdk-src/lib/tinyusb/src/class/dfu) by extension 'colcon_pkg'
[5.770s] Level 1:colcon.colcon_core.package_identification:_identify(CMakeFiles/competition_pico.dir/_deps/pico_sdk-src/lib/tinyusb/src/class/dfu) by extensions ['colcon_meta']
[5.771s] Level 1:colcon.colcon_core.package_identification:_identify(CMakeFiles/competition_pico.dir/_deps/pico_sdk-src/lib/tinyusb/src/class/dfu) by extension 'colcon_meta'
[5.890s] Level 1:colcon.colcon_core.package_identification:_identify(CMakeFiles/competition_pico.dir/_deps/pico_sdk-src/lib/tinyusb/src/class/dfu) by extensions ['ros']
[5.891s] Level 1:colcon.colcon_core.package_identification:_identify(CMakeFiles/competition_pico.dir/_deps/pico_sdk-src/lib/tinyusb/src/class/dfu) by extension 'ros'
[6.027s] Level 1:colcon.colcon_core.package_identification:_identify(CMakeFiles/competition_pico.dir/_deps/pico_sdk-src/lib/tinyusb/src/class/dfu) by extensions ['cmake', 'python']
[6.027s] Level 1:colcon.colcon_core.package_identification:_identify(CMakeFiles/competition_pico.dir/_deps/pico_sdk-src/lib/tinyusb/src/class/dfu) by extension 'cmake'
[6.046s] Level 1:colcon.colcon_core.package_identification:_identify(CMakeFiles/competition_pico.dir/_deps/pico_sdk-src/lib/tinyusb/src/class/dfu) by extension 'python'
[6.062s] Level 1:colcon.colcon_core.package_identification:_identify(CMakeFiles/competition_pico.dir/_deps/pico_sdk-src/lib/tinyusb/src/class/dfu) by extensions ['python_setup_py']
[6.063s] Level 1:colcon.colcon_core.package_identification:_identify(CMakeFiles/competition_pico.dir/_deps/pico_sdk-src/lib/tinyusb/src/class/dfu) by extension 'python_setup_py'
[6.201s] Level 1:colcon.colcon_core.package_identification:_identify(CMakeFiles/competition_pico.dir/_deps/pico_sdk-src/lib/tinyusb/src/class/hid) by extensions ['ignore', 'ignore_ament_install']
[6.202s] Level 1:colcon.colcon_core.package_identification:_identify(CMakeFiles/competition_pico.dir/_deps/pico_sdk-src/lib/tinyusb/src/class/hid) by extension 'ignore'
[6.223s] Level 1:colcon.colcon_core.package_identification:_identify(CMakeFiles/competition_pico.dir/_deps/pico_sdk-src/lib/tinyusb/src/class/hid) by extension 'ignore_ament_install'
[6.260s] Level 1:colcon.colcon_core.package_identification:_identify(CMakeFiles/competition_pico.dir/_deps/pico_sdk-src/lib/tinyusb/src/class/hid) by extensions ['colcon_pkg']
[6.261s] Level 1:colcon.colcon_core.package_identification:_identify(CMakeFiles/competition_pico.dir/_deps/pico_sdk-src/lib/tinyusb/src/class/hid) by extension 'colcon_pkg'
[6.281s] Level 1:colcon.colcon_core.package_identification:_identify(CMakeFiles/competition_pico.dir/_deps/pico_sdk-src/lib/tinyusb/src/class/hid) by extensions ['colcon_meta']
[6.282s] Level 1:colcon.colcon_core.package_identification:_identify(CMakeFiles/competition_pico.dir/_deps/pico_sdk-src/lib/tinyusb/src/class/hid) by extension 'colcon_meta'
[6.381s] Level 1:colcon.colcon_core.package_identification:_identify(CMakeFiles/competition_pico.dir/_deps/pico_sdk-src/lib/tinyusb/src/class/hid) by extensions ['ros']
[6.382s] Level 1:colcon.colcon_core.package_identification:_identify(CMakeFiles/competition_pico.dir/_deps/pico_sdk-src/lib/tinyusb/src/class/hid) by extension 'ros'
[6.468s] Level 1:colcon.colcon_core.package_identification:_identify(CMakeFiles/competition_pico.dir/_deps/pico_sdk-src/lib/tinyusb/src/class/hid) by extensions ['cmake', 'python']
[6.469s] Level 1:colcon.colcon_core.package_identification:_identify(CMakeFiles/competition_pico.dir/_deps/pico_sdk-src/lib/tinyusb/src/class/hid) by extension 'cmake'
[6.487s] Level 1:colcon.colcon_core.package_identification:_identify(CMakeFiles/competition_pico.dir/_deps/pico_sdk-src/lib/tinyusb/src/class/hid) by extension 'python'
[6.507s] Level 1:colcon.colcon_core.package_identification:_identify(CMakeFiles/competition_pico.dir/_deps/pico_sdk-src/lib/tinyusb/src/class/hid) by extensions ['python_setup_py']
[6.508s] Level 1:colcon.colcon_core.package_identification:_identify(CMakeFiles/competition_pico.dir/_deps/pico_sdk-src/lib/tinyusb/src/class/hid) by extension 'python_setup_py'
[6.648s] Level 1:colcon.colcon_core.package_identification:_identify(CMakeFiles/competition_pico.dir/_deps/pico_sdk-src/lib/tinyusb/src/class/midi) by extensions ['ignore', 'ignore_ament_install']
[6.649s] Level 1:colcon.colcon_core.package_identification:_identify(CMakeFiles/competition_pico.dir/_deps/pico_sdk-src/lib/tinyusb/src/class/midi) by extension 'ignore'
[6.669s] Level 1:colcon.colcon_core.package_identification:_identify(CMakeFiles/competition_pico.dir/_deps/pico_sdk-src/lib/tinyusb/src/class/midi) by extension 'ignore_ament_install'
[6.707s] Level 1:colcon.colcon_core.package_identification:_identify(CMakeFiles/competition_pico.dir/_deps/pico_sdk-src/lib/tinyusb/src/class/midi) by extensions ['colcon_pkg']
[6.708s] Level 1:colcon.colcon_core.package_identification:_identify(CMakeFiles/competition_pico.dir/_deps/pico_sdk-src/lib/tinyusb/src/class/midi) by extension 'colcon_pkg'
[6.733s] Level 1:colcon.colcon_core.package_identification:_identify(CMakeFiles/competition_pico.dir/_deps/pico_sdk-src/lib/tinyusb/src/class/midi) by extensions ['colcon_meta']
[6.734s] Level 1:colcon.colcon_core.package_identification:_identify(CMakeFiles/competition_pico.dir/_deps/pico_sdk-src/lib/tinyusb/src/class/midi) by extension 'colcon_meta'
[6.871s] Level 1:colcon.colcon_core.package_identification:_identify(CMakeFiles/competition_pico.dir/_deps/pico_sdk-src/lib/tinyusb/src/class/midi) by extensions ['ros']
[6.872s] Level 1:colcon.colcon_core.package_identification:_identify(CMakeFiles/competition_pico.dir/_deps/pico_sdk-src/lib/tinyusb/src/class/midi) by extension 'ros'
[6.982s] Level 1:colcon.colcon_core.package_identification:_identify(CMakeFiles/competition_pico.dir/_deps/pico_sdk-src/lib/tinyusb/src/class/midi) by extensions ['cmake', 'python']
[6.985s] Level 1:colcon.colcon_core.package_identification:_identify(CMakeFiles/competition_pico.dir/_deps/pico_sdk-src/lib/tinyusb/src/class/midi) by extension 'cmake'
[7.019s] Level 1:colcon.colcon_core.package_identification:_identify(CMakeFiles/competition_pico.dir/_deps/pico_sdk-src/lib/tinyusb/src/class/midi) by extension 'python'
[7.053s] Level 1:colcon.colcon_core.package_identification:_identify(CMakeFiles/competition_pico.dir/_deps/pico_sdk-src/lib/tinyusb/src/class/midi) by extensions ['python_setup_py']
[7.055s] Level 1:colcon.colcon_core.package_identification:_identify(CMakeFiles/competition_pico.dir/_deps/pico_sdk-src/lib/tinyusb/src/class/midi) by extension 'python_setup_py'
[7.228s] Level 1:colcon.colcon_core.package_identification:_identify(CMakeFiles/competition_pico.dir/_deps/pico_sdk-src/lib/tinyusb/src/class/msc) by extensions ['ignore', 'ignore_ament_install']
[7.229s] Level 1:colcon.colcon_core.package_identification:_identify(CMakeFiles/competition_pico.dir/_deps/pico_sdk-src/lib/tinyusb/src/class/msc) by extension 'ignore'
[7.249s] Level 1:colcon.colcon_core.package_identification:_identify(CMakeFiles/competition_pico.dir/_deps/pico_sdk-src/lib/tinyusb/src/class/msc) by extension 'ignore_ament_install'
[7.284s] Level 1:colcon.colcon_core.package_identification:_identify(CMakeFiles/competition_pico.dir/_deps/pico_sdk-src/lib/tinyusb/src/class/msc) by extensions ['colcon_pkg']
[7.285s] Level 1:colcon.colcon_core.package_identification:_identify(CMakeFiles/competition_pico.dir/_deps/pico_sdk-src/lib/tinyusb/src/class/msc) by extension 'colcon_pkg'
[7.303s] Level 1:colcon.colcon_core.package_identification:_identify(CMakeFiles/competition_pico.dir/_deps/pico_sdk-src/lib/tinyusb/src/class/msc) by extensions ['colcon_meta']
[7.304s] Level 1:colcon.colcon_core.package_identification:_identify(CMakeFiles/competition_pico.dir/_deps/pico_sdk-src/lib/tinyusb/src/class/msc) by extension 'colcon_meta'
[7.395s] Level 1:colcon.colcon_core.package_identification:_identify(CMakeFiles/competition_pico.dir/_deps/pico_sdk-src/lib/tinyusb/src/class/msc) by extensions ['ros']
[7.396s] Level 1:colcon.colcon_core.package_identification:_identify(CMakeFiles/competition_pico.dir/_deps/pico_sdk-src/lib/tinyusb/src/class/msc) by extension 'ros'
[7.509s] Level 1:colcon.colcon_core.package_identification:_identify(CMakeFiles/competition_pico.dir/_deps/pico_sdk-src/lib/tinyusb/src/class/msc) by extensions ['cmake', 'python']
[7.510s] Level 1:colcon.colcon_core.package_identification:_identify(CMakeFiles/competition_pico.dir/_deps/pico_sdk-src/lib/tinyusb/src/class/msc) by extension 'cmake'
[7.534s] Level 1:colcon.colcon_core.package_identification:_identify(CMakeFiles/competition_pico.dir/_deps/pico_sdk-src/lib/tinyusb/src/class/msc) by extension 'python'
[7.561s] Level 1:colcon.colcon_core.package_identification:_identify(CMakeFiles/competition_pico.dir/_deps/pico_sdk-src/lib/tinyusb/src/class/msc) by extensions ['python_setup_py']
[7.562s] Level 1:colcon.colcon_core.package_identification:_identify(CMakeFiles/competition_pico.dir/_deps/pico_sdk-src/lib/tinyusb/src/class/msc) by extension 'python_setup_py'
[7.771s] Level 1:colcon.colcon_core.package_identification:_identify(CMakeFiles/competition_pico.dir/_deps/pico_sdk-src/lib/tinyusb/src/class/net) by extensions ['ignore', 'ignore_ament_install']
[7.773s] Level 1:colcon.colcon_core.package_identification:_identify(CMakeFiles/competition_pico.dir/_deps/pico_sdk-src/lib/tinyusb/src/class/net) by extension 'ignore'
[7.800s] Level 1:colcon.colcon_core.package_identification:_identify(CMakeFiles/competition_pico.dir/_deps/pico_sdk-src/lib/tinyusb/src/class/net) by extension 'ignore_ament_install'
[7.854s] Level 1:colcon.colcon_core.package_identification:_identify(CMakeFiles/competition_pico.dir/_deps/pico_sdk-src/lib/tinyusb/src/class/net) by extensions ['colcon_pkg']
[7.856s] Level 1:colcon.colcon_core.package_identification:_identify(CMakeFiles/competition_pico.dir/_deps/pico_sdk-src/lib/tinyusb/src/class/net) by extension 'colcon_pkg'
[7.885s] Level 1:colcon.colcon_core.package_identification:_identify(CMakeFiles/competition_pico.dir/_deps/pico_sdk-src/lib/tinyusb/src/class/net) by extensions ['colcon_meta']
[7.887s] Level 1:colcon.colcon_core.package_identification:_identify(CMakeFiles/competition_pico.dir/_deps/pico_sdk-src/lib/tinyusb/src/class/net) by extension 'colcon_meta'
[8.004s] Level 1:colcon.colcon_core.package_identification:_identify(CMakeFiles/competition_pico.dir/_deps/pico_sdk-src/lib/tinyusb/src/class/net) by extensions ['ros']
[8.005s] Level 1:colcon.colcon_core.package_identification:_identify(CMakeFiles/competition_pico.dir/_deps/pico_sdk-src/lib/tinyusb/src/class/net) by extension 'ros'
[8.152s] Level 1:colcon.colcon_core.package_identification:_identify(CMakeFiles/competition_pico.dir/_deps/pico_sdk-src/lib/tinyusb/src/class/net) by extensions ['cmake', 'python']
[8.153s] Level 1:colcon.colcon_core.package_identification:_identify(CMakeFiles/competition_pico.dir/_deps/pico_sdk-src/lib/tinyusb/src/class/net) by extension 'cmake'
[8.177s] Level 1:colcon.colcon_core.package_identification:_identify(CMakeFiles/competition_pico.dir/_deps/pico_sdk-src/lib/tinyusb/src/class/net) by extension 'python'
[8.198s] Level 1:colcon.colcon_core.package_identification:_identify(CMakeFiles/competition_pico.dir/_deps/pico_sdk-src/lib/tinyusb/src/class/net) by extensions ['python_setup_py']
[8.199s] Level 1:colcon.colcon_core.package_identification:_identify(CMakeFiles/competition_pico.dir/_deps/pico_sdk-src/lib/tinyusb/src/class/net) by extension 'python_setup_py'
[8.355s] Level 1:colcon.colcon_core.package_identification:_identify(CMakeFiles/competition_pico.dir/_deps/pico_sdk-src/lib/tinyusb/src/class/usbtmc) by extensions ['ignore', 'ignore_ament_install']
[8.357s] Level 1:colcon.colcon_core.package_identification:_identify(CMakeFiles/competition_pico.dir/_deps/pico_sdk-src/lib/tinyusb/src/class/usbtmc) by extension 'ignore'
[8.383s] Level 1:colcon.colcon_core.package_identification:_identify(CMakeFiles/competition_pico.dir/_deps/pico_sdk-src/lib/tinyusb/src/class/usbtmc) by extension 'ignore_ament_install'
[8.427s] Level 1:colcon.colcon_core.package_identification:_identify(CMakeFiles/competition_pico.dir/_deps/pico_sdk-src/lib/tinyusb/src/class/usbtmc) by extensions ['colcon_pkg']
[8.428s] Level 1:colcon.colcon_core.package_identification:_identify(CMakeFiles/competition_pico.dir/_deps/pico_sdk-src/lib/tinyusb/src/class/usbtmc) by extension 'colcon_pkg'
[8.451s] Level 1:colcon.colcon_core.package_identification:_identify(CMakeFiles/competition_pico.dir/_deps/pico_sdk-src/lib/tinyusb/src/class/usbtmc) by extensions ['colcon_meta']
[8.452s] Level 1:colcon.colcon_core.package_identification:_identify(CMakeFiles/competition_pico.dir/_deps/pico_sdk-src/lib/tinyusb/src/class/usbtmc) by extension 'colcon_meta'
[8.545s] Level 1:colcon.colcon_core.package_identification:_identify(CMakeFiles/competition_pico.dir/_deps/pico_sdk-src/lib/tinyusb/src/class/usbtmc) by extensions ['ros']
[8.546s] Level 1:colcon.colcon_core.package_identification:_identify(CMakeFiles/competition_pico.dir/_deps/pico_sdk-src/lib/tinyusb/src/class/usbtmc) by extension 'ros'
[8.663s] Level 1:colcon.colcon_core.package_identification:_identify(CMakeFiles/competition_pico.dir/_deps/pico_sdk-src/lib/tinyusb/src/class/usbtmc) by extensions ['cmake', 'python']
[8.664s] Level 1:colcon.colcon_core.package_identification:_identify(CMakeFiles/competition_pico.dir/_deps/pico_sdk-src/lib/tinyusb/src/class/usbtmc) by extension 'cmake'
[8.694s] Level 1:colcon.colcon_core.package_identification:_identify(CMakeFiles/competition_pico.dir/_deps/pico_sdk-src/lib/tinyusb/src/class/usbtmc) by extension 'python'
[8.721s] Level 1:colcon.colcon_core.package_identification:_identify(CMakeFiles/competition_pico.dir/_deps/pico_sdk-src/lib/tinyusb/src/class/usbtmc) by extensions ['python_setup_py']
[8.722s] Level 1:colcon.colcon_core.package_identification:_identify(CMakeFiles/competition_pico.dir/_deps/pico_sdk-src/lib/tinyusb/src/class/usbtmc) by extension 'python_setup_py'
[8.919s] Level 1:colcon.colcon_core.package_identification:_identify(CMakeFiles/competition_pico.dir/_deps/pico_sdk-src/lib/tinyusb/src/class/vendor) by extensions ['ignore', 'ignore_ament_install']
[8.921s] Level 1:colcon.colcon_core.package_identification:_identify(CMakeFiles/competition_pico.dir/_deps/pico_sdk-src/lib/tinyusb/src/class/vendor) by extension 'ignore'
[8.942s] Level 1:colcon.colcon_core.package_identification:_identify(CMakeFiles/competition_pico.dir/_deps/pico_sdk-src/lib/tinyusb/src/class/vendor) by extension 'ignore_ament_install'
[8.977s] Level 1:colcon.colcon_core.package_identification:_identify(CMakeFiles/competition_pico.dir/_deps/pico_sdk-src/lib/tinyusb/src/class/vendor) by extensions ['colcon_pkg']
[8.978s] Level 1:colcon.colcon_core.package_identification:_identify(CMakeFiles/competition_pico.dir/_deps/pico_sdk-src/lib/tinyusb/src/class/vendor) by extension 'colcon_pkg'
[8.995s] Level 1:colcon.colcon_core.package_identification:_identify(CMakeFiles/competition_pico.dir/_deps/pico_sdk-src/lib/tinyusb/src/class/vendor) by extensions ['colcon_meta']
[8.996s] Level 1:colcon.colcon_core.package_identification:_identify(CMakeFiles/competition_pico.dir/_deps/pico_sdk-src/lib/tinyusb/src/class/vendor) by extension 'colcon_meta'
[9.102s] Level 1:colcon.colcon_core.package_identification:_identify(CMakeFiles/competition_pico.dir/_deps/pico_sdk-src/lib/tinyusb/src/class/vendor) by extensions ['ros']
[9.103s] Level 1:colcon.colcon_core.package_identification:_identify(CMakeFiles/competition_pico.dir/_deps/pico_sdk-src/lib/tinyusb/src/class/vendor) by extension 'ros'
[9.192s] Level 1:colcon.colcon_core.package_identification:_identify(CMakeFiles/competition_pico.dir/_deps/pico_sdk-src/lib/tinyusb/src/class/vendor) by extensions ['cmake', 'python']
[9.194s] Level 1:colcon.colcon_core.package_identification:_identify(CMakeFiles/competition_pico.dir/_deps/pico_sdk-src/lib/tinyusb/src/class/vendor) by extension 'cmake'
[9.220s] Level 1:colcon.colcon_core.package_identification:_identify(CMakeFiles/competition_pico.dir/_deps/pico_sdk-src/lib/tinyusb/src/class/vendor) by extension 'python'
[9.249s] Level 1:colcon.colcon_core.package_identification:_identify(CMakeFiles/competition_pico.dir/_deps/pico_sdk-src/lib/tinyusb/src/class/vendor) by extensions ['python_setup_py']
[9.250s] Level 1:colcon.colcon_core.package_identification:_identify(CMakeFiles/competition_pico.dir/_deps/pico_sdk-src/lib/tinyusb/src/class/vendor) by extension 'python_setup_py'
[9.404s] Level 1:colcon.colcon_core.package_identification:_identify(CMakeFiles/competition_pico.dir/_deps/pico_sdk-src/lib/tinyusb/src/class/video) by extensions ['ignore', 'ignore_ament_install']
[9.405s] Level 1:colcon.colcon_core.package_identification:_identify(CMakeFiles/competition_pico.dir/_deps/pico_sdk-src/lib/tinyusb/src/class/video) by extension 'ignore'
[9.428s] Level 1:colcon.colcon_core.package_identification:_identify(CMakeFiles/competition_pico.dir/_deps/pico_sdk-src/lib/tinyusb/src/class/video) by extension 'ignore_ament_install'
[9.469s] Level 1:colcon.colcon_core.package_identification:_identify(CMakeFiles/competition_pico.dir/_deps/pico_sdk-src/lib/tinyusb/src/class/video) by extensions ['colcon_pkg']
[9.470s] Level 1:colcon.colcon_core.package_identification:_identify(CMakeFiles/competition_pico.dir/_deps/pico_sdk-src/lib/tinyusb/src/class/video) by extension 'colcon_pkg'
[9.491s] Level 1:colcon.colcon_core.package_identification:_identify(CMakeFiles/competition_pico.dir/_deps/pico_sdk-src/lib/tinyusb/src/class/video) by extensions ['colcon_meta']
[9.492s] Level 1:colcon.colcon_core.package_identification:_identify(CMakeFiles/competition_pico.dir/_deps/pico_sdk-src/lib/tinyusb/src/class/video) by extension 'colcon_meta'
[9.597s] Level 1:colcon.colcon_core.package_identification:_identify(CMakeFiles/competition_pico.dir/_deps/pico_sdk-src/lib/tinyusb/src/class/video) by extensions ['ros']
[9.598s] Level 1:colcon.colcon_core.package_identification:_identify(CMakeFiles/competition_pico.dir/_deps/pico_sdk-src/lib/tinyusb/src/class/video) by extension 'ros'
[9.688s] Level 1:colcon.colcon_core.package_identification:_identify(CMakeFiles/competition_pico.dir/_deps/pico_sdk-src/lib/tinyusb/src/class/video) by extensions ['cmake', 'python']
[9.689s] Level 1:colcon.colcon_core.package_identification:_identify(CMakeFiles/competition_pico.dir/_deps/pico_sdk-src/lib/tinyusb/src/class/video) by extension 'cmake'
[9.710s] Level 1:colcon.colcon_core.package_identification:_identify(CMakeFiles/competition_pico.dir/_deps/pico_sdk-src/lib/tinyusb/src/class/video) by extension 'python'
[9.728s] Level 1:colcon.colcon_core.package_identification:_identify(CMakeFiles/competition_pico.dir/_deps/pico_sdk-src/lib/tinyusb/src/class/video) by extensions ['python_setup_py']
[9.729s] Level 1:colcon.colcon_core.package_identification:_identify(CMakeFiles/competition_pico.dir/_deps/pico_sdk-src/lib/tinyusb/src/class/video) by extension 'python_setup_py'
[9.860s] Level 1:colcon.colcon_core.package_identification:_identify(CMakeFiles/competition_pico.dir/_deps/pico_sdk-src/lib/tinyusb/src/common) by extensions ['ignore', 'ignore_ament_install']
[9.862s] Level 1:colcon.colcon_core.package_identification:_identify(CMakeFiles/competition_pico.dir/_deps/pico_sdk-src/lib/tinyusb/src/common) by extension 'ignore'
[9.875s] Level 1:colcon.colcon_core.package_identification:_identify(CMakeFiles/competition_pico.dir/_deps/pico_sdk-src/lib/tinyusb/src/common) by extension 'ignore_ament_install'
[9.902s] Level 1:colcon.colcon_core.package_identification:_identify(CMakeFiles/competition_pico.dir/_deps/pico_sdk-src/lib/tinyusb/src/common) by extensions ['colcon_pkg']
[9.903s] Level 1:colcon.colcon_core.package_identification:_identify(CMakeFiles/competition_pico.dir/_deps/pico_sdk-src/lib/tinyusb/src/common) by extension 'colcon_pkg'
[9.921s] Level 1:colcon.colcon_core.package_identification:_identify(CMakeFiles/competition_pico.dir/_deps/pico_sdk-src/lib/tinyusb/src/common) by extensions ['colcon_meta']
[9.921s] Level 1:colcon.colcon_core.package_identification:_identify(CMakeFiles/competition_pico.dir/_deps/pico_sdk-src/lib/tinyusb/src/common) by extension 'colcon_meta'
[9.990s] Level 1:colcon.colcon_core.package_identification:_identify(CMakeFiles/competition_pico.dir/_deps/pico_sdk-src/lib/tinyusb/src/common) by extensions ['ros']
[9.991s] Level 1:colcon.colcon_core.package_identification:_identify(CMakeFiles/competition_pico.dir/_deps/pico_sdk-src/lib/tinyusb/src/common) by extension 'ros'
[10.084s] Level 1:colcon.colcon_core.package_identification:_identify(CMakeFiles/competition_pico.dir/_deps/pico_sdk-src/lib/tinyusb/src/common) by extensions ['cmake', 'python']
[10.085s] Level 1:colcon.colcon_core.package_identification:_identify(CMakeFiles/competition_pico.dir/_deps/pico_sdk-src/lib/tinyusb/src/common) by extension 'cmake'
[10.098s] Level 1:colcon.colcon_core.package_identification:_identify(CMakeFiles/competition_pico.dir/_deps/pico_sdk-src/lib/tinyusb/src/common) by extension 'python'
[10.108s] Level 1:colcon.colcon_core.package_identification:_identify(CMakeFiles/competition_pico.dir/_deps/pico_sdk-src/lib/tinyusb/src/common) by extensions ['python_setup_py']
[10.109s] Level 1:colcon.colcon_core.package_identification:_identify(CMakeFiles/competition_pico.dir/_deps/pico_sdk-src/lib/tinyusb/src/common) by extension 'python_setup_py'
[10.246s] Level 1:colcon.colcon_core.package_identification:_identify(CMakeFiles/competition_pico.dir/_deps/pico_sdk-src/lib/tinyusb/src/device) by extensions ['ignore', 'ignore_ament_install']
[10.247s] Level 1:colcon.colcon_core.package_identification:_identify(CMakeFiles/competition_pico.dir/_deps/pico_sdk-src/lib/tinyusb/src/device) by extension 'ignore'
[10.274s] Level 1:colcon.colcon_core.package_identification:_identify(CMakeFiles/competition_pico.dir/_deps/pico_sdk-src/lib/tinyusb/src/device) by extension 'ignore_ament_install'
[10.317s] Level 1:colcon.colcon_core.package_identification:_identify(CMakeFiles/competition_pico.dir/_deps/pico_sdk-src/lib/tinyusb/src/device) by extensions ['colcon_pkg']
[10.319s] Level 1:colcon.colcon_core.package_identification:_identify(CMakeFiles/competition_pico.dir/_deps/pico_sdk-src/lib/tinyusb/src/device) by extension 'colcon_pkg'
[10.333s] Level 1:colcon.colcon_core.package_identification:_identify(CMakeFiles/competition_pico.dir/_deps/pico_sdk-src/lib/tinyusb/src/device) by extensions ['colcon_meta']
[10.334s] Level 1:colcon.colcon_core.package_identification:_identify(CMakeFiles/competition_pico.dir/_deps/pico_sdk-src/lib/tinyusb/src/device) by extension 'colcon_meta'
[10.420s] Level 1:colcon.colcon_core.package_identification:_identify(CMakeFiles/competition_pico.dir/_deps/pico_sdk-src/lib/tinyusb/src/device) by extensions ['ros']
[10.421s] Level 1:colcon.colcon_core.package_identification:_identify(CMakeFiles/competition_pico.dir/_deps/pico_sdk-src/lib/tinyusb/src/device) by extension 'ros'
[10.523s] Level 1:colcon.colcon_core.package_identification:_identify(CMakeFiles/competition_pico.dir/_deps/pico_sdk-src/lib/tinyusb/src/device) by extensions ['cmake', 'python']
[10.524s] Level 1:colcon.colcon_core.package_identification:_identify(CMakeFiles/competition_pico.dir/_deps/pico_sdk-src/lib/tinyusb/src/device) by extension 'cmake'
[10.546s] Level 1:colcon.colcon_core.package_identification:_identify(CMakeFiles/competition_pico.dir/_deps/pico_sdk-src/lib/tinyusb/src/device) by extension 'python'
[10.565s] Level 1:colcon.colcon_core.package_identification:_identify(CMakeFiles/competition_pico.dir/_deps/pico_sdk-src/lib/tinyusb/src/device) by extensions ['python_setup_py']
[10.565s] Level 1:colcon.colcon_core.package_identification:_identify(CMakeFiles/competition_pico.dir/_deps/pico_sdk-src/lib/tinyusb/src/device) by extension 'python_setup_py'
[10.692s] Level 1:colcon.colcon_core.package_identification:_identify(CMakeFiles/competition_pico.dir/_deps/pico_sdk-src/lib/tinyusb/src/portable) by extensions ['ignore', 'ignore_ament_install']
[10.694s] Level 1:colcon.colcon_core.package_identification:_identify(CMakeFiles/competition_pico.dir/_deps/pico_sdk-src/lib/tinyusb/src/portable) by extension 'ignore'
[10.711s] Level 1:colcon.colcon_core.package_identification:_identify(CMakeFiles/competition_pico.dir/_deps/pico_sdk-src/lib/tinyusb/src/portable) by extension 'ignore_ament_install'
[10.744s] Level 1:colcon.colcon_core.package_identification:_identify(CMakeFiles/competition_pico.dir/_deps/pico_sdk-src/lib/tinyusb/src/portable) by extensions ['colcon_pkg']
[10.745s] Level 1:colcon.colcon_core.package_identification:_identify(CMakeFiles/competition_pico.dir/_deps/pico_sdk-src/lib/tinyusb/src/portable) by extension 'colcon_pkg'
[10.762s] Level 1:colcon.colcon_core.package_identification:_identify(CMakeFiles/competition_pico.dir/_deps/pico_sdk-src/lib/tinyusb/src/portable) by extensions ['colcon_meta']
[10.763s] Level 1:colcon.colcon_core.package_identification:_identify(CMakeFiles/competition_pico.dir/_deps/pico_sdk-src/lib/tinyusb/src/portable) by extension 'colcon_meta'
[10.855s] Level 1:colcon.colcon_core.package_identification:_identify(CMakeFiles/competition_pico.dir/_deps/pico_sdk-src/lib/tinyusb/src/portable) by extensions ['ros']
[10.856s] Level 1:colcon.colcon_core.package_identification:_identify(CMakeFiles/competition_pico.dir/_deps/pico_sdk-src/lib/tinyusb/src/portable) by extension 'ros'
[10.978s] Level 1:colcon.colcon_core.package_identification:_identify(CMakeFiles/competition_pico.dir/_deps/pico_sdk-src/lib/tinyusb/src/portable) by extensions ['cmake', 'python']
[10.979s] Level 1:colcon.colcon_core.package_identification:_identify(CMakeFiles/competition_pico.dir/_deps/pico_sdk-src/lib/tinyusb/src/portable) by extension 'cmake'
[11.003s] Level 1:colcon.colcon_core.package_identification:_identify(CMakeFiles/competition_pico.dir/_deps/pico_sdk-src/lib/tinyusb/src/portable) by extension 'python'
[11.031s] Level 1:colcon.colcon_core.package_identification:_identify(CMakeFiles/competition_pico.dir/_deps/pico_sdk-src/lib/tinyusb/src/portable) by extensions ['python_setup_py']
[11.032s] Level 1:colcon.colcon_core.package_identification:_identify(CMakeFiles/competition_pico.dir/_deps/pico_sdk-src/lib/tinyusb/src/portable) by extension 'python_setup_py'
[11.229s] Level 1:colcon.colcon_core.package_identification:_identify(CMakeFiles/competition_pico.dir/_deps/pico_sdk-src/lib/tinyusb/src/portable/raspberrypi) by extensions ['ignore', 'ignore_ament_install']
[11.230s] Level 1:colcon.colcon_core.package_identification:_identify(CMakeFiles/competition_pico.dir/_deps/pico_sdk-src/lib/tinyusb/src/portable/raspberrypi) by extension 'ignore'
[11.270s] Level 1:colcon.colcon_core.package_identification:_identify(CMakeFiles/competition_pico.dir/_deps/pico_sdk-src/lib/tinyusb/src/portable/raspberrypi) by extension 'ignore_ament_install'
[11.328s] Level 1:colcon.colcon_core.package_identification:_identify(CMakeFiles/competition_pico.dir/_deps/pico_sdk-src/lib/tinyusb/src/portable/raspberrypi) by extensions ['colcon_pkg']
[11.329s] Level 1:colcon.colcon_core.package_identification:_identify(CMakeFiles/competition_pico.dir/_deps/pico_sdk-src/lib/tinyusb/src/portable/raspberrypi) by extension 'colcon_pkg'
[11.357s] Level 1:colcon.colcon_core.package_identification:_identify(CMakeFiles/competition_pico.dir/_deps/pico_sdk-src/lib/tinyusb/src/portable/raspberrypi) by extensions ['colcon_meta']
[11.358s] Level 1:colcon.colcon_core.package_identification:_identify(CMakeFiles/competition_pico.dir/_deps/pico_sdk-src/lib/tinyusb/src/portable/raspberrypi) by extension 'colcon_meta'
[11.477s] Level 1:colcon.colcon_core.package_identification:_identify(CMakeFiles/competition_pico.dir/_deps/pico_sdk-src/lib/tinyusb/src/portable/raspberrypi) by extensions ['ros']
[11.478s] Level 1:colcon.colcon_core.package_identification:_identify(CMakeFiles/competition_pico.dir/_deps/pico_sdk-src/lib/tinyusb/src/portable/raspberrypi) by extension 'ros'
[11.594s] Level 1:colcon.colcon_core.package_identification:_identify(CMakeFiles/competition_pico.dir/_deps/pico_sdk-src/lib/tinyusb/src/portable/raspberrypi) by extensions ['cmake', 'python']
[11.595s] Level 1:colcon.colcon_core.package_identification:_identify(CMakeFiles/competition_pico.dir/_deps/pico_sdk-src/lib/tinyusb/src/portable/raspberrypi) by extension 'cmake'
[11.620s] Level 1:colcon.colcon_core.package_identification:_identify(CMakeFiles/competition_pico.dir/_deps/pico_sdk-src/lib/tinyusb/src/portable/raspberrypi) by extension 'python'
[11.646s] Level 1:colcon.colcon_core.package_identification:_identify(CMakeFiles/competition_pico.dir/_deps/pico_sdk-src/lib/tinyusb/src/portable/raspberrypi) by extensions ['python_setup_py']
[11.648s] Level 1:colcon.colcon_core.package_identification:_identify(CMakeFiles/competition_pico.dir/_deps/pico_sdk-src/lib/tinyusb/src/portable/raspberrypi) by extension 'python_setup_py'
[11.838s] Level 1:colcon.colcon_core.package_identification:_identify(CMakeFiles/competition_pico.dir/_deps/pico_sdk-src/lib/tinyusb/src/portable/raspberrypi/rp2040) by extensions ['ignore', 'ignore_ament_install']
[11.840s] Level 1:colcon.colcon_core.package_identification:_identify(CMakeFiles/competition_pico.dir/_deps/pico_sdk-src/lib/tinyusb/src/portable/raspberrypi/rp2040) by extension 'ignore'
[11.864s] Level 1:colcon.colcon_core.package_identification:_identify(CMakeFiles/competition_pico.dir/_deps/pico_sdk-src/lib/tinyusb/src/portable/raspberrypi/rp2040) by extension 'ignore_ament_install'
[11.911s] Level 1:colcon.colcon_core.package_identification:_identify(CMakeFiles/competition_pico.dir/_deps/pico_sdk-src/lib/tinyusb/src/portable/raspberrypi/rp2040) by extensions ['colcon_pkg']
[11.912s] Level 1:colcon.colcon_core.package_identification:_identify(CMakeFiles/competition_pico.dir/_deps/pico_sdk-src/lib/tinyusb/src/portable/raspberrypi/rp2040) by extension 'colcon_pkg'
[11.942s] Level 1:colcon.colcon_core.package_identification:_identify(CMakeFiles/competition_pico.dir/_deps/pico_sdk-src/lib/tinyusb/src/portable/raspberrypi/rp2040) by extensions ['colcon_meta']
[11.944s] Level 1:colcon.colcon_core.package_identification:_identify(CMakeFiles/competition_pico.dir/_deps/pico_sdk-src/lib/tinyusb/src/portable/raspberrypi/rp2040) by extension 'colcon_meta'
[12.080s] Level 1:colcon.colcon_core.package_identification:_identify(CMakeFiles/competition_pico.dir/_deps/pico_sdk-src/lib/tinyusb/src/portable/raspberrypi/rp2040) by extensions ['ros']
[12.081s] Level 1:colcon.colcon_core.package_identification:_identify(CMakeFiles/competition_pico.dir/_deps/pico_sdk-src/lib/tinyusb/src/portable/raspberrypi/rp2040) by extension 'ros'
[12.167s] Level 1:colcon.colcon_core.package_identification:_identify(CMakeFiles/competition_pico.dir/_deps/pico_sdk-src/lib/tinyusb/src/portable/raspberrypi/rp2040) by extensions ['cmake', 'python']
[12.168s] Level 1:colcon.colcon_core.package_identification:_identify(CMakeFiles/competition_pico.dir/_deps/pico_sdk-src/lib/tinyusb/src/portable/raspberrypi/rp2040) by extension 'cmake'
[12.192s] Level 1:colcon.colcon_core.package_identification:_identify(CMakeFiles/competition_pico.dir/_deps/pico_sdk-src/lib/tinyusb/src/portable/raspberrypi/rp2040) by extension 'python'
[12.216s] Level 1:colcon.colcon_core.package_identification:_identify(CMakeFiles/competition_pico.dir/_deps/pico_sdk-src/lib/tinyusb/src/portable/raspberrypi/rp2040) by extensions ['python_setup_py']
[12.217s] Level 1:colcon.colcon_core.package_identification:_identify(CMakeFiles/competition_pico.dir/_deps/pico_sdk-src/lib/tinyusb/src/portable/raspberrypi/rp2040) by extension 'python_setup_py'
[12.303s] Level 1:colcon.colcon_core.package_identification:_identify(CMakeFiles/competition_pico.dir/_deps/pico_sdk-src/src) by extensions ['ignore', 'ignore_ament_install']
[12.304s] Level 1:colcon.colcon_core.package_identification:_identify(CMakeFiles/competition_pico.dir/_deps/pico_sdk-src/src) by extension 'ignore'
[12.318s] Level 1:colcon.colcon_core.package_identification:_identify(CMakeFiles/competition_pico.dir/_deps/pico_sdk-src/src) by extension 'ignore_ament_install'
[12.337s] Level 1:colcon.colcon_core.package_identification:_identify(CMakeFiles/competition_pico.dir/_deps/pico_sdk-src/src) by extensions ['colcon_pkg']
[12.338s] Level 1:colcon.colcon_core.package_identification:_identify(CMakeFiles/competition_pico.dir/_deps/pico_sdk-src/src) by extension 'colcon_pkg'
[12.350s] Level 1:colcon.colcon_core.package_identification:_identify(CMakeFiles/competition_pico.dir/_deps/pico_sdk-src/src) by extensions ['colcon_meta']
[12.351s] Level 1:colcon.colcon_core.package_identification:_identify(CMakeFiles/competition_pico.dir/_deps/pico_sdk-src/src) by extension 'colcon_meta'
[12.388s] Level 1:colcon.colcon_core.package_identification:_identify(CMakeFiles/competition_pico.dir/_deps/pico_sdk-src/src) by extensions ['ros']
[12.389s] Level 1:colcon.colcon_core.package_identification:_identify(CMakeFiles/competition_pico.dir/_deps/pico_sdk-src/src) by extension 'ros'
[12.450s] Level 1:colcon.colcon_core.package_identification:_identify(CMakeFiles/competition_pico.dir/_deps/pico_sdk-src/src) by extensions ['cmake', 'python']
[12.451s] Level 1:colcon.colcon_core.package_identification:_identify(CMakeFiles/competition_pico.dir/_deps/pico_sdk-src/src) by extension 'cmake'
[12.463s] Level 1:colcon.colcon_core.package_identification:_identify(CMakeFiles/competition_pico.dir/_deps/pico_sdk-src/src) by extension 'python'
[12.479s] Level 1:colcon.colcon_core.package_identification:_identify(CMakeFiles/competition_pico.dir/_deps/pico_sdk-src/src) by extensions ['python_setup_py']
[12.480s] Level 1:colcon.colcon_core.package_identification:_identify(CMakeFiles/competition_pico.dir/_deps/pico_sdk-src/src) by extension 'python_setup_py'
[12.574s] Level 1:colcon.colcon_core.package_identification:_identify(CMakeFiles/competition_pico.dir/_deps/pico_sdk-src/src/common) by extensions ['ignore', 'ignore_ament_install']
[12.575s] Level 1:colcon.colcon_core.package_identification:_identify(CMakeFiles/competition_pico.dir/_deps/pico_sdk-src/src/common) by extension 'ignore'
[12.587s] Level 1:colcon.colcon_core.package_identification:_identify(CMakeFiles/competition_pico.dir/_deps/pico_sdk-src/src/common) by extension 'ignore_ament_install'
[12.618s] Level 1:colcon.colcon_core.package_identification:_identify(CMakeFiles/competition_pico.dir/_deps/pico_sdk-src/src/common) by extensions ['colcon_pkg']
[12.619s] Level 1:colcon.colcon_core.package_identification:_identify(CMakeFiles/competition_pico.dir/_deps/pico_sdk-src/src/common) by extension 'colcon_pkg'
[12.637s] Level 1:colcon.colcon_core.package_identification:_identify(CMakeFiles/competition_pico.dir/_deps/pico_sdk-src/src/common) by extensions ['colcon_meta']
[12.638s] Level 1:colcon.colcon_core.package_identification:_identify(CMakeFiles/competition_pico.dir/_deps/pico_sdk-src/src/common) by extension 'colcon_meta'
[12.710s] Level 1:colcon.colcon_core.package_identification:_identify(CMakeFiles/competition_pico.dir/_deps/pico_sdk-src/src/common) by extensions ['ros']
[12.711s] Level 1:colcon.colcon_core.package_identification:_identify(CMakeFiles/competition_pico.dir/_deps/pico_sdk-src/src/common) by extension 'ros'
[12.793s] Level 1:colcon.colcon_core.package_identification:_identify(CMakeFiles/competition_pico.dir/_deps/pico_sdk-src/src/common) by extensions ['cmake', 'python']
[12.793s] Level 1:colcon.colcon_core.package_identification:_identify(CMakeFiles/competition_pico.dir/_deps/pico_sdk-src/src/common) by extension 'cmake'
[12.803s] Level 1:colcon.colcon_core.package_identification:_identify(CMakeFiles/competition_pico.dir/_deps/pico_sdk-src/src/common) by extension 'python'
[12.815s] Level 1:colcon.colcon_core.package_identification:_identify(CMakeFiles/competition_pico.dir/_deps/pico_sdk-src/src/common) by extensions ['python_setup_py']
[12.816s] Level 1:colcon.colcon_core.package_identification:_identify(CMakeFiles/competition_pico.dir/_deps/pico_sdk-src/src/common) by extension 'python_setup_py'
[12.875s] Level 1:colcon.colcon_core.package_identification:_identify(CMakeFiles/competition_pico.dir/_deps/pico_sdk-src/src/common/hardware_claim) by extensions ['ignore', 'ignore_ament_install']
[12.876s] Level 1:colcon.colcon_core.package_identification:_identify(CMakeFiles/competition_pico.dir/_deps/pico_sdk-src/src/common/hardware_claim) by extension 'ignore'
[12.887s] Level 1:colcon.colcon_core.package_identification:_identify(CMakeFiles/competition_pico.dir/_deps/pico_sdk-src/src/common/hardware_claim) by extension 'ignore_ament_install'
[12.919s] Level 1:colcon.colcon_core.package_identification:_identify(CMakeFiles/competition_pico.dir/_deps/pico_sdk-src/src/common/hardware_claim) by extensions ['colcon_pkg']
[12.920s] Level 1:colcon.colcon_core.package_identification:_identify(CMakeFiles/competition_pico.dir/_deps/pico_sdk-src/src/common/hardware_claim) by extension 'colcon_pkg'
[12.936s] Level 1:colcon.colcon_core.package_identification:_identify(CMakeFiles/competition_pico.dir/_deps/pico_sdk-src/src/common/hardware_claim) by extensions ['colcon_meta']
[12.937s] Level 1:colcon.colcon_core.package_identification:_identify(CMakeFiles/competition_pico.dir/_deps/pico_sdk-src/src/common/hardware_claim) by extension 'colcon_meta'
[13.012s] Level 1:colcon.colcon_core.package_identification:_identify(CMakeFiles/competition_pico.dir/_deps/pico_sdk-src/src/common/hardware_claim) by extensions ['ros']
[13.013s] Level 1:colcon.colcon_core.package_identification:_identify(CMakeFiles/competition_pico.dir/_deps/pico_sdk-src/src/common/hardware_claim) by extension 'ros'
[13.099s] Level 1:colcon.colcon_core.package_identification:_identify(CMakeFiles/competition_pico.dir/_deps/pico_sdk-src/src/common/hardware_claim) by extensions ['cmake', 'python']
[13.100s] Level 1:colcon.colcon_core.package_identification:_identify(CMakeFiles/competition_pico.dir/_deps/pico_sdk-src/src/common/hardware_claim) by extension 'cmake'
[13.119s] Level 1:colcon.colcon_core.package_identification:_identify(CMakeFiles/competition_pico.dir/_deps/pico_sdk-src/src/common/hardware_claim) by extension 'python'
[13.133s] Level 1:colcon.colcon_core.package_identification:_identify(CMakeFiles/competition_pico.dir/_deps/pico_sdk-src/src/common/hardware_claim) by extensions ['python_setup_py']
[13.134s] Level 1:colcon.colcon_core.package_identification:_identify(CMakeFiles/competition_pico.dir/_deps/pico_sdk-src/src/common/hardware_claim) by extension 'python_setup_py'
[13.222s] Level 1:colcon.colcon_core.package_identification:_identify(CMakeFiles/competition_pico.dir/_deps/pico_sdk-src/src/common/pico_sync) by extensions ['ignore', 'ignore_ament_install']
[13.224s] Level 1:colcon.colcon_core.package_identification:_identify(CMakeFiles/competition_pico.dir/_deps/pico_sdk-src/src/common/pico_sync) by extension 'ignore'
[13.251s] Level 1:colcon.colcon_core.package_identification:_identify(CMakeFiles/competition_pico.dir/_deps/pico_sdk-src/src/common/pico_sync) by extension 'ignore_ament_install'
[13.278s] Level 1:colcon.colcon_core.package_identification:_identify(CMakeFiles/competition_pico.dir/_deps/pico_sdk-src/src/common/pico_sync) by extensions ['colcon_pkg']
[13.279s] Level 1:colcon.colcon_core.package_identification:_identify(CMakeFiles/competition_pico.dir/_deps/pico_sdk-src/src/common/pico_sync) by extension 'colcon_pkg'
[13.295s] Level 1:colcon.colcon_core.package_identification:_identify(CMakeFiles/competition_pico.dir/_deps/pico_sdk-src/src/common/pico_sync) by extensions ['colcon_meta']
[13.296s] Level 1:colcon.colcon_core.package_identification:_identify(CMakeFiles/competition_pico.dir/_deps/pico_sdk-src/src/common/pico_sync) by extension 'colcon_meta'
[13.351s] Level 1:colcon.colcon_core.package_identification:_identify(CMakeFiles/competition_pico.dir/_deps/pico_sdk-src/src/common/pico_sync) by extensions ['ros']
[13.352s] Level 1:colcon.colcon_core.package_identification:_identify(CMakeFiles/competition_pico.dir/_deps/pico_sdk-src/src/common/pico_sync) by extension 'ros'
[13.451s] Level 1:colcon.colcon_core.package_identification:_identify(CMakeFiles/competition_pico.dir/_deps/pico_sdk-src/src/common/pico_sync) by extensions ['cmake', 'python']
[13.452s] Level 1:colcon.colcon_core.package_identification:_identify(CMakeFiles/competition_pico.dir/_deps/pico_sdk-src/src/common/pico_sync) by extension 'cmake'
[13.468s] Level 1:colcon.colcon_core.package_identification:_identify(CMakeFiles/competition_pico.dir/_deps/pico_sdk-src/src/common/pico_sync) by extension 'python'
[13.482s] Level 1:colcon.colcon_core.package_identification:_identify(CMakeFiles/competition_pico.dir/_deps/pico_sdk-src/src/common/pico_sync) by extensions ['python_setup_py']
[13.484s] Level 1:colcon.colcon_core.package_identification:_identify(CMakeFiles/competition_pico.dir/_deps/pico_sdk-src/src/common/pico_sync) by extension 'python_setup_py'
[13.596s] Level 1:colcon.colcon_core.package_identification:_identify(CMakeFiles/competition_pico.dir/_deps/pico_sdk-src/src/common/pico_time) by extensions ['ignore', 'ignore_ament_install']
[13.597s] Level 1:colcon.colcon_core.package_identification:_identify(CMakeFiles/competition_pico.dir/_deps/pico_sdk-src/src/common/pico_time) by extension 'ignore'
[13.615s] Level 1:colcon.colcon_core.package_identification:_identify(CMakeFiles/competition_pico.dir/_deps/pico_sdk-src/src/common/pico_time) by extension 'ignore_ament_install'
[13.651s] Level 1:colcon.colcon_core.package_identification:_identify(CMakeFiles/competition_pico.dir/_deps/pico_sdk-src/src/common/pico_time) by extensions ['colcon_pkg']
[13.652s] Level 1:colcon.colcon_core.package_identification:_identify(CMakeFiles/competition_pico.dir/_deps/pico_sdk-src/src/common/pico_time) by extension 'colcon_pkg'
[13.673s] Level 1:colcon.colcon_core.package_identification:_identify(CMakeFiles/competition_pico.dir/_deps/pico_sdk-src/src/common/pico_time) by extensions ['colcon_meta']
[13.675s] Level 1:colcon.colcon_core.package_identification:_identify(CMakeFiles/competition_pico.dir/_deps/pico_sdk-src/src/common/pico_time) by extension 'colcon_meta'
[13.754s] Level 1:colcon.colcon_core.package_identification:_identify(CMakeFiles/competition_pico.dir/_deps/pico_sdk-src/src/common/pico_time) by extensions ['ros']
[13.755s] Level 1:colcon.colcon_core.package_identification:_identify(CMakeFiles/competition_pico.dir/_deps/pico_sdk-src/src/common/pico_time) by extension 'ros'
